../LWIP/Target/ethernetif.c:193:6:HAL_ETH_RxCpltCallback	16	static
../LWIP/Target/ethernetif.c:202:6:HAL_ETH_TxCpltCallback	16	static
../LWIP/Target/ethernetif.c:211:6:HAL_ETH_ErrorCallback	16	static
../LWIP/Target/ethernetif.c:233:13:low_level_init	176	static
../LWIP/Target/ethernetif.c:401:14:low_level_output	80	static
../LWIP/Target/ethernetif.c:456:22:low_level_input	24	static
../LWIP/Target/ethernetif.c:477:6:ethernetif_input	24	static
../LWIP/Target/ethernetif.c:534:7:ethernetif_init	16	static
../LWIP/Target/ethernetif.c:585:6:pbuf_free_custom	24	static
../LWIP/Target/ethernetif.c:608:7:sys_now	8	static
../LWIP/Target/ethernetif.c:615:6:HAL_ETH_MspInit	64	static
../LWIP/Target/ethernetif.c:680:6:HAL_ETH_MspDeInit	16	static
../LWIP/Target/ethernetif.c:728:9:ETH_PHY_IO_Init	8	static
../LWIP/Target/ethernetif.c:745:9:ETH_PHY_IO_DeInit	4	static
../LWIP/Target/ethernetif.c:757:9:ETH_PHY_IO_ReadReg	24	static
../LWIP/Target/ethernetif.c:774:9:ETH_PHY_IO_WriteReg	24	static
../LWIP/Target/ethernetif.c:788:9:ETH_PHY_IO_GetTick	8	static
../LWIP/Target/ethernetif.c:798:6:ethernet_link_thread	136	static
../LWIP/Target/ethernetif.c:881:6:HAL_ETH_RxAllocateCallback	32	static
../LWIP/Target/ethernetif.c:904:6:HAL_ETH_RxLinkCallback	56	static,ignoring_inline_asm
../LWIP/Target/ethernetif.c:944:6:HAL_ETH_TxFreeCallback	16	static
../LWIP/Target/ethernetif.c:959:6:sys_lock_tcpip_core	8	static
../LWIP/Target/ethernetif.c:964:6:sys_unlock_tcpip_core	8	static
../LWIP/Target/ethernetif.c:969:6:sys_check_core_locking	16	static,ignoring_inline_asm
../LWIP/Target/ethernetif.c:990:6:sys_mark_tcpip_thread	8	static
