Archive member included to satisfy reference by file (symbol)

/usr/lib/gcc/arm-none-eabi/9.2.1/thumb/v7e-m+fp/hard/libgcc.a(_aeabi_uldivmod.o)
                              CMakeFiles/aaaaaaa.elf.dir/Drivers/STM32H7xx_HAL_Driver/Src/stm32h7xx_hal_uart.c.obj (__aeabi_uldivmod)
/usr/lib/gcc/arm-none-eabi/9.2.1/thumb/v7e-m+fp/hard/libgcc.a(_udivmoddi4.o)
                              /usr/lib/gcc/arm-none-eabi/9.2.1/thumb/v7e-m+fp/hard/libgcc.a(_aeabi_uldivmod.o) (__udivmoddi4)
/usr/lib/gcc/arm-none-eabi/9.2.1/thumb/v7e-m+fp/hard/libgcc.a(_dvmd_tls.o)
                              /usr/lib/gcc/arm-none-eabi/9.2.1/thumb/v7e-m+fp/hard/libgcc.a(_aeabi_uldivmod.o) (__aeabi_ldiv0)
/usr/lib/gcc/arm-none-eabi/9.2.1/../../../arm-none-eabi/lib/thumb/v7e-m+fp/hard/libg.a(lib_a-atexit.o)
                              /usr/lib/gcc/arm-none-eabi/9.2.1/../../../arm-none-eabi/lib/thumb/v7e-m+fp/hard/crt0.o (atexit)
/usr/lib/gcc/arm-none-eabi/9.2.1/../../../arm-none-eabi/lib/thumb/v7e-m+fp/hard/libg.a(lib_a-atoi.o)
                              CMakeFiles/aaaaaaa.elf.dir/Middlewares/Third_Party/LwIP/src/core/netif.c.obj (atoi)
/usr/lib/gcc/arm-none-eabi/9.2.1/../../../arm-none-eabi/lib/thumb/v7e-m+fp/hard/libg.a(lib_a-ctype_.o)
                              CMakeFiles/aaaaaaa.elf.dir/Middlewares/Third_Party/LwIP/src/core/ipv4/ip4_addr.c.obj (_ctype_)
/usr/lib/gcc/arm-none-eabi/9.2.1/../../../arm-none-eabi/lib/thumb/v7e-m+fp/hard/libg.a(lib_a-exit.o)
                              /usr/lib/gcc/arm-none-eabi/9.2.1/../../../arm-none-eabi/lib/thumb/v7e-m+fp/hard/crt0.o (exit)
/usr/lib/gcc/arm-none-eabi/9.2.1/../../../arm-none-eabi/lib/thumb/v7e-m+fp/hard/libg.a(lib_a-fini.o)
                              /usr/lib/gcc/arm-none-eabi/9.2.1/../../../arm-none-eabi/lib/thumb/v7e-m+fp/hard/crt0.o (__libc_fini_array)
/usr/lib/gcc/arm-none-eabi/9.2.1/../../../arm-none-eabi/lib/thumb/v7e-m+fp/hard/libg.a(lib_a-impure.o)
                              /usr/lib/gcc/arm-none-eabi/9.2.1/../../../arm-none-eabi/lib/thumb/v7e-m+fp/hard/libg.a(lib_a-exit.o) (_global_impure_ptr)
/usr/lib/gcc/arm-none-eabi/9.2.1/../../../arm-none-eabi/lib/thumb/v7e-m+fp/hard/libg.a(lib_a-init.o)
                              /usr/lib/gcc/arm-none-eabi/9.2.1/../../../arm-none-eabi/lib/thumb/v7e-m+fp/hard/crt0.o (__libc_init_array)
/usr/lib/gcc/arm-none-eabi/9.2.1/../../../arm-none-eabi/lib/thumb/v7e-m+fp/hard/libg.a(lib_a-memcmp.o)
                              CMakeFiles/aaaaaaa.elf.dir/Middlewares/Third_Party/LwIP/src/netif/bridgeif_fdb.c.obj (memcmp)
/usr/lib/gcc/arm-none-eabi/9.2.1/../../../arm-none-eabi/lib/thumb/v7e-m+fp/hard/libg.a(lib_a-memcpy.o)
                              CMakeFiles/aaaaaaa.elf.dir/Drivers/STM32H7xx_HAL_Driver/Src/stm32h7xx_hal_fdcan.c.obj (memcpy)
/usr/lib/gcc/arm-none-eabi/9.2.1/../../../arm-none-eabi/lib/thumb/v7e-m+fp/hard/libg.a(lib_a-memmove.o)
                              CMakeFiles/aaaaaaa.elf.dir/Middlewares/Third_Party/LwIP/src/core/def.c.obj (memmove)
/usr/lib/gcc/arm-none-eabi/9.2.1/../../../arm-none-eabi/lib/thumb/v7e-m+fp/hard/libg.a(lib_a-memset.o)
                              /usr/lib/gcc/arm-none-eabi/9.2.1/../../../arm-none-eabi/lib/thumb/v7e-m+fp/hard/crt0.o (memset)
/usr/lib/gcc/arm-none-eabi/9.2.1/../../../arm-none-eabi/lib/thumb/v7e-m+fp/hard/libg.a(lib_a-printf.o)
                              CMakeFiles/aaaaaaa.elf.dir/LWIP/Target/ethernetif.c.obj (printf)
/usr/lib/gcc/arm-none-eabi/9.2.1/../../../arm-none-eabi/lib/thumb/v7e-m+fp/hard/libg.a(lib_a-rand.o)
                              CMakeFiles/aaaaaaa.elf.dir/Middlewares/Third_Party/LwIP/src/core/tcp.c.obj (rand)
/usr/lib/gcc/arm-none-eabi/9.2.1/../../../arm-none-eabi/lib/thumb/v7e-m+fp/hard/libg.a(lib_a-reent.o)
                              CMakeFiles/aaaaaaa.elf.dir/Middlewares/Third_Party/FreeRTOS/Source/tasks.c.obj (_reclaim_reent)
/usr/lib/gcc/arm-none-eabi/9.2.1/../../../arm-none-eabi/lib/thumb/v7e-m+fp/hard/libg.a(lib_a-sprintf.o)
                              CMakeFiles/aaaaaaa.elf.dir/Core/Src/freertos.c.obj (sprintf)
/usr/lib/gcc/arm-none-eabi/9.2.1/../../../arm-none-eabi/lib/thumb/v7e-m+fp/hard/libg.a(lib_a-strcpy.o)
                              CMakeFiles/aaaaaaa.elf.dir/Middlewares/Third_Party/FreeRTOS/Source/tasks.c.obj (strcpy)
/usr/lib/gcc/arm-none-eabi/9.2.1/../../../arm-none-eabi/lib/thumb/v7e-m+fp/hard/libg.a(lib_a-strlen.o)
                              CMakeFiles/aaaaaaa.elf.dir/JAVELIBS/src/tcpclient.c.obj (strlen)
/usr/lib/gcc/arm-none-eabi/9.2.1/../../../arm-none-eabi/lib/thumb/v7e-m+fp/hard/libg.a(lib_a-strncmp.o)
                              CMakeFiles/aaaaaaa.elf.dir/Middlewares/Third_Party/LwIP/src/core/def.c.obj (strncmp)
/usr/lib/gcc/arm-none-eabi/9.2.1/../../../arm-none-eabi/lib/thumb/v7e-m+fp/hard/libg.a(lib_a-strncpy.o)
                              CMakeFiles/aaaaaaa.elf.dir/JAVELIBS/src/tcpclient.c.obj (strncpy)
/usr/lib/gcc/arm-none-eabi/9.2.1/../../../arm-none-eabi/lib/thumb/v7e-m+fp/hard/libg.a(lib_a-strtol.o)
[...]
Memory Configuration

Name             Origin             Length             Attributes
FLASH            0x0000000008000000 0x0000000000200000 xr
DTCMRAM          0x0000000020000000 0x0000000000020000 xrw
RAM_D1           0x0000000024000000 0x0000000000080000 xrw
RAM_D2           0x0000000030000000 0x0000000000048000 xrw
RAM_D3           0x0000000038000000 0x0000000000010000 xrw
ITCMRAM          0x0000000000000000 0x0000000000010000 xrw
*default*        0x0000000000000000 0xffffffffffffffff

Linker script and memory map

LOAD /usr/lib/gcc/arm-none-eabi/9.2.1/thumb/v7e-m+fp/hard/crti.o
LOAD /usr/lib/gcc/arm-none-eabi/9.2.1/thumb/v7e-m+fp/hard/crtbegin.o
LOAD /usr/lib/gcc/arm-none-eabi/9.2.1/../../../arm-none-eabi/lib/thumb/v7e-m+fp/hard/crt0.o
LOAD CMakeFiles/aaaaaaa.elf.dir/Core/Src/adc.c.obj
LOAD CMakeFiles/aaaaaaa.elf.dir/Core/Src/dac.c.obj
LOAD CMakeFiles/aaaaaaa.elf.dir/Core/Src/fdcan.c.obj
LOAD CMakeFiles/aaaaaaa.elf.dir/Core/Src/freertos.c.obj
LOAD CMakeFiles/aaaaaaa.elf.dir/Core/Src/gpio.c.obj
LOAD CMakeFiles/aaaaaaa.elf.dir/Core/Src/i2c.c.obj
LOAD CMakeFiles/aaaaaaa.elf.dir/Core/Src/iwdg.c.obj
LOAD CMakeFiles/aaaaaaa.elf.dir/Core/Src/main.c.obj
LOAD CMakeFiles/aaaaaaa.elf.dir/Core/Src/stm32h7xx_hal_msp.c.obj
LOAD CMakeFiles/aaaaaaa.elf.dir/Core/Src/stm32h7xx_hal_timebase_tim.c.obj
LOAD CMakeFiles/aaaaaaa.elf.dir/Core/Src/stm32h7xx_it.c.obj
LOAD CMakeFiles/aaaaaaa.elf.dir/Core/Src/syscalls.c.obj
LOAD CMakeFiles/aaaaaaa.elf.dir/Core/Src/sysmem.c.obj
LOAD CMakeFiles/aaaaaaa.elf.dir/Core/Src/system_stm32h7xx.c.obj
LOAD CMakeFiles/aaaaaaa.elf.dir/Core/Src/tim.c.obj
LOAD CMakeFiles/aaaaaaa.elf.dir/Core/Src/usart.c.obj
LOAD CMakeFiles/aaaaaaa.elf.dir/Core/Src/usb_otg.c.obj
LOAD CMakeFiles/aaaaaaa.elf.dir/Core/Startup/startup_stm32h743zitx.s.obj
LOAD CMakeFiles/aaaaaaa.elf.dir/Drivers/BSP/Components/lan8742/lan8742.c.obj
LOAD CMakeFiles/aaaaaaa.elf.dir/Drivers/STM32H7xx_HAL_Driver/Src/stm32h7xx_hal.c.obj
LOAD CMakeFiles/aaaaaaa.elf.dir/Drivers/STM32H7xx_HAL_Driver/Src/stm32h7xx_hal_adc.c.obj
LOAD CMakeFiles/aaaaaaa.elf.dir/Drivers/STM32H7xx_HAL_Driver/Src/stm32h7xx_hal_adc_ex.c.obj
LOAD CMakeFiles/aaaaaaa.elf.dir/Drivers/STM32H7xx_HAL_Driver/Src/stm32h7xx_hal_cortex.c.obj
LOAD CMakeFiles/aaaaaaa.elf.dir/Drivers/STM32H7xx_HAL_Driver/Src/stm32h7xx_hal_dac.c.obj
LOAD CMakeFiles/aaaaaaa.elf.dir/Drivers/STM32H7xx_HAL_Driver/Src/stm32h7xx_hal_dac_ex.c.obj
LOAD CMakeFiles/aaaaaaa.elf.dir/Drivers/STM32H7xx_HAL_Driver/Src/stm32h7xx_hal_dma.c.obj
LOAD CMakeFiles/aaaaaaa.elf.dir/Drivers/STM32H7xx_HAL_Driver/Src/stm32h7xx_hal_dma_ex.c.obj
LOAD CMakeFiles/aaaaaaa.elf.dir/Drivers/STM32H7xx_HAL_Driver/Src/stm32h7xx_hal_eth.c.obj
LOAD CMakeFiles/aaaaaaa.elf.dir/Drivers/STM32H7xx_HAL_Driver/Src/stm32h7xx_hal_eth_ex.c.obj
LOAD CMakeFiles/aaaaaaa.elf.dir/Drivers/STM32H7xx_HAL_Driver/Src/stm32h7xx_hal_exti.c.obj
LOAD CMakeFiles/aaaaaaa.elf.dir/Drivers/STM32H7xx_HAL_Driver/Src/stm32h7xx_hal_fdcan.c.obj
LOAD CMakeFiles/aaaaaaa.elf.dir/Drivers/STM32H7xx_HAL_Driver/Src/stm32h7xx_hal_flash.c.obj
LOAD CMakeFiles/aaaaaaa.elf.dir/Drivers/STM32H7xx_HAL_Driver/Src/stm32h7xx_hal_flash_ex.c.obj
LOAD CMakeFiles/aaaaaaa.elf.dir/Drivers/STM32H7xx_HAL_Driver/Src/stm32h7xx_hal_gpio.c.obj
LOAD CMakeFiles/aaaaaaa.elf.dir/Drivers/STM32H7xx_HAL_Driver/Src/stm32h7xx_hal_hsem.c.obj
LOAD CMakeFiles/aaaaaaa.elf.dir/Drivers/STM32H7xx_HAL_Driver/Src/stm32h7xx_hal_i2c.c.obj
LOAD CMakeFiles/aaaaaaa.elf.dir/Drivers/STM32H7xx_HAL_Driver/Src/stm32h7xx_hal_i2c_ex.c.obj
LOAD CMakeFiles/aaaaaaa.elf.dir/Drivers/STM32H7xx_HAL_Driver/Src/stm32h7xx_hal_iwdg.c.obj
LOAD CMakeFiles/aaaaaaa.elf.dir/Drivers/STM32H7xx_HAL_Driver/Src/stm32h7xx_hal_mdma.c.obj
LOAD CMakeFiles/aaaaaaa.elf.dir/Drivers/STM32H7xx_HAL_Driver/Src/stm32h7xx_hal_pcd.c.obj
LOAD CMakeFiles/aaaaaaa.elf.dir/Drivers/STM32H7xx_HAL_Driver/Src/stm32h7xx_hal_pcd_ex.c.obj
LOAD CMakeFiles/aaaaaaa.elf.dir/Drivers/STM32H7xx_HAL_Driver/Src/stm32h7xx_hal_pwr.c.obj
LOAD CMakeFiles/aaaaaaa.elf.dir/Drivers/STM32H7xx_HAL_Driver/Src/stm32h7xx_hal_pwr_ex.c.obj
LOAD CMakeFiles/aaaaaaa.elf.dir/Drivers/STM32H7xx_HAL_Driver/Src/stm32h7xx_hal_rcc.c.obj
LOAD CMakeFiles/aaaaaaa.elf.dir/Drivers/STM32H7xx_HAL_Driver/Src/stm32h7xx_hal_rcc_ex.c.obj
LOAD CMakeFiles/aaaaaaa.elf.dir/Drivers/STM32H7xx_HAL_Driver/Src/stm32h7xx_hal_tim.c.obj
LOAD CMakeFiles/aaaaaaa.elf.dir/Drivers/STM32H7xx_HAL_Driver/Src/stm32h7xx_hal_tim_ex.c.obj
LOAD CMakeFiles/aaaaaaa.elf.dir/Drivers/STM32H7xx_HAL_Driver/Src/stm32h7xx_hal_uart.c.obj
LOAD CMakeFiles/aaaaaaa.elf.dir/Drivers/STM32H7xx_HAL_Driver/Src/stm32h7xx_hal_uart_ex.c.obj
LOAD CMakeFiles/aaaaaaa.elf.dir/Drivers/STM32H7xx_HAL_Driver/Src/stm32h7xx_ll_usb.c.obj
LOAD CMakeFiles/aaaaaaa.elf.dir/JAVELIBS/src/MSGHandler.c.obj
LOAD CMakeFiles/aaaaaaa.elf.dir/JAVELIBS/src/RGB_LED.c.obj
LOAD CMakeFiles/aaaaaaa.elf.dir/JAVELIBS/src/Servo.c.obj
LOAD CMakeFiles/aaaaaaa.elf.dir/JAVELIBS/src/TraxxasESC.c.obj
LOAD CMakeFiles/aaaaaaa.elf.dir/JAVELIBS/src/stepper.c.obj
LOAD CMakeFiles/aaaaaaa.elf.dir/JAVELIBS/src/tcpclient.c.obj
LOAD CMakeFiles/aaaaaaa.elf.dir/JAVELIBS/src/tcpserver.c.obj
LOAD CMakeFiles/aaaaaaa.elf.dir/LWIP/App/lwip.c.obj
LOAD CMakeFiles/aaaaaaa.elf.dir/LWIP/Target/ethernetif.c.obj
LOAD CMakeFiles/aaaaaaa.elf.dir/Middlewares/Third_Party/FreeRTOS/Source/CMSIS_RTOS_V2/cmsis_os2.c.obj
LOAD CMakeFiles/aaaaaaa.elf.dir/Middlewares/Third_Party/FreeRTOS/Source/croutine.c.obj
LOAD CMakeFiles/aaaaaaa.elf.dir/Middlewares/Third_Party/FreeRTOS/Source/event_groups.c.obj
LOAD CMakeFiles/aaaaaaa.elf.dir/Middlewares/Third_Party/FreeRTOS/Source/list.c.obj
LOAD CMakeFiles/aaaaaaa.elf.dir/Middlewares/Third_Party/FreeRTOS/Source/portable/GCC/ARM_CM4F/port.c.obj
LOAD CMakeFiles/aaaaaaa.elf.dir/Middlewares/Third_Party/FreeRTOS/Source/portable/MemMang/heap_4.c.obj
LOAD CMakeFiles/aaaaaaa.elf.dir/Middlewares/Third_Party/FreeRTOS/Source/queue.c.obj
LOAD CMakeFiles/aaaaaaa.elf.dir/Middlewares/Third_Party/FreeRTOS/Source/stream_buffer.c.obj
LOAD CMakeFiles/aaaaaaa.elf.dir/Middlewares/Third_Party/FreeRTOS/Source/tasks.c.obj
LOAD CMakeFiles/aaaaaaa.elf.dir/Middlewares/Third_Party/FreeRTOS/Source/timers.c.obj
LOAD CMakeFiles/aaaaaaa.elf.dir/Middlewares/Third_Party/LwIP/src/api/api_lib.c.obj
LOAD CMakeFiles/aaaaaaa.elf.dir/Middlewares/Third_Party/LwIP/src/api/api_msg.c.obj
LOAD CMakeFiles/aaaaaaa.elf.dir/Middlewares/Third_Party/LwIP/src/api/err.c.obj
LOAD CMakeFiles/aaaaaaa.elf.dir/Middlewares/Third_Party/LwIP/src/api/if_api.c.obj
LOAD CMakeFiles/aaaaaaa.elf.dir/Middlewares/Third_Party/LwIP/src/api/netbuf.c.obj
LOAD CMakeFiles/aaaaaaa.elf.dir/Middlewares/Third_Party/LwIP/src/api/netdb.c.obj
LOAD CMakeFiles/aaaaaaa.elf.dir/Middlewares/Third_Party/LwIP/src/api/netifapi.c.obj
LOAD CMakeFiles/aaaaaaa.elf.dir/Middlewares/Third_Party/LwIP/src/api/sockets.c.obj
LOAD CMakeFiles/aaaaaaa.elf.dir/Middlewares/Third_Party/LwIP/src/api/tcpip.c.obj
LOAD CMakeFiles/aaaaaaa.elf.dir/Middlewares/Third_Party/LwIP/src/apps/mqtt/mqtt.c.obj
LOAD CMakeFiles/aaaaaaa.elf.dir/Middlewares/Third_Party/LwIP/src/core/altcp.c.obj
LOAD CMakeFiles/aaaaaaa.elf.dir/Middlewares/Third_Party/LwIP/src/core/altcp_alloc.c.obj
LOAD CMakeFiles/aaaaaaa.elf.dir/Middlewares/Third_Party/LwIP/src/core/altcp_tcp.c.obj
LOAD CMakeFiles/aaaaaaa.elf.dir/Middlewares/Third_Party/LwIP/src/core/def.c.obj
LOAD CMakeFiles/aaaaaaa.elf.dir/Middlewares/Third_Party/LwIP/src/core/dns.c.obj
LOAD CMakeFiles/aaaaaaa.elf.dir/Middlewares/Third_Party/LwIP/src/core/inet_chksum.c.obj
LOAD CMakeFiles/aaaaaaa.elf.dir/Middlewares/Third_Party/LwIP/src/core/init.c.obj
LOAD CMakeFiles/aaaaaaa.elf.dir/Middlewares/Third_Party/LwIP/src/core/ip.c.obj
LOAD CMakeFiles/aaaaaaa.elf.dir/Middlewares/Third_Party/LwIP/src/core/ipv4/autoip.c.obj
LOAD CMakeFiles/aaaaaaa.elf.dir/Middlewares/Third_Party/LwIP/src/core/ipv4/dhcp.c.obj
LOAD CMakeFiles/aaaaaaa.elf.dir/Middlewares/Third_Party/LwIP/src/core/ipv4/etharp.c.obj
LOAD CMakeFiles/aaaaaaa.elf.dir/Middlewares/Third_Party/LwIP/src/core/ipv4/icmp.c.obj
LOAD CMakeFiles/aaaaaaa.elf.dir/Middlewares/Third_Party/LwIP/src/core/ipv4/igmp.c.obj
LOAD CMakeFiles/aaaaaaa.elf.dir/Middlewares/Third_Party/LwIP/src/core/ipv4/ip4.c.obj
LOAD CMakeFiles/aaaaaaa.elf.dir/Middlewares/Third_Party/LwIP/src/core/ipv4/ip4_addr.c.obj
LOAD CMakeFiles/aaaaaaa.elf.dir/Middlewares/Third_Party/LwIP/src/core/ipv4/ip4_frag.c.obj
LOAD CMakeFiles/aaaaaaa.elf.dir/Middlewares/Third_Party/LwIP/src/core/ipv6/dhcp6.c.obj
LOAD CMakeFiles/aaaaaaa.elf.dir/Middlewares/Third_Party/LwIP/src/core/ipv6/ethip6.c.obj
LOAD CMakeFiles/aaaaaaa.elf.dir/Middlewares/Third_Party/LwIP/src/core/ipv6/icmp6.c.obj
LOAD CMakeFiles/aaaaaaa.elf.dir/Middlewares/Third_Party/LwIP/src/core/ipv6/inet6.c.obj
LOAD CMakeFiles/aaaaaaa.elf.dir/Middlewares/Third_Party/LwIP/src/core/ipv6/ip6.c.obj
LOAD CMakeFiles/aaaaaaa.elf.dir/Middlewares/Third_Party/LwIP/src/core/ipv6/ip6_addr.c.obj
LOAD CMakeFiles/aaaaaaa.elf.dir/Middlewares/Third_Party/LwIP/src/core/ipv6/ip6_frag.c.obj
LOAD CMakeFiles/aaaaaaa.elf.dir/Middlewares/Third_Party/LwIP/src/core/ipv6/mld6.c.obj
LOAD CMakeFiles/aaaaaaa.elf.dir/Middlewares/Third_Party/LwIP/src/core/ipv6/nd6.c.obj
LOAD CMakeFiles/aaaaaaa.elf.dir/Middlewares/Third_Party/LwIP/src/core/mem.c.obj
LOAD CMakeFiles/aaaaaaa.elf.dir/Middlewares/Third_Party/LwIP/src/core/memp.c.obj
LOAD CMakeFiles/aaaaaaa.elf.dir/Middlewares/Third_Party/LwIP/src/core/netif.c.obj
LOAD CMakeFiles/aaaaaaa.elf.dir/Middlewares/Third_Party/LwIP/src/core/pbuf.c.obj
LOAD CMakeFiles/aaaaaaa.elf.dir/Middlewares/Third_Party/LwIP/src/core/raw.c.obj
LOAD CMakeFiles/aaaaaaa.elf.dir/Middlewares/Third_Party/LwIP/src/core/stats.c.obj
LOAD CMakeFiles/aaaaaaa.elf.dir/Middlewares/Third_Party/LwIP/src/core/sys.c.obj
LOAD CMakeFiles/aaaaaaa.elf.dir/Middlewares/Third_Party/LwIP/src/core/tcp.c.obj
LOAD CMakeFiles/aaaaaaa.elf.dir/Middlewares/Third_Party/LwIP/src/core/tcp_in.c.obj
LOAD CMakeFiles/aaaaaaa.elf.dir/Middlewares/Third_Party/LwIP/src/core/tcp_out.c.obj
LOAD CMakeFiles/aaaaaaa.elf.dir/Middlewares/Third_Party/LwIP/src/core/timeouts.c.obj
LOAD CMakeFiles/aaaaaaa.elf.dir/Middlewares/Third_Party/LwIP/src/core/udp.c.obj
LOAD CMakeFiles/aaaaaaa.elf.dir/Middlewares/Third_Party/LwIP/src/netif/bridgeif.c.obj
LOAD CMakeFiles/aaaaaaa.elf.dir/Middlewares/Third_Party/LwIP/src/netif/bridgeif_fdb.c.obj
LOAD CMakeFiles/aaaaaaa.elf.dir/Middlewares/Third_Party/LwIP/src/netif/ethernet.c.obj
LOAD CMakeFiles/aaaaaaa.elf.dir/Middlewares/Third_Party/LwIP/src/netif/lowpan6.c.obj
LOAD CMakeFiles/aaaaaaa.elf.dir/Middlewares/Third_Party/LwIP/src/netif/lowpan6_ble.c.obj
LOAD CMakeFiles/aaaaaaa.elf.dir/Middlewares/Third_Party/LwIP/src/netif/lowpan6_common.c.obj
LOAD CMakeFiles/aaaaaaa.elf.dir/Middlewares/Third_Party/LwIP/src/netif/ppp/auth.c.obj
LOAD CMakeFiles/aaaaaaa.elf.dir/Middlewares/Third_Party/LwIP/src/netif/ppp/ccp.c.obj
LOAD CMakeFiles/aaaaaaa.elf.dir/Middlewares/Third_Party/LwIP/src/netif/ppp/chap-md5.c.obj
LOAD CMakeFiles/aaaaaaa.elf.dir/Middlewares/Third_Party/LwIP/src/netif/ppp/chap-new.c.obj
LOAD CMakeFiles/aaaaaaa.elf.dir/Middlewares/Third_Party/LwIP/src/netif/ppp/chap_ms.c.obj
LOAD CMakeFiles/aaaaaaa.elf.dir/Middlewares/Third_Party/LwIP/src/netif/ppp/demand.c.obj
LOAD CMakeFiles/aaaaaaa.elf.dir/Middlewares/Third_Party/LwIP/src/netif/ppp/eap.c.obj
LOAD CMakeFiles/aaaaaaa.elf.dir/Middlewares/Third_Party/LwIP/src/netif/ppp/ecp.c.obj
LOAD CMakeFiles/aaaaaaa.elf.dir/Middlewares/Third_Party/LwIP/src/netif/ppp/eui64.c.obj
LOAD CMakeFiles/aaaaaaa.elf.dir/Middlewares/Third_Party/LwIP/src/netif/ppp/fsm.c.obj
LOAD CMakeFiles/aaaaaaa.elf.dir/Middlewares/Third_Party/LwIP/src/netif/ppp/ipcp.c.obj
LOAD CMakeFiles/aaaaaaa.elf.dir/Middlewares/Third_Party/LwIP/src/netif/ppp/ipv6cp.c.obj
LOAD CMakeFiles/aaaaaaa.elf.dir/Middlewares/Third_Party/LwIP/src/netif/ppp/lcp.c.obj
LOAD CMakeFiles/aaaaaaa.elf.dir/Middlewares/Third_Party/LwIP/src/netif/ppp/magic.c.obj
LOAD CMakeFiles/aaaaaaa.elf.dir/Middlewares/Third_Party/LwIP/src/netif/ppp/mppe.c.obj
LOAD CMakeFiles/aaaaaaa.elf.dir/Middlewares/Third_Party/LwIP/src/netif/ppp/multilink.c.obj
LOAD CMakeFiles/aaaaaaa.elf.dir/Middlewares/Third_Party/LwIP/src/netif/ppp/ppp.c.obj
LOAD CMakeFiles/aaaaaaa.elf.dir/Middlewares/Third_Party/LwIP/src/netif/ppp/pppapi.c.obj
LOAD CMakeFiles/aaaaaaa.elf.dir/Middlewares/Third_Party/LwIP/src/netif/ppp/pppcrypt.c.obj
LOAD CMakeFiles/aaaaaaa.elf.dir/Middlewares/Third_Party/LwIP/src/netif/ppp/pppoe.c.obj
LOAD CMakeFiles/aaaaaaa.elf.dir/Middlewares/Third_Party/LwIP/src/netif/ppp/pppol2tp.c.obj
LOAD CMakeFiles/aaaaaaa.elf.dir/Middlewares/Third_Party/LwIP/src/netif/ppp/pppos.c.obj
LOAD CMakeFiles/aaaaaaa.elf.dir/Middlewares/Third_Party/LwIP/src/netif/ppp/upap.c.obj
LOAD CMakeFiles/aaaaaaa.elf.dir/Middlewares/Third_Party/LwIP/src/netif/ppp/utils.c.obj
LOAD CMakeFiles/aaaaaaa.elf.dir/Middlewares/Third_Party/LwIP/src/netif/ppp/vj.c.obj
LOAD CMakeFiles/aaaaaaa.elf.dir/Middlewares/Third_Party/LwIP/src/netif/slipif.c.obj
LOAD CMakeFiles/aaaaaaa.elf.dir/Middlewares/Third_Party/LwIP/src/netif/zepif.c.obj
LOAD CMakeFiles/aaaaaaa.elf.dir/Middlewares/Third_Party/LwIP/system/OS/sys_arch.c.obj
START GROUP
LOAD /usr/lib/gcc/arm-none-eabi/9.2.1/thumb/v7e-m+fp/hard/libgcc.a
LOAD /usr/lib/gcc/arm-none-eabi/9.2.1/../../../arm-none-eabi/lib/thumb/v7e-m+fp/hard/libg.a
LOAD /usr/lib/gcc/arm-none-eabi/9.2.1/../../../arm-none-eabi/lib/thumb/v7e-m+fp/hard/libc.a
END GROUP
LOAD /usr/lib/gcc/arm-none-eabi/9.2.1/thumb/v7e-m+fp/hard/crtend.o
LOAD /usr/lib/gcc/arm-none-eabi/9.2.1/thumb/v7e-m+fp/hard/crtn.o
                0x0000000024080000                _estack = (ORIGIN (RAM_D1) + LENGTH (RAM_D1))
                0x0000000000000200                _Min_Heap_Size = 0x200
                0x0000000000000400                _Min_Stack_Size = 0x400

.isr_vector     0x0000000008000000      0x298
                0x0000000008000000                . = ALIGN (0x4)
 *(.isr_vector)
 .isr_vector    0x0000000008000000      0x298 CMakeFiles/aaaaaaa.elf.dir/Core/Startup/startup_stm32h743zitx.s.obj
                0x0000000008000000                g_pfnVectors
                0x0000000008000298                . = ALIGN (0x4)

.text           0x00000000080002c0    0x1df50
                0x00000000080002c0                . = ALIGN (0x4)
 *(.text)
 .text          0x00000000080002c0       0x88 /usr/lib/gcc/arm-none-eabi/9.2.1/thumb/v7e-m+fp/hard/crtbegin.o
 .text          0x0000000008000348       0x30 /usr/lib/gcc/arm-none-eabi/9.2.1/thumb/v7e-m+fp/hard/libgcc.a(_aeabi_uldivmod.o)
                0x0000000008000348                __aeabi_uldivmod
 .text          0x0000000008000378      0x2c4 /usr/lib/gcc/arm-none-eabi/9.2.1/thumb/v7e-m+fp/hard/libgcc.a(_udivmoddi4.o)
                0x0000000008000378                __udivmoddi4
 .text          0x000000000800063c        0x4 /usr/lib/gcc/arm-none-eabi/9.2.1/thumb/v7e-m+fp/hard/libgcc.a(_dvmd_tls.o)
                0x000000000800063c                __aeabi_ldiv0
                0x000000000800063c                __aeabi_idiv0
 .text          0x0000000008000640        0xc /usr/lib/gcc/arm-none-eabi/9.2.1/../../../arm-none-eabi/lib/thumb/v7e-m+fp/hard/libg.a(lib_a-atexit.o)
                0x0000000008000640                atexit
 .text          0x000000000800064c       0x34 /usr/lib/gcc/arm-none-eabi/9.2.1/../../../arm-none-eabi/lib/thumb/v7e-m+fp/hard/libg.a(lib_a-fini.o)
                0x000000000800064c                __libc_fini_array
 .text          0x0000000008000680       0x48 /usr/lib/gcc/arm-none-eabi/9.2.1/../../../arm-none-eabi/lib/thumb/v7e-m+fp/hard/libg.a(lib_a-init.o)
                0x0000000008000680                __libc_init_array
 .text          0x00000000080006c8       0x60 /usr/lib/gcc/arm-none-eabi/9.2.1/../../../arm-none-eabi/lib/thumb/v7e-m+fp/hard/libg.a(lib_a-memcmp.o)
                0x00000000080006c8                memcmp
 .text          0x0000000008000728      0x134 /usr/lib/gcc/arm-none-eabi/9.2.1/../../../arm-none-eabi/lib/thumb/v7e-m+fp/hard/libg.a(lib_a-memcpy.o)
                0x0000000008000728                memcpy
 .text          0x000000000800085c       0xd0 /usr/lib/gcc/arm-none-eabi/9.2.1/../../../arm-none-eabi/lib/thumb/v7e-m+fp/hard/libg.a(lib_a-memmove.o)
                0x000000000800085c                memmove
 .text          0x000000000800092c       0xa0 /usr/lib/gcc/arm-none-eabi/9.2.1/../../../arm-none-eabi/lib/thumb/v7e-m+fp/hard/libg.a(lib_a-memset.o)
                0x000000000800092c                memset
 .text          0x00000000080009cc       0x48 /usr/lib/gcc/arm-none-eabi/9.2.1/../../../arm-none-eabi/lib/thumb/v7e-m+fp/hard/libg.a(lib_a-printf.o)
                0x00000000080009cc                _printf_r
                0x00000000080009ec                printf
 .text          0x0000000008000a14       0x4c /usr/lib/gcc/arm-none-eabi/9.2.1/../../../arm-none-eabi/lib/thumb/v7e-m+fp/hard/libg.a(lib_a-rand.o)
                0x0000000008000a14                srand
                0x0000000008000a24                rand
 .text          0x0000000008000a60       0xa4 /usr/lib/gcc/arm-none-eabi/9.2.1/../../../arm-none-eabi/lib/thumb/v7e-m+fp/hard/libg.a(lib_a-reent.o)
                0x0000000008000a60                cleanup_glue
                0x0000000008000a7c                _reclaim_reent
 .text          0x0000000008000b04       0x80 /usr/lib/gcc/arm-none-eabi/9.2.1/../../../arm-none-eabi/lib/thumb/v7e-m+fp/hard/libg.a(lib_a-sprintf.o)
                0x0000000008000b04                _sprintf_r
                0x0000000008000b40                sprintf
 *fill*         0x0000000008000b84       0x3c 
 .text          0x0000000008000bc0       0xdc /usr/lib/gcc/arm-none-eabi/9.2.1/../../../arm-none-eabi/lib/thumb/v7e-m+fp/hard/libg.a(lib_a-strlen.o)
                0x0000000008000bc0                strlen
 *fill*         0x0000000008000c9c        0x4 
 .text          0x0000000008000ca0     0x1498 /usr/lib/gcc/arm-none-eabi/9.2.1/../../../arm-none-eabi/lib/thumb/v7e-m+fp/hard/libg.a(lib_a-svfprintf.o)
                0x0000000008000ca0                _svfprintf_r
 .text          0x0000000008002138     0x1580 /usr/lib/gcc/arm-none-eabi/9.2.1/../../../arm-none-eabi/lib/thumb/v7e-m+fp/hard/libg.a(lib_a-vfprintf.o)
                0x0000000008002138                _vfprintf_r
                0x0000000008003634                vfprintf
 .text          0x00000000080036b8       0xd0 /usr/lib/gcc/arm-none-eabi/9.2.1/../../../arm-none-eabi/lib/thumb/v7e-m+fp/hard/libg.a(lib_a-wsetup.o)
                0x00000000080036b8                __swsetup_r
 .text          0x0000000008003788       0x68 /usr/lib/gcc/arm-none-eabi/9.2.1/../../../arm-none-eabi/lib/thumb/v7e-m+fp/hard/libg.a(lib_a-__atexit.o)
                0x0000000008003788                __register_exitproc
 .text          0x00000000080037f0      0xfc0 /usr/lib/gcc/arm-none-eabi/9.2.1/../../../arm-none-eabi/lib/thumb/v7e-m+fp/hard/libg.a(lib_a-dtoa.o)
                0x0000000008003914                _dtoa_r
 .text          0x00000000080047b0      0x1a4 /usr/lib/gcc/arm-none-eabi/9.2.1/../../../arm-none-eabi/lib/thumb/v7e-m+fp/hard/libg.a(lib_a-fflush.o)
                0x00000000080047b0                __sflush_r
                0x00000000080048fc                _fflush_r
                0x0000000008004930                fflush
 .text          0x0000000008004954      0x1f4 /usr/lib/gcc/arm-none-eabi/9.2.1/../../../arm-none-eabi/lib/thumb/v7e-m+fp/hard/libg.a(lib_a-findfp.o)
                0x0000000008004958                _cleanup_r
                0x0000000008004a3c                __sfmoreglue
                0x0000000008004a6c                __sfp
                0x0000000008004af4                _cleanup
                0x0000000008004b08                __sinit
                0x0000000008004b10                __sfp_lock_acquire
                0x0000000008004b14                __sfp_lock_release
                0x0000000008004b18                __sinit_lock_acquire
                0x0000000008004b1c                __sinit_lock_release
                0x0000000008004b20                __fp_lock_all
                0x0000000008004b34                __fp_unlock_all
 .text          0x0000000008004b48      0x294 /usr/lib/gcc/arm-none-eabi/9.2.1/../../../arm-none-eabi/lib/thumb/v7e-m+fp/hard/libg.a(lib_a-freer.o)
                0x0000000008004b48                _malloc_trim_r
                0x0000000008004be8                _free_r
 .text          0x0000000008004ddc       0xa0 /usr/lib/gcc/arm-none-eabi/9.2.1/../../../arm-none-eabi/lib/thumb/v7e-m+fp/hard/libg.a(lib_a-fwalk.o)
                0x0000000008004ddc                _fwalk
                0x0000000008004e28                _fwalk_reent
 .text          0x0000000008004e7c       0x14 /usr/lib/gcc/arm-none-eabi/9.2.1/../../../arm-none-eabi/lib/thumb/v7e-m+fp/hard/libg.a(lib_a-localeconv.o)
                0x0000000008004e7c                __localeconv_l
                0x0000000008004e80                _localeconv_r
                0x0000000008004e88                localeconv
 .text          0x0000000008004e90       0xf0 /usr/lib/gcc/arm-none-eabi/9.2.1/../../../arm-none-eabi/lib/thumb/v7e-m+fp/hard/libg.a(lib_a-makebuf.o)
                0x0000000008004e90                __swhatbuf_r
                0x0000000008004eec                __smakebuf_r
 .text          0x0000000008004f80      0x564 /usr/lib/gcc/arm-none-eabi/9.2.1/../../../arm-none-eabi/lib/thumb/v7e-m+fp/hard/libg.a(lib_a-mallocr.o)
                0x0000000008004f80                _malloc_r
 *fill*         0x00000000080054e4        0xc 
 .text          0x00000000080054f0       0xa0 /usr/lib/gcc/arm-none-eabi/9.2.1/../../../arm-none-eabi/lib/thumb/v7e-m+fp/hard/libg.a(lib_a-memchr.o)
                0x00000000080054f0                memchr
 .text          0x0000000008005590        0x8 /usr/lib/gcc/arm-none-eabi/9.2.1/../../../arm-none-eabi/lib/thumb/v7e-m+fp/hard/libg.a(lib_a-mlock.o)
                0x0000000008005590                __malloc_lock
                0x0000000008005594                __malloc_unlock
 .text          0x0000000008005598      0x9a8 /usr/lib/gcc/arm-none-eabi/9.2.1/../../../arm-none-eabi/lib/thumb/v7e-m+fp/hard/libg.a(lib_a-mprec.o)
                0x0000000008005598                _Balloc
                0x00000000080055e4                _Bfree
                0x00000000080055f8                __multadd
                0x000000000800569c                __s2b
                0x0000000008005748                __hi0bits
                0x0000000008005788                __lo0bits
                0x00000000080057e8                __i2b
                0x0000000008005814                __multiply
                0x0000000008005960                __pow5mult
                0x00000000080059f8                __lshift
                0x0000000008005ac4                __mcmp
                0x0000000008005afc                __mdiff
                0x0000000008005c24                __ulp
                0x0000000008005c74                __b2d
                0x0000000008005d2c                __d2b
                0x0000000008005e00                __ratio
                0x0000000008005e60                _mprec_log10
                0x0000000008005ea0                __copybits
                0x0000000008005ee8                __any_on
 .text          0x0000000008005f40       0x24 /usr/lib/gcc/arm-none-eabi/9.2.1/../../../arm-none-eabi/lib/thumb/v7e-m+fp/hard/libg.a(lib_a-sbrkr.o)
                0x0000000008005f40                _sbrk_r
 .text          0x0000000008005f64       0x90 /usr/lib/gcc/arm-none-eabi/9.2.1/../../../arm-none-eabi/lib/thumb/v7e-m+fp/hard/libg.a(lib_a-stdio.o)
                0x0000000008005f64                __sread
                0x0000000008005f88                __seofread
                0x0000000008005f8c                __swrite
                0x0000000008005fcc                __sseek
                0x0000000008005fec                __sclose
 .text          0x0000000008005ff4      0xb64 /usr/lib/gcc/arm-none-eabi/9.2.1/../../../arm-none-eabi/lib/thumb/v7e-m+fp/hard/libg.a(lib_a-svfiprintf.o)
                0x0000000008005ff4                __ssprint_r
                0x00000000080060ec                _svfiprintf_r
 .text          0x0000000008006b58      0xd00 /usr/lib/gcc/arm-none-eabi/9.2.1/../../../arm-none-eabi/lib/thumb/v7e-m+fp/hard/libg.a(lib_a-vfiprintf.o)
                0x0000000008006bd0                __sprint_r
                0x0000000008006be4                _vfiprintf_r
                0x00000000080077d4                vfiprintf
 .text          0x0000000008007858       0x2c /usr/lib/gcc/arm-none-eabi/9.2.1/../../../arm-none-eabi/lib/thumb/v7e-m+fp/hard/libg.a(lib_a-writer.o)
                0x0000000008007858                _write_r
 .text          0x0000000008007884       0x48 /usr/lib/gcc/arm-none-eabi/9.2.1/../../../arm-none-eabi/lib/thumb/v7e-m+fp/hard/libg.a(lib_a-assert.o)
                0x0000000008007884                __assert_func
                0x00000000080078c0                __assert
 .text          0x00000000080078cc       0x60 /usr/lib/gcc/arm-none-eabi/9.2.1/../../../arm-none-eabi/lib/thumb/v7e-m+fp/hard/libg.a(lib_a-callocr.o)
                0x00000000080078cc                _calloc_r
 .text          0x000000000800792c       0x24 /usr/lib/gcc/arm-none-eabi/9.2.1/../../../arm-none-eabi/lib/thumb/v7e-m+fp/hard/libg.a(lib_a-closer.o)
                0x000000000800792c                _close_r
 .text          0x0000000008007950       0x98 /usr/lib/gcc/arm-none-eabi/9.2.1/../../../arm-none-eabi/lib/thumb/v7e-m+fp/hard/libg.a(lib_a-fclose.o)
                0x0000000008007950                _fclose_r
                0x00000000080079d8                fclose
 .text          0x00000000080079e8       0x44 /usr/lib/gcc/arm-none-eabi/9.2.1/../../../arm-none-eabi/lib/thumb/v7e-m+fp/hard/libg.a(lib_a-fiprintf.o)
                0x00000000080079e8                _fiprintf_r
                0x0000000008007a04                fiprintf
 .text          0x0000000008007a2c      0x110 /usr/lib/gcc/arm-none-eabi/9.2.1/../../../arm-none-eabi/lib/thumb/v7e-m+fp/hard/libg.a(lib_a-fputwc.o)
                0x0000000008007a2c                __fputwc
                0x0000000008007ad4                _fputwc_r
                0x0000000008007afc                fputwc
 .text          0x0000000008007b3c       0x28 /usr/lib/gcc/arm-none-eabi/9.2.1/../../../arm-none-eabi/lib/thumb/v7e-m+fp/hard/libg.a(lib_a-fstatr.o)
                0x0000000008007b3c                _fstat_r
 .text          0x0000000008007b64      0x308 /usr/lib/gcc/arm-none-eabi/9.2.1/../../../arm-none-eabi/lib/thumb/v7e-m+fp/hard/libg.a(lib_a-fvwrite.o)
                0x0000000008007b64                __sfvwrite_r
 .text          0x0000000008007e6c       0x24 /usr/lib/gcc/arm-none-eabi/9.2.1/../../../arm-none-eabi/lib/thumb/v7e-m+fp/hard/libg.a(lib_a-isattyr.o)
                0x0000000008007e6c                _isatty_r
 .text          0x0000000008007e90       0x5c /usr/lib/gcc/arm-none-eabi/9.2.1/../../../arm-none-eabi/lib/thumb/v7e-m+fp/hard/libg.a(lib_a-locale.o)
                0x0000000008007e90                _setlocale_r
                0x0000000008007ed0                __locale_mb_cur_max
                0x0000000008007edc                setlocale
 .text          0x0000000008007eec       0x2c /usr/lib/gcc/arm-none-eabi/9.2.1/../../../arm-none-eabi/lib/thumb/v7e-m+fp/hard/libg.a(lib_a-lseekr.o)
                0x0000000008007eec                _lseek_r
 .text          0x0000000008007f18       0x40 /usr/lib/gcc/arm-none-eabi/9.2.1/../../../arm-none-eabi/lib/thumb/v7e-m+fp/hard/libg.a(lib_a-mbtowc_r.o)
                0x0000000008007f18                _mbtowc_r
                0x0000000008007f2c                __ascii_mbtowc
 .text          0x0000000008007f58       0x2c /usr/lib/gcc/arm-none-eabi/9.2.1/../../../arm-none-eabi/lib/thumb/v7e-m+fp/hard/libg.a(lib_a-readr.o)
                0x0000000008007f58                _read_r
 .text          0x0000000008007f84      0x36c /usr/lib/gcc/arm-none-eabi/9.2.1/../../../arm-none-eabi/lib/thumb/v7e-m+fp/hard/libg.a(lib_a-reallocr.o)
                0x0000000008007f84                _realloc_r
 *fill*         0x00000000080082f0       0x10 
 .text          0x0000000008008300      0x2dc /usr/lib/gcc/arm-none-eabi/9.2.1/../../../arm-none-eabi/lib/thumb/v7e-m+fp/hard/libg.a(lib_a-strcmp.o)
                0x0000000008008308                strcmp
 .text          0x00000000080085dc       0xc0 /usr/lib/gcc/arm-none-eabi/9.2.1/../../../arm-none-eabi/lib/thumb/v7e-m+fp/hard/libg.a(lib_a-wbuf.o)
                0x00000000080085dc                __swbuf_r
                0x000000000800868c                __swbuf
 .text          0x000000000800869c       0x7c /usr/lib/gcc/arm-none-eabi/9.2.1/../../../arm-none-eabi/lib/thumb/v7e-m+fp/hard/libg.a(lib_a-wcrtomb.o)
                0x000000000800869c                _wcrtomb_r
                0x00000000080086d0                wcrtomb
 .text          0x0000000008008718       0x30 /usr/lib/gcc/arm-none-eabi/9.2.1/../../../arm-none-eabi/lib/thumb/v7e-m+fp/hard/libg.a(lib_a-wctomb_r.o)
                0x0000000008008718                _wctomb_r
                0x000000000800872c                __ascii_wctomb
 .text          0x0000000008008748       0x10 /usr/lib/gcc/arm-none-eabi/9.2.1/../../../arm-none-eabi/lib/thumb/v7e-m+fp/hard/libg.a(lib_a-abort.o)
                0x0000000008008748                abort
 .text          0x0000000008008758      0x15c /usr/lib/gcc/arm-none-eabi/9.2.1/../../../arm-none-eabi/lib/thumb/v7e-m+fp/hard/libg.a(lib_a-signal.o)
                0x0000000008008780                _init_signal_r
                0x000000000800878c                _signal_r
                0x00000000080087c4                _raise_r
                0x000000000800881c                __sigtramp_r
                0x0000000008008870                raise
                0x0000000008008880                signal
                0x0000000008008890                _init_signal
                0x00000000080088a4                __sigtramp
 .text          0x00000000080088b4       0x2c /usr/lib/gcc/arm-none-eabi/9.2.1/../../../arm-none-eabi/lib/thumb/v7e-m+fp/hard/libg.a(lib_a-signalr.o)
                0x00000000080088b4                _kill_r
                0x00000000080088dc                _getpid_r
 .text          0x00000000080088e0      0x378 /usr/lib/gcc/arm-none-eabi/9.2.1/thumb/v7e-m+fp/hard/libgcc.a(_arm_addsubdf3.o)
                0x00000000080088e0                __aeabi_drsub
                0x00000000080088e8                __aeabi_dsub
                0x00000000080088e8                __subdf3
                0x00000000080088ec                __adddf3
                0x00000000080088ec                __aeabi_dadd
                0x0000000008008b64                __aeabi_ui2d
                0x0000000008008b64                __floatunsidf
                0x0000000008008b84                __floatsidf
                0x0000000008008b84                __aeabi_i2d
                0x0000000008008ba8                __extendsfdf2
                0x0000000008008ba8                __aeabi_f2d
                0x0000000008008bec                __aeabi_ul2d
                0x0000000008008bec                __floatundidf
                0x0000000008008bfc                __floatdidf
                0x0000000008008bfc                __aeabi_l2d
 .text          0x0000000008008c58      0x424 /usr/lib/gcc/arm-none-eabi/9.2.1/thumb/v7e-m+fp/hard/libgcc.a(_arm_muldivdf3.o)
                0x0000000008008c58                __aeabi_dmul
                0x0000000008008c58                __muldf3
                0x0000000008008eac                __aeabi_ddiv
                0x0000000008008eac                __divdf3
 .text          0x000000000800907c      0x110 /usr/lib/gcc/arm-none-eabi/9.2.1/thumb/v7e-m+fp/hard/libgcc.a(_arm_cmpdf2.o)
                0x000000000800907c                __gtdf2
                0x000000000800907c                __gedf2
                0x0000000008009084                __ltdf2
                0x0000000008009084                __ledf2
                0x000000000800908c                __cmpdf2
                0x000000000800908c                __eqdf2
                0x000000000800908c                __nedf2
                0x0000000008009108                __aeabi_cdrcmple
                0x0000000008009118                __aeabi_cdcmple
                0x0000000008009118                __aeabi_cdcmpeq
                0x0000000008009128                __aeabi_dcmpeq
                0x000000000800913c                __aeabi_dcmplt
                0x0000000008009150                __aeabi_dcmple
                0x0000000008009164                __aeabi_dcmpge
                0x0000000008009178                __aeabi_dcmpgt
 .text          0x000000000800918c       0x2c /usr/lib/gcc/arm-none-eabi/9.2.1/thumb/v7e-m+fp/hard/libgcc.a(_arm_unorddf2.o)
                0x000000000800918c                __aeabi_dcmpun
                0x000000000800918c                __unorddf2
 .text          0x00000000080091b8       0x50 /usr/lib/gcc/arm-none-eabi/9.2.1/thumb/v7e-m+fp/hard/libgcc.a(_arm_fixdfsi.o)
                0x00000000080091b8                __fixdfsi
                0x00000000080091b8                __aeabi_d2iz
 *(.text*)
 .text.MX_ADC1_Init
                0x0000000008009208       0xa4 CMakeFiles/aaaaaaa.elf.dir/Core/Src/adc.c.obj
                0x0000000008009208                MX_ADC1_Init
 .text.MX_ADC3_Init
                0x00000000080092ac       0xd0 CMakeFiles/aaaaaaa.elf.dir/Core/Src/adc.c.obj
                0x00000000080092ac                MX_ADC3_Init
 .text.HAL_ADC_MspInit
                0x000000000800937c      0x118 CMakeFiles/aaaaaaa.elf.dir/Core/Src/adc.c.obj
                0x000000000800937c                HAL_ADC_MspInit
 .text.MX_DAC1_Init
                0x0000000008009494       0x60 CMakeFiles/aaaaaaa.elf.dir/Core/Src/dac.c.obj
                0x0000000008009494                MX_DAC1_Init
 .text.HAL_DAC_MspInit
                0x00000000080094f4       0x74 CMakeFiles/aaaaaaa.elf.dir/Core/Src/dac.c.obj
                0x00000000080094f4                HAL_DAC_MspInit
 .text.MX_FDCAN1_Init
                0x0000000008009568       0x60 CMakeFiles/aaaaaaa.elf.dir/Core/Src/fdcan.c.obj
                0x0000000008009568                MX_FDCAN1_Init
 .text.MX_FDCAN2_Init
                0x00000000080095c8       0x60 CMakeFiles/aaaaaaa.elf.dir/Core/Src/fdcan.c.obj
                0x00000000080095c8                MX_FDCAN2_Init
 .text.HAL_FDCAN_MspInit
                0x0000000008009628      0x130 CMakeFiles/aaaaaaa.elf.dir/Core/Src/fdcan.c.obj
                0x0000000008009628                HAL_FDCAN_MspInit
 .text.SSFunctions_Init
                0x0000000008009758        0x2 CMakeFiles/aaaaaaa.elf.dir/Core/Src/freertos.c.obj
                0x0000000008009758                SSFunctions_Init
 .text.StartDefaultTask
                0x000000000800975a       0x14 CMakeFiles/aaaaaaa.elf.dir/Core/Src/freertos.c.obj
                0x000000000800975a                StartDefaultTask
 *fill*         0x000000000800976e        0x2 
 .text.Blink_Init
                0x0000000008009770       0x48 CMakeFiles/aaaaaaa.elf.dir/Core/Src/freertos.c.obj
                0x0000000008009770                Blink_Init
 .text.IDWGTrigger_Init
                0x00000000080097b8       0x14 CMakeFiles/aaaaaaa.elf.dir/Core/Src/freertos.c.obj
                0x00000000080097b8                IDWGTrigger_Init
 .text.PSFunctions_Init
                0x00000000080097cc       0x98 CMakeFiles/aaaaaaa.elf.dir/Core/Src/freertos.c.obj
                0x00000000080097cc                PSFunctions_Init
 .text.DSFunctions_Init
                0x0000000008009864       0x20 CMakeFiles/aaaaaaa.elf.dir/Core/Src/freertos.c.obj
                0x0000000008009864                DSFunctions_Init
 .text.MX_FREERTOS_Init
                0x0000000008009884       0xbc CMakeFiles/aaaaaaa.elf.dir/Core/Src/freertos.c.obj
                0x0000000008009884                MX_FREERTOS_Init
 .text.ADC_ChnlSel
                0x0000000008009940       0x48 CMakeFiles/aaaaaaa.elf.dir/Core/Src/freertos.c.obj
                0x0000000008009940                ADC_ChnlSel
 .text.ADCPoll_Init
                0x0000000008009988       0x5c CMakeFiles/aaaaaaa.elf.dir/Core/Src/freertos.c.obj
                0x0000000008009988                ADCPoll_Init
 .text.MX_GPIO_Init
                0x00000000080099e4      0x1b4 CMakeFiles/aaaaaaa.elf.dir/Core/Src/gpio.c.obj
                0x00000000080099e4                MX_GPIO_Init
 .text.MX_I2C2_Init
                0x0000000008009b98       0x58 CMakeFiles/aaaaaaa.elf.dir/Core/Src/i2c.c.obj
                0x0000000008009b98                MX_I2C2_Init
 .text.HAL_I2C_MspInit
                0x0000000008009bf0       0x98 CMakeFiles/aaaaaaa.elf.dir/Core/Src/i2c.c.obj
                0x0000000008009bf0                HAL_I2C_MspInit
 .text.MX_IWDG1_Init
                0x0000000008009c88       0x2c CMakeFiles/aaaaaaa.elf.dir/Core/Src/iwdg.c.obj
                0x0000000008009c88                MX_IWDG1_Init
 .text.MPU_Config
                0x0000000008009cb4       0x74 CMakeFiles/aaaaaaa.elf.dir/Core/Src/main.c.obj
 .text.configureTimerForRunTimeStats
                0x0000000008009d28       0x18 CMakeFiles/aaaaaaa.elf.dir/Core/Src/main.c.obj
                0x0000000008009d28                configureTimerForRunTimeStats
 .text.getRunTimeCounterValue
                0x0000000008009d40        0xc CMakeFiles/aaaaaaa.elf.dir/Core/Src/main.c.obj
                0x0000000008009d40                getRunTimeCounterValue
 .text.HAL_TIM_PeriodElapsedCallback
                0x0000000008009d4c       0x18 CMakeFiles/aaaaaaa.elf.dir/Core/Src/main.c.obj
                0x0000000008009d4c                HAL_TIM_PeriodElapsedCallback
 .text.Error_Handler
                0x0000000008009d64        0x4 CMakeFiles/aaaaaaa.elf.dir/Core/Src/main.c.obj
                0x0000000008009d64                Error_Handler
 .text.SystemClock_Config
                0x0000000008009d68       0xdc CMakeFiles/aaaaaaa.elf.dir/Core/Src/main.c.obj
                0x0000000008009d68                SystemClock_Config
 .text.PeriphCommonClock_Config
                0x0000000008009e44       0x40 CMakeFiles/aaaaaaa.elf.dir/Core/Src/main.c.obj
                0x0000000008009e44                PeriphCommonClock_Config
 .text.main     0x0000000008009e84      0x134 CMakeFiles/aaaaaaa.elf.dir/Core/Src/main.c.obj
                0x0000000008009e84                main
 .text.HAL_MspInit
                0x0000000008009fb8       0x34 CMakeFiles/aaaaaaa.elf.dir/Core/Src/stm32h7xx_hal_msp.c.obj
                0x0000000008009fb8                HAL_MspInit
 .text.HAL_InitTick
                0x0000000008009fec       0x90 CMakeFiles/aaaaaaa.elf.dir/Core/Src/stm32h7xx_hal_timebase_tim.c.obj
                0x0000000008009fec                HAL_InitTick
 .text.NMI_Handler
                0x000000000800a07c        0x2 CMakeFiles/aaaaaaa.elf.dir/Core/Src/stm32h7xx_it.c.obj
                0x000000000800a07c                NMI_Handler
 .text.HardFault_Handler
                0x000000000800a07e        0x2 CMakeFiles/aaaaaaa.elf.dir/Core/Src/stm32h7xx_it.c.obj
                0x000000000800a07e                HardFault_Handler
 .text.MemManage_Handler
                0x000000000800a080        0x2 CMakeFiles/aaaaaaa.elf.dir/Core/Src/stm32h7xx_it.c.obj
                0x000000000800a080                MemManage_Handler
 .text.BusFault_Handler
                0x000000000800a082        0x2 CMakeFiles/aaaaaaa.elf.dir/Core/Src/stm32h7xx_it.c.obj
                0x000000000800a082                BusFault_Handler
 .text.UsageFault_Handler
                0x000000000800a084        0x2 CMakeFiles/aaaaaaa.elf.dir/Core/Src/stm32h7xx_it.c.obj
                0x000000000800a084                UsageFault_Handler
 .text.DebugMon_Handler
                0x000000000800a086        0x2 CMakeFiles/aaaaaaa.elf.dir/Core/Src/stm32h7xx_it.c.obj
                0x000000000800a086                DebugMon_Handler
 .text.ETH_IRQHandler
                0x000000000800a088       0x10 CMakeFiles/aaaaaaa.elf.dir/Core/Src/stm32h7xx_it.c.obj
                0x000000000800a088                ETH_IRQHandler
 .text.TIM16_IRQHandler
                0x000000000800a098       0x1c CMakeFiles/aaaaaaa.elf.dir/Core/Src/stm32h7xx_it.c.obj
                0x000000000800a098                TIM16_IRQHandler
 .text.TIM17_IRQHandler
                0x000000000800a0b4       0x10 CMakeFiles/aaaaaaa.elf.dir/Core/Src/stm32h7xx_it.c.obj
                0x000000000800a0b4                TIM17_IRQHandler
 .text._getpid  0x000000000800a0c4        0x4 CMakeFiles/aaaaaaa.elf.dir/Core/Src/syscalls.c.obj
                0x000000000800a0c4                _getpid
 .text._kill    0x000000000800a0c8       0x10 CMakeFiles/aaaaaaa.elf.dir/Core/Src/syscalls.c.obj
                0x000000000800a0c8                _kill
 .text._exit    0x000000000800a0d8        0xc CMakeFiles/aaaaaaa.elf.dir/Core/Src/syscalls.c.obj
                0x000000000800a0d8                _exit
 .text._read    0x000000000800a0e4       0x20 CMakeFiles/aaaaaaa.elf.dir/Core/Src/syscalls.c.obj
                0x000000000800a0e4                _read
 .text._write   0x000000000800a104       0x1c CMakeFiles/aaaaaaa.elf.dir/Core/Src/syscalls.c.obj
                0x000000000800a104                _write
 .text._close   0x000000000800a120        0x6 CMakeFiles/aaaaaaa.elf.dir/Core/Src/syscalls.c.obj
                0x000000000800a120                _close
 .text._fstat   0x000000000800a126        0xa CMakeFiles/aaaaaaa.elf.dir/Core/Src/syscalls.c.obj
                0x000000000800a126                _fstat
 .text._isatty  0x000000000800a130        0x4 CMakeFiles/aaaaaaa.elf.dir/Core/Src/syscalls.c.obj
                0x000000000800a130                _isatty
 .text._lseek   0x000000000800a134        0x4 CMakeFiles/aaaaaaa.elf.dir/Core/Src/syscalls.c.obj
                0x000000000800a134                _lseek
 .text._sbrk    0x000000000800a138       0x4c CMakeFiles/aaaaaaa.elf.dir/Core/Src/sysmem.c.obj
                0x000000000800a138                _sbrk
 .text.SystemInit
                0x000000000800a184       0xcc CMakeFiles/aaaaaaa.elf.dir/Core/Src/system_stm32h7xx.c.obj
                0x000000000800a184                SystemInit
 .text.MX_TIM16_Init
                0x000000000800a250       0x34 CMakeFiles/aaaaaaa.elf.dir/Core/Src/tim.c.obj
                0x000000000800a250                MX_TIM16_Init
 .text.HAL_TIM_PWM_MspInit
                0x000000000800a284       0x7c CMakeFiles/aaaaaaa.elf.dir/Core/Src/tim.c.obj
                0x000000000800a284                HAL_TIM_PWM_MspInit
 .text.HAL_TIM_Base_MspInit
                0x000000000800a300       0x48 CMakeFiles/aaaaaaa.elf.dir/Core/Src/tim.c.obj
                0x000000000800a300                HAL_TIM_Base_MspInit
 .text.HAL_TIM_MspPostInit
                0x000000000800a348       0xe4 CMakeFiles/aaaaaaa.elf.dir/Core/Src/tim.c.obj
                0x000000000800a348                HAL_TIM_MspPostInit
 .text.MX_TIM1_Init
                0x000000000800a42c       0xf0 CMakeFiles/aaaaaaa.elf.dir/Core/Src/tim.c.obj
                0x000000000800a42c                MX_TIM1_Init
 .text.MX_TIM2_Init
                0x000000000800a51c       0x98 CMakeFiles/aaaaaaa.elf.dir/Core/Src/tim.c.obj
                0x000000000800a51c                MX_TIM2_Init
 .text.MX_TIM12_Init
                0x000000000800a5b4       0x6c CMakeFiles/aaaaaaa.elf.dir/Core/Src/tim.c.obj
                0x000000000800a5b4                MX_TIM12_Init
 .text.MX_UART4_Init
                0x000000000800a620       0x68 CMakeFiles/aaaaaaa.elf.dir/Core/Src/usart.c.obj
                0x000000000800a620                MX_UART4_Init
 .text.MX_UART5_Init
                0x000000000800a688       0x68 CMakeFiles/aaaaaaa.elf.dir/Core/Src/usart.c.obj
                0x000000000800a688                MX_UART5_Init
 .text.MX_USART2_UART_Init
                0x000000000800a6f0       0x68 CMakeFiles/aaaaaaa.elf.dir/Core/Src/usart.c.obj
                0x000000000800a6f0                MX_USART2_UART_Init
 .text.MX_USART3_UART_Init
                0x000000000800a758       0x68 CMakeFiles/aaaaaaa.elf.dir/Core/Src/usart.c.obj
                0x000000000800a758                MX_USART3_UART_Init
 .text.MX_USART6_UART_Init
                0x000000000800a7c0       0x68 CMakeFiles/aaaaaaa.elf.dir/Core/Src/usart.c.obj
                0x000000000800a7c0                MX_USART6_UART_Init
 .text.HAL_UART_MspInit
                0x000000000800a828      0x294 CMakeFiles/aaaaaaa.elf.dir/Core/Src/usart.c.obj
                0x000000000800a828                HAL_UART_MspInit
 .text.MX_USB_OTG_FS_PCD_Init
                0x000000000800aabc       0x3c CMakeFiles/aaaaaaa.elf.dir/Core/Src/usb_otg.c.obj
                0x000000000800aabc                MX_USB_OTG_FS_PCD_Init
 .text.HAL_PCD_MspInit
                0x000000000800aaf8       0xb8 CMakeFiles/aaaaaaa.elf.dir/Core/Src/usb_otg.c.obj
                0x000000000800aaf8                HAL_PCD_MspInit
 .text.Reset_Handler
                0x000000000800abb0       0x50 CMakeFiles/aaaaaaa.elf.dir/Core/Startup/startup_stm32h743zitx.s.obj
                0x000000000800abb0                Reset_Handler
 .text.Default_Handler
                0x000000000800ac00        0x2 CMakeFiles/aaaaaaa.elf.dir/Core/Startup/startup_stm32h743zitx.s.obj
                0x000000000800ac00                RTC_Alarm_IRQHandler
                0x000000000800ac00                EXTI2_IRQHandler
                0x000000000800ac00                TIM8_CC_IRQHandler
                0x000000000800ac00                HRTIM1_Master_IRQHandler
                0x000000000800ac00                UART8_IRQHandler
                0x000000000800ac00                SPI4_IRQHandler
                0x000000000800ac00                TIM1_CC_IRQHandler
                0x000000000800ac00                BDMA_Channel6_IRQHandler
                0x000000000800ac00                DMA2_Stream5_IRQHandler
                0x000000000800ac00                HRTIM1_FLT_IRQHandler
                0x000000000800ac00                JPEG_IRQHandler
                0x000000000800ac00                DMA1_Stream5_IRQHandler
                0x000000000800ac00                BDMA_Channel1_IRQHandler
                0x000000000800ac00                HRTIM1_TIMD_IRQHandler
                0x000000000800ac00                TAMP_STAMP_IRQHandler
                0x000000000800ac00                EXTI3_IRQHandler
                0x000000000800ac00                LPTIM4_IRQHandler
                0x000000000800ac00                TIM8_TRG_COM_TIM14_IRQHandler
                0x000000000800ac00                LPTIM2_IRQHandler
                0x000000000800ac00                DFSDM1_FLT1_IRQHandler
                0x000000000800ac00                DMAMUX2_OVR_IRQHandler
                0x000000000800ac00                TIM8_UP_TIM13_IRQHandler
                0x000000000800ac00                I2C3_ER_IRQHandler
                0x000000000800ac00                DFSDM1_FLT2_IRQHandler
                0x000000000800ac00                MDMA_IRQHandler
                0x000000000800ac00                LPTIM3_IRQHandler
                0x000000000800ac00                HSEM1_IRQHandler
                0x000000000800ac00                EXTI0_IRQHandler
                0x000000000800ac00                I2C2_EV_IRQHandler
                0x000000000800ac00                DMA1_Stream2_IRQHandler
                0x000000000800ac00                FPU_IRQHandler
                0x000000000800ac00                OTG_HS_WKUP_IRQHandler
                0x000000000800ac00                FDCAN1_IT1_IRQHandler
                0x000000000800ac00                LTDC_ER_IRQHandler
                0x000000000800ac00                DMA2_Stream2_IRQHandler
                0x000000000800ac00                HRTIM1_TIME_IRQHandler
                0x000000000800ac00                SPI1_IRQHandler
                0x000000000800ac00                TIM6_DAC_IRQHandler
                0x000000000800ac00                DCMI_IRQHandler
                0x000000000800ac00                HRTIM1_TIMC_IRQHandler
                0x000000000800ac00                DMA2_Stream3_IRQHandler
                0x000000000800ac00                SAI2_IRQHandler
                0x000000000800ac00                DFSDM1_FLT3_IRQHandler
                0x000000000800ac00                USART6_IRQHandler
                0x000000000800ac00                USART3_IRQHandler
                0x000000000800ac00                BDMA_Channel7_IRQHandler
                0x000000000800ac00                LPTIM5_IRQHandler
                0x000000000800ac00                UART5_IRQHandler
                0x000000000800ac00                ADC3_IRQHandler
                0x000000000800ac00                DMA2_Stream0_IRQHandler
                0x000000000800ac00                TIM4_IRQHandler
                0x000000000800ac00                BDMA_Channel2_IRQHandler
                0x000000000800ac00                QUADSPI_IRQHandler
                0x000000000800ac00                I2C1_EV_IRQHandler
                0x000000000800ac00                DMA1_Stream6_IRQHandler
                0x000000000800ac00                DMAMUX1_OVR_IRQHandler
                0x000000000800ac00                DMA1_Stream1_IRQHandler
                0x000000000800ac00                UART4_IRQHandler
                0x000000000800ac00                BDMA_Channel5_IRQHandler
                0x000000000800ac00                TIM3_IRQHandler
                0x000000000800ac00                RCC_IRQHandler
                0x000000000800ac00                TIM8_BRK_TIM12_IRQHandler
                0x000000000800ac00                TIM1_TRG_COM_IRQHandler
                0x000000000800ac00                Default_Handler
                0x000000000800ac00                ECC_IRQHandler
                0x000000000800ac00                CEC_IRQHandler
                0x000000000800ac00                EXTI15_10_IRQHandler
                0x000000000800ac00                BDMA_Channel0_IRQHandler
                0x000000000800ac00                ADC_IRQHandler
                0x000000000800ac00                DMA1_Stream7_IRQHandler
                0x000000000800ac00                HRTIM1_TIMA_IRQHandler
                0x000000000800ac00                SPI5_IRQHandler
                0x000000000800ac00                TIM7_IRQHandler
                0x000000000800ac00                SDMMC1_IRQHandler
                0x000000000800ac00                TIM5_IRQHandler
                0x000000000800ac00                DMA2_Stream7_IRQHandler
                0x000000000800ac00                TIM15_IRQHandler
                0x000000000800ac00                PVD_AVD_IRQHandler
                0x000000000800ac00                I2C3_EV_IRQHandler
                0x000000000800ac00                EXTI9_5_IRQHandler
                0x000000000800ac00                RTC_WKUP_IRQHandler
                0x000000000800ac00                LTDC_IRQHandler
                0x000000000800ac00                SAI3_IRQHandler
                0x000000000800ac00                ETH_WKUP_IRQHandler
                0x000000000800ac00                SPDIF_RX_IRQHandler
                0x000000000800ac00                SPI2_IRQHandler
                0x000000000800ac00                OTG_HS_EP1_IN_IRQHandler
                0x000000000800ac00                DMA1_Stream0_IRQHandler
                0x000000000800ac00                CRS_IRQHandler
                0x000000000800ac00                EXTI4_IRQHandler
                0x000000000800ac00                RNG_IRQHandler
                0x000000000800ac00                HRTIM1_TIMB_IRQHandler
                0x000000000800ac00                FDCAN2_IT1_IRQHandler
                0x000000000800ac00                TIM1_UP_IRQHandler
                0x000000000800ac00                BDMA_Channel4_IRQHandler
                0x000000000800ac00                OTG_HS_EP1_OUT_IRQHandler
                0x000000000800ac00                WWDG_IRQHandler
                0x000000000800ac00                SPI6_IRQHandler
                0x000000000800ac00                MDIOS_IRQHandler
                0x000000000800ac00                I2C4_EV_IRQHandler
                0x000000000800ac00                FDCAN2_IT0_IRQHandler
                0x000000000800ac00                LPUART1_IRQHandler
                0x000000000800ac00                FDCAN1_IT0_IRQHandler
                0x000000000800ac00                TIM2_IRQHandler
                0x000000000800ac00                OTG_FS_WKUP_IRQHandler
                0x000000000800ac00                OTG_HS_IRQHandler
                0x000000000800ac00                DMA2D_IRQHandler
                0x000000000800ac00                TIM1_BRK_IRQHandler
                0x000000000800ac00                EXTI1_IRQHandler
                0x000000000800ac00                SDMMC2_IRQHandler
                0x000000000800ac00                OTG_FS_EP1_OUT_IRQHandler
                0x000000000800ac00                BDMA_Channel3_IRQHandler
                0x000000000800ac00                UART7_IRQHandler
                0x000000000800ac00                MDIOS_WKUP_IRQHandler
                0x000000000800ac00                USART2_IRQHandler
                0x000000000800ac00                DFSDM1_FLT0_IRQHandler
                0x000000000800ac00                SAI4_IRQHandler
                0x000000000800ac00                I2C2_ER_IRQHandler
                0x000000000800ac00                DMA2_Stream1_IRQHandler
                0x000000000800ac00                FLASH_IRQHandler
                0x000000000800ac00                DMA2_Stream4_IRQHandler
                0x000000000800ac00                USART1_IRQHandler
                0x000000000800ac00                OTG_FS_IRQHandler
                0x000000000800ac00                SPI3_IRQHandler
                0x000000000800ac00                WAKEUP_PIN_IRQHandler
                0x000000000800ac00                DMA1_Stream4_IRQHandler
                0x000000000800ac00                OTG_FS_EP1_IN_IRQHandler
                0x000000000800ac00                I2C1_ER_IRQHandler
                0x000000000800ac00                FMC_IRQHandler
                0x000000000800ac00                FDCAN_CAL_IRQHandler
                0x000000000800ac00                SWPMI1_IRQHandler
                0x000000000800ac00                COMP1_IRQHandler
                0x000000000800ac00                LPTIM1_IRQHandler
                0x000000000800ac00                I2C4_ER_IRQHandler
                0x000000000800ac00                DMA2_Stream6_IRQHandler
                0x000000000800ac00                SAI1_IRQHandler
                0x000000000800ac00                DMA1_Stream3_IRQHandler
 .text.LAN8742_RegisterBusIO
                0x000000000800ac02       0x3e CMakeFiles/aaaaaaa.elf.dir/Drivers/BSP/Components/lan8742/lan8742.c.obj
                0x000000000800ac02                LAN8742_RegisterBusIO
 .text.LAN8742_Init
                0x000000000800ac40       0xce CMakeFiles/aaaaaaa.elf.dir/Drivers/BSP/Components/lan8742/lan8742.c.obj
                0x000000000800ac40                LAN8742_Init
 .text.LAN8742_GetLinkState
                0x000000000800ad0e       0xc2 CMakeFiles/aaaaaaa.elf.dir/Drivers/BSP/Components/lan8742/lan8742.c.obj
                0x000000000800ad0e                LAN8742_GetLinkState
 .text.HAL_Init
                0x000000000800add0       0x5c CMakeFiles/aaaaaaa.elf.dir/Drivers/STM32H7xx_HAL_Driver/Src/stm32h7xx_hal.c.obj
                0x000000000800add0                HAL_Init
 .text.HAL_IncTick
                0x000000000800ae2c       0x18 CMakeFiles/aaaaaaa.elf.dir/Drivers/STM32H7xx_HAL_Driver/Src/stm32h7xx_hal.c.obj
                0x000000000800ae2c                HAL_IncTick
 .text.HAL_GetTick
                0x000000000800ae44        0xc CMakeFiles/aaaaaaa.elf.dir/Drivers/STM32H7xx_HAL_Driver/Src/stm32h7xx_hal.c.obj
                0x000000000800ae44                HAL_GetTick
 .text.HAL_Delay
                0x000000000800ae50       0x28 CMakeFiles/aaaaaaa.elf.dir/Drivers/STM32H7xx_HAL_Driver/Src/stm32h7xx_hal.c.obj
                0x000000000800ae50                HAL_Delay
 .text.HAL_GetREVID
                0x000000000800ae78        0xc CMakeFiles/aaaaaaa.elf.dir/Drivers/STM32H7xx_HAL_Driver/Src/stm32h7xx_hal.c.obj
                0x000000000800ae78                HAL_GetREVID
 .text.HAL_SYSCFG_ETHInterfaceSelect
                0x000000000800ae84       0x14 CMakeFiles/aaaaaaa.elf.dir/Drivers/STM32H7xx_HAL_Driver/Src/stm32h7xx_hal.c.obj
                0x000000000800ae84                HAL_SYSCFG_ETHInterfaceSelect
 .text.HAL_SYSCFG_AnalogSwitchConfig
                0x000000000800ae98       0x14 CMakeFiles/aaaaaaa.elf.dir/Drivers/STM32H7xx_HAL_Driver/Src/stm32h7xx_hal.c.obj
                0x000000000800ae98                HAL_SYSCFG_AnalogSwitchConfig
 .text.HAL_ADC_PollForConversion
                0x000000000800aeac      0x134 CMakeFiles/aaaaaaa.elf.dir/Drivers/STM32H7xx_HAL_Driver/Src/stm32h7xx_hal_adc.c.obj
                0x000000000800aeac                HAL_ADC_PollForConversion
 .text.HAL_ADC_GetValue
                0x000000000800afe0        0x6 CMakeFiles/aaaaaaa.elf.dir/Drivers/STM32H7xx_HAL_Driver/Src/stm32h7xx_hal_adc.c.obj
                0x000000000800afe0                HAL_ADC_GetValue
 *fill*         0x000000000800afe6        0x2 
 .text.HAL_ADC_ConfigChannel
                0x000000000800afe8      0x4dc CMakeFiles/aaaaaaa.elf.dir/Drivers/STM32H7xx_HAL_Driver/Src/stm32h7xx_hal_adc.c.obj
                0x000000000800afe8                HAL_ADC_ConfigChannel
 .text.ADC_ConversionStop
                0x000000000800b4c4       0xfc CMakeFiles/aaaaaaa.elf.dir/Drivers/STM32H7xx_HAL_Driver/Src/stm32h7xx_hal_adc.c.obj
                0x000000000800b4c4                ADC_ConversionStop
 .text.ADC_Enable
                0x000000000800b5c0       0xd4 CMakeFiles/aaaaaaa.elf.dir/Drivers/STM32H7xx_HAL_Driver/Src/stm32h7xx_hal_adc.c.obj
                0x000000000800b5c0                ADC_Enable
 .text.HAL_ADC_Start
                0x000000000800b694      0x110 CMakeFiles/aaaaaaa.elf.dir/Drivers/STM32H7xx_HAL_Driver/Src/stm32h7xx_hal_adc.c.obj
                0x000000000800b694                HAL_ADC_Start
 .text.ADC_Disable
                0x000000000800b7a4       0x94 CMakeFiles/aaaaaaa.elf.dir/Drivers/STM32H7xx_HAL_Driver/Src/stm32h7xx_hal_adc.c.obj
                0x000000000800b7a4                ADC_Disable
 .text.HAL_ADC_Stop
                0x000000000800b838       0x44 CMakeFiles/aaaaaaa.elf.dir/Drivers/STM32H7xx_HAL_Driver/Src/stm32h7xx_hal_adc.c.obj
                0x000000000800b838                HAL_ADC_Stop
 .text.ADC_ConfigureBoostMode
                0x000000000800b87c      0x164 CMakeFiles/aaaaaaa.elf.dir/Drivers/STM32H7xx_HAL_Driver/Src/stm32h7xx_hal_adc.c.obj
                0x000000000800b87c                ADC_ConfigureBoostMode
 .text.HAL_ADC_Init
                0x000000000800b9e0      0x260 CMakeFiles/aaaaaaa.elf.dir/Drivers/STM32H7xx_HAL_Driver/Src/stm32h7xx_hal_adc.c.obj
                0x000000000800b9e0                HAL_ADC_Init
 .text.HAL_ADCEx_Calibration_Start
                0x000000000800bc40       0xa8 CMakeFiles/aaaaaaa.elf.dir/Drivers/STM32H7xx_HAL_Driver/Src/stm32h7xx_hal_adc_ex.c.obj
                0x000000000800bc40                HAL_ADCEx_Calibration_Start
 .text.HAL_ADCEx_MultiModeConfigChannel
                0x000000000800bce8      0x164 CMakeFiles/aaaaaaa.elf.dir/Drivers/STM32H7xx_HAL_Driver/Src/stm32h7xx_hal_adc_ex.c.obj
                0x000000000800bce8                HAL_ADCEx_MultiModeConfigChannel
 .text.HAL_NVIC_SetPriorityGrouping
                0x000000000800be4c       0x24 CMakeFiles/aaaaaaa.elf.dir/Drivers/STM32H7xx_HAL_Driver/Src/stm32h7xx_hal_cortex.c.obj
                0x000000000800be4c                HAL_NVIC_SetPriorityGrouping
 .text.HAL_NVIC_SetPriority
                0x000000000800be70       0x64 CMakeFiles/aaaaaaa.elf.dir/Drivers/STM32H7xx_HAL_Driver/Src/stm32h7xx_hal_cortex.c.obj
                0x000000000800be70                HAL_NVIC_SetPriority
 .text.HAL_NVIC_EnableIRQ
                0x000000000800bed4       0x1c CMakeFiles/aaaaaaa.elf.dir/Drivers/STM32H7xx_HAL_Driver/Src/stm32h7xx_hal_cortex.c.obj
                0x000000000800bed4                HAL_NVIC_EnableIRQ
 .text.HAL_MPU_Disable
                0x000000000800bef0       0x20 CMakeFiles/aaaaaaa.elf.dir/Drivers/STM32H7xx_HAL_Driver/Src/stm32h7xx_hal_cortex.c.obj
                0x000000000800bef0                HAL_MPU_Disable
 .text.HAL_MPU_Enable
                0x000000000800bf10       0x24 CMakeFiles/aaaaaaa.elf.dir/Drivers/STM32H7xx_HAL_Driver/Src/stm32h7xx_hal_cortex.c.obj
                0x000000000800bf10                HAL_MPU_Enable
 .text.HAL_MPU_ConfigRegion
                0x000000000800bf34       0x54 CMakeFiles/aaaaaaa.elf.dir/Drivers/STM32H7xx_HAL_Driver/Src/stm32h7xx_hal_cortex.c.obj
                0x000000000800bf34                HAL_MPU_ConfigRegion
 .text.HAL_DAC_Init
                0x000000000800bf88       0x24 CMakeFiles/aaaaaaa.elf.dir/Drivers/STM32H7xx_HAL_Driver/Src/stm32h7xx_hal_dac.c.obj
                0x000000000800bf88                HAL_DAC_Init
 .text.HAL_DAC_ConfigChannel
                0x000000000800bfac      0x15c CMakeFiles/aaaaaaa.elf.dir/Drivers/STM32H7xx_HAL_Driver/Src/stm32h7xx_hal_dac.c.obj
                0x000000000800bfac                HAL_DAC_ConfigChannel
 .text.ETH_UpdateDescriptor
                0x000000000800c108       0x94 CMakeFiles/aaaaaaa.elf.dir/Drivers/STM32H7xx_HAL_Driver/Src/stm32h7xx_hal_eth.c.obj
 .text.ETH_SetMACConfig
                0x000000000800c19c      0x1b0 CMakeFiles/aaaaaaa.elf.dir/Drivers/STM32H7xx_HAL_Driver/Src/stm32h7xx_hal_eth.c.obj
 .text.ETH_SetDMAConfig
                0x000000000800c34c       0x98 CMakeFiles/aaaaaaa.elf.dir/Drivers/STM32H7xx_HAL_Driver/Src/stm32h7xx_hal_eth.c.obj
 .text.ETH_MACDMAConfig
                0x000000000800c3e4       0xdc CMakeFiles/aaaaaaa.elf.dir/Drivers/STM32H7xx_HAL_Driver/Src/stm32h7xx_hal_eth.c.obj
 .text.ETH_DMATxDescListInit
                0x000000000800c4c0       0x4e CMakeFiles/aaaaaaa.elf.dir/Drivers/STM32H7xx_HAL_Driver/Src/stm32h7xx_hal_eth.c.obj
 .text.ETH_DMARxDescListInit
                0x000000000800c50e       0x5e CMakeFiles/aaaaaaa.elf.dir/Drivers/STM32H7xx_HAL_Driver/Src/stm32h7xx_hal_eth.c.obj
 .text.ETH_Prepare_Tx_Descriptors
                0x000000000800c56c      0x378 CMakeFiles/aaaaaaa.elf.dir/Drivers/STM32H7xx_HAL_Driver/Src/stm32h7xx_hal_eth.c.obj
 .text.HAL_ETH_Start_IT
                0x000000000800c8e4       0xac CMakeFiles/aaaaaaa.elf.dir/Drivers/STM32H7xx_HAL_Driver/Src/stm32h7xx_hal_eth.c.obj
                0x000000000800c8e4                HAL_ETH_Start_IT
 .text.HAL_ETH_Stop_IT
                0x000000000800c990       0x90 CMakeFiles/aaaaaaa.elf.dir/Drivers/STM32H7xx_HAL_Driver/Src/stm32h7xx_hal_eth.c.obj
                0x000000000800c990                HAL_ETH_Stop_IT
 .text.HAL_ETH_Transmit_IT
                0x000000000800ca20       0x66 CMakeFiles/aaaaaaa.elf.dir/Drivers/STM32H7xx_HAL_Driver/Src/stm32h7xx_hal_eth.c.obj
                0x000000000800ca20                HAL_ETH_Transmit_IT
 .text.HAL_ETH_ReadData
                0x000000000800ca86       0xfe CMakeFiles/aaaaaaa.elf.dir/Drivers/STM32H7xx_HAL_Driver/Src/stm32h7xx_hal_eth.c.obj
                0x000000000800ca86                HAL_ETH_ReadData
 .text.HAL_ETH_ReleaseTxPacket
                0x000000000800cb84       0x5c CMakeFiles/aaaaaaa.elf.dir/Drivers/STM32H7xx_HAL_Driver/Src/stm32h7xx_hal_eth.c.obj
                0x000000000800cb84                HAL_ETH_ReleaseTxPacket
 .text.HAL_ETH_PMTCallback
                0x000000000800cbe0        0x2 CMakeFiles/aaaaaaa.elf.dir/Drivers/STM32H7xx_HAL_Driver/Src/stm32h7xx_hal_eth.c.obj
                0x000000000800cbe0                HAL_ETH_PMTCallback
 .text.HAL_ETH_EEECallback
                0x000000000800cbe2        0x2 CMakeFiles/aaaaaaa.elf.dir/Drivers/STM32H7xx_HAL_Driver/Src/stm32h7xx_hal_eth.c.obj
                0x000000000800cbe2                HAL_ETH_EEECallback
 .text.HAL_ETH_WakeUpCallback
                0x000000000800cbe4        0x2 CMakeFiles/aaaaaaa.elf.dir/Drivers/STM32H7xx_HAL_Driver/Src/stm32h7xx_hal_eth.c.obj
                0x000000000800cbe4                HAL_ETH_WakeUpCallback
 *fill*         0x000000000800cbe6        0x2 
 .text.HAL_ETH_IRQHandler
                0x000000000800cbe8      0x170 CMakeFiles/aaaaaaa.elf.dir/Drivers/STM32H7xx_HAL_Driver/Src/stm32h7xx_hal_eth.c.obj
                0x000000000800cbe8                HAL_ETH_IRQHandler
 .text.HAL_ETH_ReadPHYRegister
                0x000000000800cd58       0x60 CMakeFiles/aaaaaaa.elf.dir/Drivers/STM32H7xx_HAL_Driver/Src/stm32h7xx_hal_eth.c.obj
                0x000000000800cd58                HAL_ETH_ReadPHYRegister
 .text.HAL_ETH_WritePHYRegister
                0x000000000800cdb8       0x68 CMakeFiles/aaaaaaa.elf.dir/Drivers/STM32H7xx_HAL_Driver/Src/stm32h7xx_hal_eth.c.obj
                0x000000000800cdb8                HAL_ETH_WritePHYRegister
 .text.HAL_ETH_GetMACConfig
                0x000000000800ce20      0x1e6 CMakeFiles/aaaaaaa.elf.dir/Drivers/STM32H7xx_HAL_Driver/Src/stm32h7xx_hal_eth.c.obj
                0x000000000800ce20                HAL_ETH_GetMACConfig
 .text.HAL_ETH_SetMACConfig
                0x000000000800d006       0x1c CMakeFiles/aaaaaaa.elf.dir/Drivers/STM32H7xx_HAL_Driver/Src/stm32h7xx_hal_eth.c.obj
                0x000000000800d006                HAL_ETH_SetMACConfig
 *fill*         0x000000000800d022        0x2 
 .text.HAL_ETH_SetMDIOClockRange
                0x000000000800d024       0x78 CMakeFiles/aaaaaaa.elf.dir/Drivers/STM32H7xx_HAL_Driver/Src/stm32h7xx_hal_eth.c.obj
                0x000000000800d024                HAL_ETH_SetMDIOClockRange
 .text.HAL_ETH_Init
                0x000000000800d09c      0x144 CMakeFiles/aaaaaaa.elf.dir/Drivers/STM32H7xx_HAL_Driver/Src/stm32h7xx_hal_eth.c.obj
                0x000000000800d09c                HAL_ETH_Init
 .text.HAL_ETH_GetDMAError
                0x000000000800d1e0        0x6 CMakeFiles/aaaaaaa.elf.dir/Drivers/STM32H7xx_HAL_Driver/Src/stm32h7xx_hal_eth.c.obj
                0x000000000800d1e0                HAL_ETH_GetDMAError
 *fill*         0x000000000800d1e6        0x2 
 .text.FDCAN_CalcultateRamBlockAddresses
                0x000000000800d1e8      0x1d8 CMakeFiles/aaaaaaa.elf.dir/Drivers/STM32H7xx_HAL_Driver/Src/stm32h7xx_hal_fdcan.c.obj
 .text.HAL_FDCAN_Init
                0x000000000800d3c0      0x294 CMakeFiles/aaaaaaa.elf.dir/Drivers/STM32H7xx_HAL_Driver/Src/stm32h7xx_hal_fdcan.c.obj
                0x000000000800d3c0                HAL_FDCAN_Init
 .text.HAL_GPIO_Init
                0x000000000800d654      0x1ec CMakeFiles/aaaaaaa.elf.dir/Drivers/STM32H7xx_HAL_Driver/Src/stm32h7xx_hal_gpio.c.obj
                0x000000000800d654                HAL_GPIO_Init
 .text.HAL_GPIO_WritePin
                0x000000000800d840        0xc CMakeFiles/aaaaaaa.elf.dir/Drivers/STM32H7xx_HAL_Driver/Src/stm32h7xx_hal_gpio.c.obj
                0x000000000800d840                HAL_GPIO_WritePin
 .text.HAL_I2C_Init
                0x000000000800d84c       0xbc CMakeFiles/aaaaaaa.elf.dir/Drivers/STM32H7xx_HAL_Driver/Src/stm32h7xx_hal_i2c.c.obj
                0x000000000800d84c                HAL_I2C_Init
 .text.HAL_I2CEx_ConfigAnalogFilter
                0x000000000800d908       0x5c CMakeFiles/aaaaaaa.elf.dir/Drivers/STM32H7xx_HAL_Driver/Src/stm32h7xx_hal_i2c_ex.c.obj
                0x000000000800d908                HAL_I2CEx_ConfigAnalogFilter
 .text.HAL_I2CEx_ConfigDigitalFilter
                0x000000000800d964       0x58 CMakeFiles/aaaaaaa.elf.dir/Drivers/STM32H7xx_HAL_Driver/Src/stm32h7xx_hal_i2c_ex.c.obj
                0x000000000800d964                HAL_I2CEx_ConfigDigitalFilter
 .text.HAL_IWDG_Init
                0x000000000800d9bc       0x68 CMakeFiles/aaaaaaa.elf.dir/Drivers/STM32H7xx_HAL_Driver/Src/stm32h7xx_hal_iwdg.c.obj
                0x000000000800d9bc                HAL_IWDG_Init
 .text.HAL_IWDG_Refresh
                0x000000000800da24        0xc CMakeFiles/aaaaaaa.elf.dir/Drivers/STM32H7xx_HAL_Driver/Src/stm32h7xx_hal_iwdg.c.obj
                0x000000000800da24                HAL_IWDG_Refresh
 .text.HAL_PCD_Init
                0x000000000800da30      0x134 CMakeFiles/aaaaaaa.elf.dir/Drivers/STM32H7xx_HAL_Driver/Src/stm32h7xx_hal_pcd.c.obj
                0x000000000800da30                HAL_PCD_Init
 .text.HAL_PCDEx_ActivateLPM
                0x000000000800db64       0x28 CMakeFiles/aaaaaaa.elf.dir/Drivers/STM32H7xx_HAL_Driver/Src/stm32h7xx_hal_pcd_ex.c.obj
                0x000000000800db64                HAL_PCDEx_ActivateLPM
 .text.HAL_PWREx_ConfigSupply
                0x000000000800db8c       0x54 CMakeFiles/aaaaaaa.elf.dir/Drivers/STM32H7xx_HAL_Driver/Src/stm32h7xx_hal_pwr_ex.c.obj
                0x000000000800db8c                HAL_PWREx_ConfigSupply
 .text.HAL_PWREx_EnableUSBVoltageDetector
                0x000000000800dbe0       0x10 CMakeFiles/aaaaaaa.elf.dir/Drivers/STM32H7xx_HAL_Driver/Src/stm32h7xx_hal_pwr_ex.c.obj
                0x000000000800dbe0                HAL_PWREx_EnableUSBVoltageDetector
 .text.HAL_RCC_OscConfig
                0x000000000800dbf0      0x674 CMakeFiles/aaaaaaa.elf.dir/Drivers/STM32H7xx_HAL_Driver/Src/stm32h7xx_hal_rcc.c.obj
                0x000000000800dbf0                HAL_RCC_OscConfig
 .text.HAL_RCC_GetSysClockFreq
                0x000000000800e264      0x1f4 CMakeFiles/aaaaaaa.elf.dir/Drivers/STM32H7xx_HAL_Driver/Src/stm32h7xx_hal_rcc.c.obj
                0x000000000800e264                HAL_RCC_GetSysClockFreq
 .text.HAL_RCC_ClockConfig
                0x000000000800e458      0x294 CMakeFiles/aaaaaaa.elf.dir/Drivers/STM32H7xx_HAL_Driver/Src/stm32h7xx_hal_rcc.c.obj
                0x000000000800e458                HAL_RCC_ClockConfig
 .text.HAL_RCC_GetHCLKFreq
                0x000000000800e6ec       0x44 CMakeFiles/aaaaaaa.elf.dir/Drivers/STM32H7xx_HAL_Driver/Src/stm32h7xx_hal_rcc.c.obj
                0x000000000800e6ec                HAL_RCC_GetHCLKFreq
 .text.HAL_RCC_GetPCLK1Freq
                0x000000000800e730       0x24 CMakeFiles/aaaaaaa.elf.dir/Drivers/STM32H7xx_HAL_Driver/Src/stm32h7xx_hal_rcc.c.obj
                0x000000000800e730                HAL_RCC_GetPCLK1Freq
 .text.HAL_RCC_GetPCLK2Freq
                0x000000000800e754       0x24 CMakeFiles/aaaaaaa.elf.dir/Drivers/STM32H7xx_HAL_Driver/Src/stm32h7xx_hal_rcc.c.obj
                0x000000000800e754                HAL_RCC_GetPCLK2Freq
 .text.HAL_RCC_GetClockConfig
                0x000000000800e778       0x54 CMakeFiles/aaaaaaa.elf.dir/Drivers/STM32H7xx_HAL_Driver/Src/stm32h7xx_hal_rcc.c.obj
                0x000000000800e778                HAL_RCC_GetClockConfig
 .text.RCCEx_PLL2_Config
                0x000000000800e7cc      0x10c CMakeFiles/aaaaaaa.elf.dir/Drivers/STM32H7xx_HAL_Driver/Src/stm32h7xx_hal_rcc_ex.c.obj
 .text.RCCEx_PLL3_Config
                0x000000000800e8d8      0x10c CMakeFiles/aaaaaaa.elf.dir/Drivers/STM32H7xx_HAL_Driver/Src/stm32h7xx_hal_rcc_ex.c.obj
 .text.HAL_RCCEx_PeriphCLKConfig
                0x000000000800e9e4      0x9c4 CMakeFiles/aaaaaaa.elf.dir/Drivers/STM32H7xx_HAL_Driver/Src/stm32h7xx_hal_rcc_ex.c.obj
                0x000000000800e9e4                HAL_RCCEx_PeriphCLKConfig
 .text.HAL_RCCEx_GetD3PCLK1Freq
                0x000000000800f3a8       0x24 CMakeFiles/aaaaaaa.elf.dir/Drivers/STM32H7xx_HAL_Driver/Src/stm32h7xx_hal_rcc_ex.c.obj
                0x000000000800f3a8                HAL_RCCEx_GetD3PCLK1Freq
 .text.HAL_RCCEx_GetPLL2ClockFreq
                0x000000000800f3cc      0x1fc CMakeFiles/aaaaaaa.elf.dir/Drivers/STM32H7xx_HAL_Driver/Src/stm32h7xx_hal_rcc_ex.c.obj
                0x000000000800f3cc                HAL_RCCEx_GetPLL2ClockFreq
 .text.HAL_RCCEx_GetPLL3ClockFreq
                0x000000000800f5c8      0x1fc CMakeFiles/aaaaaaa.elf.dir/Drivers/STM32H7xx_HAL_Driver/Src/stm32h7xx_hal_rcc_ex.c.obj
                0x000000000800f5c8                HAL_RCCEx_GetPLL3ClockFreq
 .text.HAL_RCCEx_GetPLL1ClockFreq
                0x000000000800f7c4      0x1fc CMakeFiles/aaaaaaa.elf.dir/Drivers/STM32H7xx_HAL_Driver/Src/stm32h7xx_hal_rcc_ex.c.obj
                0x000000000800f7c4                HAL_RCCEx_GetPLL1ClockFreq
 .text.HAL_RCCEx_GetPeriphCLKFreq
                0x000000000800f9c0      0x614 CMakeFiles/aaaaaaa.elf.dir/Drivers/STM32H7xx_HAL_Driver/Src/stm32h7xx_hal_rcc_ex.c.obj
                0x000000000800f9c0                HAL_RCCEx_GetPeriphCLKFreq
 .text.TIM_OC1_SetConfig
                0x000000000800ffd4       0xa4 CMakeFiles/aaaaaaa.elf.dir/Drivers/STM32H7xx_HAL_Driver/Src/stm32h7xx_hal_tim.c.obj
 .text.TIM_OC3_SetConfig
                0x0000000008010078       0x94 CMakeFiles/aaaaaaa.elf.dir/Drivers/STM32H7xx_HAL_Driver/Src/stm32h7xx_hal_tim.c.obj
 .text.TIM_OC4_SetConfig
                0x000000000801010c       0x74 CMakeFiles/aaaaaaa.elf.dir/Drivers/STM32H7xx_HAL_Driver/Src/stm32h7xx_hal_tim.c.obj
 .text.TIM_OC5_SetConfig
                0x0000000008010180       0x74 CMakeFiles/aaaaaaa.elf.dir/Drivers/STM32H7xx_HAL_Driver/Src/stm32h7xx_hal_tim.c.obj
 .text.TIM_OC6_SetConfig
                0x00000000080101f4       0x74 CMakeFiles/aaaaaaa.elf.dir/Drivers/STM32H7xx_HAL_Driver/Src/stm32h7xx_hal_tim.c.obj
 .text.HAL_TIM_Base_Start_IT
                0x0000000008010268       0x90 CMakeFiles/aaaaaaa.elf.dir/Drivers/STM32H7xx_HAL_Driver/Src/stm32h7xx_hal_tim.c.obj
                0x0000000008010268                HAL_TIM_Base_Start_IT
 .text.HAL_TIM_OC_DelayElapsedCallback
                0x00000000080102f8        0x2 CMakeFiles/aaaaaaa.elf.dir/Drivers/STM32H7xx_HAL_Driver/Src/stm32h7xx_hal_tim.c.obj
                0x00000000080102f8                HAL_TIM_OC_DelayElapsedCallback
 .text.HAL_TIM_IC_CaptureCallback
                0x00000000080102fa        0x2 CMakeFiles/aaaaaaa.elf.dir/Drivers/STM32H7xx_HAL_Driver/Src/stm32h7xx_hal_tim.c.obj
                0x00000000080102fa                HAL_TIM_IC_CaptureCallback
 .text.HAL_TIM_PWM_PulseFinishedCallback
                0x00000000080102fc        0x2 CMakeFiles/aaaaaaa.elf.dir/Drivers/STM32H7xx_HAL_Driver/Src/stm32h7xx_hal_tim.c.obj
                0x00000000080102fc                HAL_TIM_PWM_PulseFinishedCallback
 .text.HAL_TIM_TriggerCallback
                0x00000000080102fe        0x2 CMakeFiles/aaaaaaa.elf.dir/Drivers/STM32H7xx_HAL_Driver/Src/stm32h7xx_hal_tim.c.obj
                0x00000000080102fe                HAL_TIM_TriggerCallback
 .text.HAL_TIM_IRQHandler
                0x0000000008010300      0x19a CMakeFiles/aaaaaaa.elf.dir/Drivers/STM32H7xx_HAL_Driver/Src/stm32h7xx_hal_tim.c.obj
                0x0000000008010300                HAL_TIM_IRQHandler
 *fill*         0x000000000801049a        0x2 
 .text.TIM_Base_SetConfig
                0x000000000801049c      0x100 CMakeFiles/aaaaaaa.elf.dir/Drivers/STM32H7xx_HAL_Driver/Src/stm32h7xx_hal_tim.c.obj
                0x000000000801049c                TIM_Base_SetConfig
 .text.HAL_TIM_Base_Init
                0x000000000801059c       0x60 CMakeFiles/aaaaaaa.elf.dir/Drivers/STM32H7xx_HAL_Driver/Src/stm32h7xx_hal_tim.c.obj
                0x000000000801059c                HAL_TIM_Base_Init
 .text.HAL_TIM_PWM_Init
                0x00000000080105fc       0x60 CMakeFiles/aaaaaaa.elf.dir/Drivers/STM32H7xx_HAL_Driver/Src/stm32h7xx_hal_tim.c.obj
                0x00000000080105fc                HAL_TIM_PWM_Init
 .text.TIM_OC2_SetConfig
                0x000000000801065c       0x94 CMakeFiles/aaaaaaa.elf.dir/Drivers/STM32H7xx_HAL_Driver/Src/stm32h7xx_hal_tim.c.obj
                0x000000000801065c                TIM_OC2_SetConfig
 .text.HAL_TIM_PWM_ConfigChannel
                0x00000000080106f0      0x13a CMakeFiles/aaaaaaa.elf.dir/Drivers/STM32H7xx_HAL_Driver/Src/stm32h7xx_hal_tim.c.obj
                0x00000000080106f0                HAL_TIM_PWM_ConfigChannel
 .text.TIM_CCxChannelCmd
                0x000000000801082a       0x24 CMakeFiles/aaaaaaa.elf.dir/Drivers/STM32H7xx_HAL_Driver/Src/stm32h7xx_hal_tim.c.obj
                0x000000000801082a                TIM_CCxChannelCmd
 *fill*         0x000000000801084e        0x2 
 .text.HAL_TIM_PWM_Start
                0x0000000008010850      0x168 CMakeFiles/aaaaaaa.elf.dir/Drivers/STM32H7xx_HAL_Driver/Src/stm32h7xx_hal_tim.c.obj
                0x0000000008010850                HAL_TIM_PWM_Start
 .text.HAL_TIMEx_MasterConfigSynchronization
                0x00000000080109b8       0xa0 CMakeFiles/aaaaaaa.elf.dir/Drivers/STM32H7xx_HAL_Driver/Src/stm32h7xx_hal_tim_ex.c.obj
                0x00000000080109b8                HAL_TIMEx_MasterConfigSynchronization
 .text.HAL_TIMEx_ConfigBreakDeadTime
                0x0000000008010a58       0x90 CMakeFiles/aaaaaaa.elf.dir/Drivers/STM32H7xx_HAL_Driver/Src/stm32h7xx_hal_tim_ex.c.obj
                0x0000000008010a58                HAL_TIMEx_ConfigBreakDeadTime
 .text.HAL_TIMEx_CommutCallback
                0x0000000008010ae8        0x2 CMakeFiles/aaaaaaa.elf.dir/Drivers/STM32H7xx_HAL_Driver/Src/stm32h7xx_hal_tim_ex.c.obj
                0x0000000008010ae8                HAL_TIMEx_CommutCallback
 .text.HAL_TIMEx_BreakCallback
                0x0000000008010aea        0x2 CMakeFiles/aaaaaaa.elf.dir/Drivers/STM32H7xx_HAL_Driver/Src/stm32h7xx_hal_tim_ex.c.obj
                0x0000000008010aea                HAL_TIMEx_BreakCallback
 .text.HAL_TIMEx_Break2Callback
                0x0000000008010aec        0x2 CMakeFiles/aaaaaaa.elf.dir/Drivers/STM32H7xx_HAL_Driver/Src/stm32h7xx_hal_tim_ex.c.obj
                0x0000000008010aec                HAL_TIMEx_Break2Callback
 *fill*         0x0000000008010aee        0x2 
 .text.UART_SetConfig
                0x0000000008010af0      0x5fc CMakeFiles/aaaaaaa.elf.dir/Drivers/STM32H7xx_HAL_Driver/Src/stm32h7xx_hal_uart.c.obj
                0x0000000008010af0                UART_SetConfig
 .text.UART_AdvFeatureConfig
                0x00000000080110ec       0xca CMakeFiles/aaaaaaa.elf.dir/Drivers/STM32H7xx_HAL_Driver/Src/stm32h7xx_hal_uart.c.obj
                0x00000000080110ec                UART_AdvFeatureConfig
 .text.UART_WaitOnFlagUntilTimeout
                0x00000000080111b6       0xd8 CMakeFiles/aaaaaaa.elf.dir/Drivers/STM32H7xx_HAL_Driver/Src/stm32h7xx_hal_uart.c.obj
                0x00000000080111b6                UART_WaitOnFlagUntilTimeout
 .text.HAL_UART_Transmit
                0x000000000801128e       0xe2 CMakeFiles/aaaaaaa.elf.dir/Drivers/STM32H7xx_HAL_Driver/Src/stm32h7xx_hal_uart.c.obj
                0x000000000801128e                HAL_UART_Transmit
 .text.UART_CheckIdleState
                0x0000000008011370       0x74 CMakeFiles/aaaaaaa.elf.dir/Drivers/STM32H7xx_HAL_Driver/Src/stm32h7xx_hal_uart.c.obj
                0x0000000008011370                UART_CheckIdleState
 .text.HAL_UART_Init
                0x00000000080113e4       0x66 CMakeFiles/aaaaaaa.elf.dir/Drivers/STM32H7xx_HAL_Driver/Src/stm32h7xx_hal_uart.c.obj
                0x00000000080113e4                HAL_UART_Init
 *fill*         0x000000000801144a        0x2 
 .text.UARTEx_SetNbDataToProcess
                0x000000000801144c       0x4c CMakeFiles/aaaaaaa.elf.dir/Drivers/STM32H7xx_HAL_Driver/Src/stm32h7xx_hal_uart_ex.c.obj
 .text.HAL_UARTEx_DisableFifoMode
                0x0000000008011498       0x3e CMakeFiles/aaaaaaa.elf.dir/Drivers/STM32H7xx_HAL_Driver/Src/stm32h7xx_hal_uart_ex.c.obj
                0x0000000008011498                HAL_UARTEx_DisableFifoMode
 .text.HAL_UARTEx_SetTxFifoThreshold
                0x00000000080114d6       0x4a CMakeFiles/aaaaaaa.elf.dir/Drivers/STM32H7xx_HAL_Driver/Src/stm32h7xx_hal_uart_ex.c.obj
                0x00000000080114d6                HAL_UARTEx_SetTxFifoThreshold
 .text.HAL_UARTEx_SetRxFifoThreshold
                0x0000000008011520       0x4a CMakeFiles/aaaaaaa.elf.dir/Drivers/STM32H7xx_HAL_Driver/Src/stm32h7xx_hal_uart_ex.c.obj
                0x0000000008011520                HAL_UARTEx_SetRxFifoThreshold
 *fill*         0x000000000801156a        0x2 
 .text.USB_CoreReset
                0x000000000801156c       0x50 CMakeFiles/aaaaaaa.elf.dir/Drivers/STM32H7xx_HAL_Driver/Src/stm32h7xx_ll_usb.c.obj
 .text.USB_CoreInit
                0x00000000080115bc       0x9c CMakeFiles/aaaaaaa.elf.dir/Drivers/STM32H7xx_HAL_Driver/Src/stm32h7xx_ll_usb.c.obj
                0x00000000080115bc                USB_CoreInit
 .text.USB_DisableGlobalInt
                0x0000000008011658        0xc CMakeFiles/aaaaaaa.elf.dir/Drivers/STM32H7xx_HAL_Driver/Src/stm32h7xx_ll_usb.c.obj
                0x0000000008011658                USB_DisableGlobalInt
 .text.USB_FlushTxFifo
                0x0000000008011664       0x50 CMakeFiles/aaaaaaa.elf.dir/Drivers/STM32H7xx_HAL_Driver/Src/stm32h7xx_ll_usb.c.obj
                0x0000000008011664                USB_FlushTxFifo
 .text.USB_FlushRxFifo
                0x00000000080116b4       0x4c CMakeFiles/aaaaaaa.elf.dir/Drivers/STM32H7xx_HAL_Driver/Src/stm32h7xx_ll_usb.c.obj
                0x00000000080116b4                USB_FlushRxFifo
 .text.USB_SetDevSpeed
                0x0000000008011700        0xe CMakeFiles/aaaaaaa.elf.dir/Drivers/STM32H7xx_HAL_Driver/Src/stm32h7xx_ll_usb.c.obj
                0x0000000008011700                USB_SetDevSpeed
 *fill*         0x000000000801170e        0x2 
 .text.USB_DevInit
                0x0000000008011710      0x190 CMakeFiles/aaaaaaa.elf.dir/Drivers/STM32H7xx_HAL_Driver/Src/stm32h7xx_ll_usb.c.obj
                0x0000000008011710                USB_DevInit
 .text.USB_DevDisconnect
                0x00000000080118a0       0x1c CMakeFiles/aaaaaaa.elf.dir/Drivers/STM32H7xx_HAL_Driver/Src/stm32h7xx_ll_usb.c.obj
                0x00000000080118a0                USB_DevDisconnect
 .text.USB_GetMode
                0x00000000080118bc        0x8 CMakeFiles/aaaaaaa.elf.dir/Drivers/STM32H7xx_HAL_Driver/Src/stm32h7xx_ll_usb.c.obj
                0x00000000080118bc                USB_GetMode
 .text.USB_SetCurrentMode
                0x00000000080118c4       0x62 CMakeFiles/aaaaaaa.elf.dir/Drivers/STM32H7xx_HAL_Driver/Src/stm32h7xx_ll_usb.c.obj
                0x00000000080118c4                USB_SetCurrentMode
 *fill*         0x0000000008011926        0x2 
 .text.MSGinit  0x0000000008011928       0x38 CMakeFiles/aaaaaaa.elf.dir/JAVELIBS/src/MSGHandler.c.obj
                0x0000000008011928                MSGinit
 .text.MSGReceive
                0x0000000008011960       0xec CMakeFiles/aaaaaaa.elf.dir/JAVELIBS/src/MSGHandler.c.obj
                0x0000000008011960                MSGReceive
 .text.MSGHandleLoop
                0x0000000008011a4c       0x94 CMakeFiles/aaaaaaa.elf.dir/JAVELIBS/src/MSGHandler.c.obj
                0x0000000008011a4c                MSGHandleLoop
 .text.servo_Set
                0x0000000008011ae0       0x78 CMakeFiles/aaaaaaa.elf.dir/JAVELIBS/src/Servo.c.obj
                0x0000000008011ae0                servo_Set
 .text.servo_InputPWM
                0x0000000008011b58       0x1c CMakeFiles/aaaaaaa.elf.dir/JAVELIBS/src/Servo.c.obj
                0x0000000008011b58                servo_InputPWM
 .text.setPower
                0x0000000008011b74       0x64 CMakeFiles/aaaaaaa.elf.dir/JAVELIBS/src/TraxxasESC.c.obj
                0x0000000008011b74                setPower
 .text.armESC_RTOS
                0x0000000008011bd8       0x64 CMakeFiles/aaaaaaa.elf.dir/JAVELIBS/src/TraxxasESC.c.obj
                0x0000000008011bd8                armESC_RTOS
 .text.ESC_InputPWM
                0x0000000008011c3c       0x20 CMakeFiles/aaaaaaa.elf.dir/JAVELIBS/src/TraxxasESC.c.obj
                0x0000000008011c3c                ESC_InputPWM
 .text.tcp_thread
                0x0000000008011c5c      0x130 CMakeFiles/aaaaaaa.elf.dir/JAVELIBS/src/tcpserver.c.obj
 .text.tcpserver_init
                0x0000000008011d8c       0x24 CMakeFiles/aaaaaaa.elf.dir/JAVELIBS/src/tcpserver.c.obj
                0x0000000008011d8c                tcpserver_init
 .text.ethernet_link_status_updated
                0x0000000008011db0        0x2 CMakeFiles/aaaaaaa.elf.dir/LWIP/App/lwip.c.obj
 *fill*         0x0000000008011db2        0x2 
 .text.MX_LWIP_Init
                0x0000000008011db4      0x158 CMakeFiles/aaaaaaa.elf.dir/LWIP/App/lwip.c.obj
                0x0000000008011db4                MX_LWIP_Init
 .text.ETH_PHY_IO_DeInit
                0x0000000008011f0c        0x4 CMakeFiles/aaaaaaa.elf.dir/LWIP/Target/ethernetif.c.obj
                0x0000000008011f0c                ETH_PHY_IO_DeInit
 .text.low_level_input
                0x0000000008011f10       0x28 CMakeFiles/aaaaaaa.elf.dir/LWIP/Target/ethernetif.c.obj
 .text.ethernetif_input
                0x0000000008011f38       0x3c CMakeFiles/aaaaaaa.elf.dir/LWIP/Target/ethernetif.c.obj
                0x0000000008011f38                ethernetif_input
 .text.low_level_output
                0x0000000008011f74       0xb0 CMakeFiles/aaaaaaa.elf.dir/LWIP/Target/ethernetif.c.obj
 .text.low_level_init
                0x0000000008012024      0x1b0 CMakeFiles/aaaaaaa.elf.dir/LWIP/Target/ethernetif.c.obj
 .text.pbuf_free_custom
                0x00000000080121d4       0x30 CMakeFiles/aaaaaaa.elf.dir/LWIP/Target/ethernetif.c.obj
                0x00000000080121d4                pbuf_free_custom
 .text.ETH_PHY_IO_GetTick
                0x0000000008012204        0x8 CMakeFiles/aaaaaaa.elf.dir/LWIP/Target/ethernetif.c.obj
                0x0000000008012204                ETH_PHY_IO_GetTick
 .text.ETH_PHY_IO_Init
                0x000000000801220c       0x10 CMakeFiles/aaaaaaa.elf.dir/LWIP/Target/ethernetif.c.obj
                0x000000000801220c                ETH_PHY_IO_Init
 .text.ETH_PHY_IO_ReadReg
                0x000000000801221c       0x1c CMakeFiles/aaaaaaa.elf.dir/LWIP/Target/ethernetif.c.obj
                0x000000000801221c                ETH_PHY_IO_ReadReg
 .text.ETH_PHY_IO_WriteReg
                0x0000000008012238       0x1c CMakeFiles/aaaaaaa.elf.dir/LWIP/Target/ethernetif.c.obj
                0x0000000008012238                ETH_PHY_IO_WriteReg
 .text.HAL_ETH_RxCpltCallback
                0x0000000008012254       0x10 CMakeFiles/aaaaaaa.elf.dir/LWIP/Target/ethernetif.c.obj
                0x0000000008012254                HAL_ETH_RxCpltCallback
 .text.HAL_ETH_TxCpltCallback
                0x0000000008012264       0x10 CMakeFiles/aaaaaaa.elf.dir/LWIP/Target/ethernetif.c.obj
                0x0000000008012264                HAL_ETH_TxCpltCallback
 .text.HAL_ETH_ErrorCallback
                0x0000000008012274       0x1c CMakeFiles/aaaaaaa.elf.dir/LWIP/Target/ethernetif.c.obj
                0x0000000008012274                HAL_ETH_ErrorCallback
 .text.ethernetif_init
                0x0000000008012290       0x48 CMakeFiles/aaaaaaa.elf.dir/LWIP/Target/ethernetif.c.obj
                0x0000000008012290                ethernetif_init
 .text.sys_now  0x00000000080122d8        0x8 CMakeFiles/aaaaaaa.elf.dir/LWIP/Target/ethernetif.c.obj
                0x00000000080122d8                sys_now
 .text.HAL_ETH_MspInit
                0x00000000080122e0      0x14c CMakeFiles/aaaaaaa.elf.dir/LWIP/Target/ethernetif.c.obj
                0x00000000080122e0                HAL_ETH_MspInit
 .text.ethernet_link_thread
                0x000000000801242c       0xd8 CMakeFiles/aaaaaaa.elf.dir/LWIP/Target/ethernetif.c.obj
                0x000000000801242c                ethernet_link_thread
 .text.HAL_ETH_RxAllocateCallback
                0x0000000008012504       0x4c CMakeFiles/aaaaaaa.elf.dir/LWIP/Target/ethernetif.c.obj
                0x0000000008012504                HAL_ETH_RxAllocateCallback
 .text.HAL_ETH_RxLinkCallback
                0x0000000008012550       0x5c CMakeFiles/aaaaaaa.elf.dir/LWIP/Target/ethernetif.c.obj
                0x0000000008012550                HAL_ETH_RxLinkCallback
 .text.HAL_ETH_TxFreeCallback
                0x00000000080125ac        0x8 CMakeFiles/aaaaaaa.elf.dir/LWIP/Target/ethernetif.c.obj
                0x00000000080125ac                HAL_ETH_TxFreeCallback
 .text.SysTick_Handler
                0x00000000080125b4       0x1c CMakeFiles/aaaaaaa.elf.dir/Middlewares/Third_Party/FreeRTOS/Source/CMSIS_RTOS_V2/cmsis_os2.c.obj
                0x00000000080125b4                SysTick_Handler
 .text.osKernelInitialize
                0x00000000080125d0       0x24 CMakeFiles/aaaaaaa.elf.dir/Middlewares/Third_Party/FreeRTOS/Source/CMSIS_RTOS_V2/cmsis_os2.c.obj
                0x00000000080125d0                osKernelInitialize
 .text.osKernelStart
                0x00000000080125f4       0x38 CMakeFiles/aaaaaaa.elf.dir/Middlewares/Third_Party/FreeRTOS/Source/CMSIS_RTOS_V2/cmsis_os2.c.obj
                0x00000000080125f4                osKernelStart
 .text.osKernelGetTickCount
                0x000000000801262c       0x14 CMakeFiles/aaaaaaa.elf.dir/Middlewares/Third_Party/FreeRTOS/Source/CMSIS_RTOS_V2/cmsis_os2.c.obj
                0x000000000801262c                osKernelGetTickCount
 .text.osThreadNew
                0x0000000008012640       0xbe CMakeFiles/aaaaaaa.elf.dir/Middlewares/Third_Party/FreeRTOS/Source/CMSIS_RTOS_V2/cmsis_os2.c.obj
                0x0000000008012640                osThreadNew
 .text.osDelay  0x00000000080126fe       0x1c CMakeFiles/aaaaaaa.elf.dir/Middlewares/Third_Party/FreeRTOS/Source/CMSIS_RTOS_V2/cmsis_os2.c.obj
                0x00000000080126fe                osDelay
 .text.osMutexNew
                0x000000000801271a       0x98 CMakeFiles/aaaaaaa.elf.dir/Middlewares/Third_Party/FreeRTOS/Source/CMSIS_RTOS_V2/cmsis_os2.c.obj
                0x000000000801271a                osMutexNew
 .text.osMutexAcquire
                0x00000000080127b2       0x58 CMakeFiles/aaaaaaa.elf.dir/Middlewares/Third_Party/FreeRTOS/Source/CMSIS_RTOS_V2/cmsis_os2.c.obj
                0x00000000080127b2                osMutexAcquire
 .text.osMutexRelease
                0x000000000801280a       0x4c CMakeFiles/aaaaaaa.elf.dir/Middlewares/Third_Party/FreeRTOS/Source/CMSIS_RTOS_V2/cmsis_os2.c.obj
                0x000000000801280a                osMutexRelease
 .text.osSemaphoreNew
                0x0000000008012856       0xc0 CMakeFiles/aaaaaaa.elf.dir/Middlewares/Third_Party/FreeRTOS/Source/CMSIS_RTOS_V2/cmsis_os2.c.obj
                0x0000000008012856                osSemaphoreNew
 *fill*         0x0000000008012916        0x2 
 .text.osSemaphoreAcquire
                0x0000000008012918       0x68 CMakeFiles/aaaaaaa.elf.dir/Middlewares/Third_Party/FreeRTOS/Source/CMSIS_RTOS_V2/cmsis_os2.c.obj
                0x0000000008012918                osSemaphoreAcquire
 .text.osSemaphoreRelease
                0x0000000008012980       0x5c CMakeFiles/aaaaaaa.elf.dir/Middlewares/Third_Party/FreeRTOS/Source/CMSIS_RTOS_V2/cmsis_os2.c.obj
                0x0000000008012980                osSemaphoreRelease
 .text.osSemaphoreDelete
                0x00000000080129dc       0x26 CMakeFiles/aaaaaaa.elf.dir/Middlewares/Third_Party/FreeRTOS/Source/CMSIS_RTOS_V2/cmsis_os2.c.obj
                0x00000000080129dc                osSemaphoreDelete
 .text.osMessageQueueNew
                0x0000000008012a02       0x98 CMakeFiles/aaaaaaa.elf.dir/Middlewares/Third_Party/FreeRTOS/Source/CMSIS_RTOS_V2/cmsis_os2.c.obj
                0x0000000008012a02                osMessageQueueNew
 *fill*         0x0000000008012a9a        0x2 
 .text.osMessageQueuePut
                0x0000000008012a9c       0x88 CMakeFiles/aaaaaaa.elf.dir/Middlewares/Third_Party/FreeRTOS/Source/CMSIS_RTOS_V2/cmsis_os2.c.obj
                0x0000000008012a9c                osMessageQueuePut
 .text.osMessageQueueGet
                0x0000000008012b24       0x88 CMakeFiles/aaaaaaa.elf.dir/Middlewares/Third_Party/FreeRTOS/Source/CMSIS_RTOS_V2/cmsis_os2.c.obj
                0x0000000008012b24                osMessageQueueGet
 .text.osMessageQueueGetCount
                0x0000000008012bac       0x1a CMakeFiles/aaaaaaa.elf.dir/Middlewares/Third_Party/FreeRTOS/Source/CMSIS_RTOS_V2/cmsis_os2.c.obj
                0x0000000008012bac                osMessageQueueGetCount
 .text.osMessageQueueDelete
                0x0000000008012bc6       0x26 CMakeFiles/aaaaaaa.elf.dir/Middlewares/Third_Party/FreeRTOS/Source/CMSIS_RTOS_V2/cmsis_os2.c.obj
                0x0000000008012bc6                osMessageQueueDelete
 .text.vApplicationGetIdleTaskMemory
                0x0000000008012bec       0x18 CMakeFiles/aaaaaaa.elf.dir/Middlewares/Third_Party/FreeRTOS/Source/CMSIS_RTOS_V2/cmsis_os2.c.obj
                0x0000000008012bec                vApplicationGetIdleTaskMemory
 .text.vApplicationGetTimerTaskMemory
                0x0000000008012c04       0x18 CMakeFiles/aaaaaaa.elf.dir/Middlewares/Third_Party/FreeRTOS/Source/CMSIS_RTOS_V2/cmsis_os2.c.obj
                0x0000000008012c04                vApplicationGetTimerTaskMemory
 .text.vListInitialise
                0x0000000008012c1c       0x16 CMakeFiles/aaaaaaa.elf.dir/Middlewares/Third_Party/FreeRTOS/Source/list.c.obj
                0x0000000008012c1c                vListInitialise
 .text.vListInitialiseItem
                0x0000000008012c32        0x6 CMakeFiles/aaaaaaa.elf.dir/Middlewares/Third_Party/FreeRTOS/Source/list.c.obj
                0x0000000008012c32                vListInitialiseItem
 .text.vListInsertEnd
                0x0000000008012c38       0x16 CMakeFiles/aaaaaaa.elf.dir/Middlewares/Third_Party/FreeRTOS/Source/list.c.obj
                0x0000000008012c38                vListInsertEnd
 .text.vListInsert
                0x0000000008012c4e       0x32 CMakeFiles/aaaaaaa.elf.dir/Middlewares/Third_Party/FreeRTOS/Source/list.c.obj
                0x0000000008012c4e                vListInsert
 .text.uxListRemove
                0x0000000008012c80       0x26 CMakeFiles/aaaaaaa.elf.dir/Middlewares/Third_Party/FreeRTOS/Source/list.c.obj
                0x0000000008012c80                uxListRemove
 *fill*         0x0000000008012ca6        0x2 
 .text.prvTaskExitError
                0x0000000008012ca8       0x40 CMakeFiles/aaaaaaa.elf.dir/Middlewares/Third_Party/FreeRTOS/Source/portable/GCC/ARM_CM4F/port.c.obj
 .text.prvPortStartFirstTask
                0x0000000008012ce8       0x28 CMakeFiles/aaaaaaa.elf.dir/Middlewares/Third_Party/FreeRTOS/Source/portable/GCC/ARM_CM4F/port.c.obj
 .text.vPortEnableVFP
                0x0000000008012d10       0x14 CMakeFiles/aaaaaaa.elf.dir/Middlewares/Third_Party/FreeRTOS/Source/portable/GCC/ARM_CM4F/port.c.obj