Archive member included to satisfy reference by file (symbol)

c:/msys64/mingw64/bin/../lib/gcc/arm-none-eabi/10.1.0/thumb/v7e-m+fp/hard\libgcc.a(_arm_muldf3.o)
                              CMakeFiles/aaaaaaa.elf.dir/Core/Src/freertos.c.obj (__aeabi_dmul)
c:/msys64/mingw64/bin/../lib/gcc/arm-none-eabi/10.1.0/thumb/v7e-m+fp/hard\libgcc.a(_arm_addsubdf3.o)
                              CMakeFiles/aaaaaaa.elf.dir/Core/Src/freertos.c.obj (__aeabi_dadd)
c:/msys64/mingw64/bin/../lib/gcc/arm-none-eabi/10.1.0/thumb/v7e-m+fp/hard\libgcc.a(_arm_truncdfsf2.o)
                              CMakeFiles/aaaaaaa.elf.dir/Core/Src/freertos.c.obj (__aeabi_d2f)
c:/msys64/mingw64/bin/../lib/gcc/arm-none-eabi/10.1.0/thumb/v7e-m+fp/hard\libgcc.a(_aeabi_uldivmod.o)
                              CMakeFiles/aaaaaaa.elf.dir/Drivers/STM32H7xx_HAL_Driver/Src/stm32h7xx_hal_uart.c.obj (__aeabi_uldivmod)
c:/msys64/mingw64/bin/../lib/gcc/arm-none-eabi/10.1.0/thumb/v7e-m+fp/hard\libgcc.a(_udivmoddi4.o)
                              c:/msys64/mingw64/bin/../lib/gcc/arm-none-eabi/10.1.0/thumb/v7e-m+fp/hard\libgcc.a(_aeabi_uldivmod.o) (__udivmoddi4)
c:/msys64/mingw64/bin/../lib/gcc/arm-none-eabi/10.1.0/thumb/v7e-m+fp/hard\libgcc.a(_dvmd_tls.o)
                              c:/msys64/mingw64/bin/../lib/gcc/arm-none-eabi/10.1.0/thumb/v7e-m+fp/hard\libgcc.a(_aeabi_uldivmod.o) (__aeabi_ldiv0)
c:/msys64/mingw64/bin/../lib/gcc/arm-none-eabi/10.1.0/../../../../arm-none-eabi/lib/thumb/v7e-m+fp/hard\libg.a(lib_a-atexit.o)
                              c:/msys64/mingw64/bin/../lib/gcc/arm-none-eabi/10.1.0/../../../../arm-none-eabi/lib/thumb/v7e-m+fp/hard/crt0.o (atexit)
c:/msys64/mingw64/bin/../lib/gcc/arm-none-eabi/10.1.0/../../../../arm-none-eabi/lib/thumb/v7e-m+fp/hard\libg.a(lib_a-atoi.o)
                              CMakeFiles/aaaaaaa.elf.dir/Middlewares/Third_Party/LwIP/src/core/netif.c.obj (atoi)
c:/msys64/mingw64/bin/../lib/gcc/arm-none-eabi/10.1.0/../../../../arm-none-eabi/lib/thumb/v7e-m+fp/hard\libg.a(lib_a-ctype_.o)
                              CMakeFiles/aaaaaaa.elf.dir/Middlewares/Third_Party/LwIP/src/core/ipv4/ip4_addr.c.obj (_ctype_)
c:/msys64/mingw64/bin/../lib/gcc/arm-none-eabi/10.1.0/../../../../arm-none-eabi/lib/thumb/v7e-m+fp/hard\libg.a(lib_a-exit.o)
                              c:/msys64/mingw64/bin/../lib/gcc/arm-none-eabi/10.1.0/../../../../arm-none-eabi/lib/thumb/v7e-m+fp/hard/crt0.o (exit)
c:/msys64/mingw64/bin/../lib/gcc/arm-none-eabi/10.1.0/../../../../arm-none-eabi/lib/thumb/v7e-m+fp/hard\libg.a(lib_a-fini.o)
                              c:/msys64/mingw64/bin/../lib/gcc/arm-none-eabi/10.1.0/../../../../arm-none-eabi/lib/thumb/v7e-m+fp/hard/crt0.o (__libc_fini_array)
c:/msys64/mingw64/bin/../lib/gcc/arm-none-eabi/10.1.0/../../../../arm-none-eabi/lib/thumb/v7e-m+fp/hard\libg.a(lib_a-impure.o)
                              c:/msys64/mingw64/bin/../lib/gcc/arm-none-eabi/10.1.0/../../../../arm-none-eabi/lib/thumb/v7e-m+fp/hard\libg.a(lib_a-exit.o) (_global_impure_ptr)
c:/msys64/mingw64/bin/../lib/gcc/arm-none-eabi/10.1.0/../../../../arm-none-eabi/lib/thumb/v7e-m+fp/hard\libg.a(lib_a-init.o)
                              c:/msys64/mingw64/bin/../lib/gcc/arm-none-eabi/10.1.0/../../../../arm-none-eabi/lib/thumb/v7e-m+fp/hard/crt0.o (__libc_init_array)
c:/msys64/mingw64/bin/../lib/gcc/arm-none-eabi/10.1.0/../../../../arm-none-eabi/lib/thumb/v7e-m+fp/hard\libg.a(lib_a-memcmp.o)
                              CMakeFiles/aaaaaaa.elf.dir/Middlewares/Third_Party/LwIP/src/netif/bridgeif_fdb.c.obj (memcmp)
c:/msys64/mingw64/bin/../lib/gcc/arm-none-eabi/10.1.0/../../../../arm-none-eabi/lib/thumb/v7e-m+fp/hard\libg.a(lib_a-memcpy.o)
                              CMakeFiles/aaaaaaa.elf.dir/Drivers/STM32H7xx_HAL_Driver/Src/stm32h7xx_hal_fdcan.c.obj (memcpy)
c:/msys64/mingw64/bin/../lib/gcc/arm-none-eabi/10.1.0/../../../../arm-none-eabi/lib/thumb/v7e-m+fp/hard\libg.a(lib_a-memmove.o)
                              CMakeFiles/aaaaaaa.elf.dir/Middlewares/Third_Party/LwIP/src/core/def.c.obj (memmove)
c:/msys64/mingw64/bin/../lib/gcc/arm-none-eabi/10.1.0/../../../../arm-none-eabi/lib/thumb/v7e-m+fp/hard\libg.a(lib_a-memset.o)
                              c:/msys64/mingw64/bin/../lib/gcc/arm-none-eabi/10.1.0/../../../../arm-none-eabi/lib/thumb/v7e-m+fp/hard/crt0.o (memset)
c:/msys64/mingw64/bin/../lib/gcc/arm-none-eabi/10.1.0/../../../../arm-none-eabi/lib/thumb/v7e-m+fp/hard\libg.a(lib_a-printf.o)
                              CMakeFiles/aaaaaaa.elf.dir/LWIP/Target/ethernetif.c.obj (printf)
c:/msys64/mingw64/bin/../lib/gcc/arm-none-eabi/10.1.0/../../../../arm-none-eabi/lib/thumb/v7e-m+fp/hard\libg.a(lib_a-rand.o)
                              CMakeFiles/aaaaaaa.elf.dir/Middlewares/Third_Party/LwIP/src/core/tcp.c.obj (rand)
c:/msys64/mingw64/bin/../lib/gcc/arm-none-eabi/10.1.0/../../../../arm-none-eabi/lib/thumb/v7e-m+fp/hard\libg.a(lib_a-reent.o)
[...]
Memory Configuration

Name             Origin             Length             Attributes
FLASH            0x0000000008000000 0x0000000000200000 xr
DTCMRAM          0x0000000020000000 0x0000000000020000 xrw
RAM_D1           0x0000000024000000 0x0000000000080000 xrw
RAM_D2           0x0000000030000000 0x0000000000048000 xrw
RAM_D3           0x0000000038000000 0x0000000000010000 xrw
ITCMRAM          0x0000000000000000 0x0000000000010000 xrw
*default*        0x0000000000000000 0xffffffffffffffff

Linker script and memory map

LOAD c:/msys64/mingw64/bin/../lib/gcc/arm-none-eabi/10.1.0/thumb/v7e-m+fp/hard/crti.o
LOAD c:/msys64/mingw64/bin/../lib/gcc/arm-none-eabi/10.1.0/thumb/v7e-m+fp/hard/crtbegin.o
LOAD c:/msys64/mingw64/bin/../lib/gcc/arm-none-eabi/10.1.0/../../../../arm-none-eabi/lib/thumb/v7e-m+fp/hard/crt0.o
LOAD CMakeFiles/aaaaaaa.elf.dir/Core/Src/adc.c.obj
LOAD CMakeFiles/aaaaaaa.elf.dir/Core/Src/dac.c.obj
LOAD CMakeFiles/aaaaaaa.elf.dir/Core/Src/fdcan.c.obj
LOAD CMakeFiles/aaaaaaa.elf.dir/Core/Src/freertos.c.obj
LOAD CMakeFiles/aaaaaaa.elf.dir/Core/Src/gpio.c.obj
LOAD CMakeFiles/aaaaaaa.elf.dir/Core/Src/i2c.c.obj
LOAD CMakeFiles/aaaaaaa.elf.dir/Core/Src/iwdg.c.obj
LOAD CMakeFiles/aaaaaaa.elf.dir/Core/Src/main.c.obj
LOAD CMakeFiles/aaaaaaa.elf.dir/Core/Src/stm32h7xx_hal_msp.c.obj
LOAD CMakeFiles/aaaaaaa.elf.dir/Core/Src/stm32h7xx_hal_timebase_tim.c.obj
LOAD CMakeFiles/aaaaaaa.elf.dir/Core/Src/stm32h7xx_it.c.obj
LOAD CMakeFiles/aaaaaaa.elf.dir/Core/Src/syscalls.c.obj
LOAD CMakeFiles/aaaaaaa.elf.dir/Core/Src/sysmem.c.obj
LOAD CMakeFiles/aaaaaaa.elf.dir/Core/Src/system_stm32h7xx.c.obj
LOAD CMakeFiles/aaaaaaa.elf.dir/Core/Src/tim.c.obj
LOAD CMakeFiles/aaaaaaa.elf.dir/Core/Src/usart.c.obj
LOAD CMakeFiles/aaaaaaa.elf.dir/Core/Src/usb_otg.c.obj
LOAD CMakeFiles/aaaaaaa.elf.dir/Core/Startup/startup_stm32h743zitx.s.obj
LOAD CMakeFiles/aaaaaaa.elf.dir/Drivers/BSP/Components/lan8742/lan8742.c.obj
LOAD CMakeFiles/aaaaaaa.elf.dir/Drivers/STM32H7xx_HAL_Driver/Src/stm32h7xx_hal.c.obj
LOAD CMakeFiles/aaaaaaa.elf.dir/Drivers/STM32H7xx_HAL_Driver/Src/stm32h7xx_hal_adc.c.obj
LOAD CMakeFiles/aaaaaaa.elf.dir/Drivers/STM32H7xx_HAL_Driver/Src/stm32h7xx_hal_adc_ex.c.obj
LOAD CMakeFiles/aaaaaaa.elf.dir/Drivers/STM32H7xx_HAL_Driver/Src/stm32h7xx_hal_cortex.c.obj
LOAD CMakeFiles/aaaaaaa.elf.dir/Drivers/STM32H7xx_HAL_Driver/Src/stm32h7xx_hal_dac.c.obj
LOAD CMakeFiles/aaaaaaa.elf.dir/Drivers/STM32H7xx_HAL_Driver/Src/stm32h7xx_hal_dac_ex.c.obj
LOAD CMakeFiles/aaaaaaa.elf.dir/Drivers/STM32H7xx_HAL_Driver/Src/stm32h7xx_hal_dma.c.obj
LOAD CMakeFiles/aaaaaaa.elf.dir/Drivers/STM32H7xx_HAL_Driver/Src/stm32h7xx_hal_dma_ex.c.obj
LOAD CMakeFiles/aaaaaaa.elf.dir/Drivers/STM32H7xx_HAL_Driver/Src/stm32h7xx_hal_eth.c.obj
LOAD CMakeFiles/aaaaaaa.elf.dir/Drivers/STM32H7xx_HAL_Driver/Src/stm32h7xx_hal_eth_ex.c.obj
LOAD CMakeFiles/aaaaaaa.elf.dir/Drivers/STM32H7xx_HAL_Driver/Src/stm32h7xx_hal_exti.c.obj
LOAD CMakeFiles/aaaaaaa.elf.dir/Drivers/STM32H7xx_HAL_Driver/Src/stm32h7xx_hal_fdcan.c.obj
LOAD CMakeFiles/aaaaaaa.elf.dir/Drivers/STM32H7xx_HAL_Driver/Src/stm32h7xx_hal_flash.c.obj
LOAD CMakeFiles/aaaaaaa.elf.dir/Drivers/STM32H7xx_HAL_Driver/Src/stm32h7xx_hal_flash_ex.c.obj
LOAD CMakeFiles/aaaaaaa.elf.dir/Drivers/STM32H7xx_HAL_Driver/Src/stm32h7xx_hal_gpio.c.obj
LOAD CMakeFiles/aaaaaaa.elf.dir/Drivers/STM32H7xx_HAL_Driver/Src/stm32h7xx_hal_hsem.c.obj
LOAD CMakeFiles/aaaaaaa.elf.dir/Drivers/STM32H7xx_HAL_Driver/Src/stm32h7xx_hal_i2c.c.obj
LOAD CMakeFiles/aaaaaaa.elf.dir/Drivers/STM32H7xx_HAL_Driver/Src/stm32h7xx_hal_i2c_ex.c.obj
LOAD CMakeFiles/aaaaaaa.elf.dir/Drivers/STM32H7xx_HAL_Driver/Src/stm32h7xx_hal_iwdg.c.obj
LOAD CMakeFiles/aaaaaaa.elf.dir/Drivers/STM32H7xx_HAL_Driver/Src/stm32h7xx_hal_mdma.c.obj
LOAD CMakeFiles/aaaaaaa.elf.dir/Drivers/STM32H7xx_HAL_Driver/Src/stm32h7xx_hal_pcd.c.obj
LOAD CMakeFiles/aaaaaaa.elf.dir/Drivers/STM32H7xx_HAL_Driver/Src/stm32h7xx_hal_pcd_ex.c.obj
LOAD CMakeFiles/aaaaaaa.elf.dir/Drivers/STM32H7xx_HAL_Driver/Src/stm32h7xx_hal_pwr.c.obj
LOAD CMakeFiles/aaaaaaa.elf.dir/Drivers/STM32H7xx_HAL_Driver/Src/stm32h7xx_hal_pwr_ex.c.obj
LOAD CMakeFiles/aaaaaaa.elf.dir/Drivers/STM32H7xx_HAL_Driver/Src/stm32h7xx_hal_rcc.c.obj
LOAD CMakeFiles/aaaaaaa.elf.dir/Drivers/STM32H7xx_HAL_Driver/Src/stm32h7xx_hal_rcc_ex.c.obj
LOAD CMakeFiles/aaaaaaa.elf.dir/Drivers/STM32H7xx_HAL_Driver/Src/stm32h7xx_hal_tim.c.obj
LOAD CMakeFiles/aaaaaaa.elf.dir/Drivers/STM32H7xx_HAL_Driver/Src/stm32h7xx_hal_tim_ex.c.obj
LOAD CMakeFiles/aaaaaaa.elf.dir/Drivers/STM32H7xx_HAL_Driver/Src/stm32h7xx_hal_uart.c.obj
LOAD CMakeFiles/aaaaaaa.elf.dir/Drivers/STM32H7xx_HAL_Driver/Src/stm32h7xx_hal_uart_ex.c.obj
LOAD CMakeFiles/aaaaaaa.elf.dir/Drivers/STM32H7xx_HAL_Driver/Src/stm32h7xx_ll_usb.c.obj
LOAD CMakeFiles/aaaaaaa.elf.dir/JAVELIBS/src/MSGHandler.c.obj
LOAD CMakeFiles/aaaaaaa.elf.dir/JAVELIBS/src/RGB_LED.c.obj
LOAD CMakeFiles/aaaaaaa.elf.dir/JAVELIBS/src/Servo.c.obj
LOAD CMakeFiles/aaaaaaa.elf.dir/JAVELIBS/src/TraxxasESC.c.obj
LOAD CMakeFiles/aaaaaaa.elf.dir/JAVELIBS/src/stepper.c.obj
LOAD CMakeFiles/aaaaaaa.elf.dir/JAVELIBS/src/tcpclient.c.obj
LOAD CMakeFiles/aaaaaaa.elf.dir/JAVELIBS/src/tcpserver.c.obj
LOAD CMakeFiles/aaaaaaa.elf.dir/LWIP/App/lwip.c.obj
LOAD CMakeFiles/aaaaaaa.elf.dir/LWIP/Target/ethernetif.c.obj
LOAD CMakeFiles/aaaaaaa.elf.dir/Middlewares/Third_Party/FreeRTOS/Source/CMSIS_RTOS_V2/cmsis_os2.c.obj
LOAD CMakeFiles/aaaaaaa.elf.dir/Middlewares/Third_Party/FreeRTOS/Source/croutine.c.obj
LOAD CMakeFiles/aaaaaaa.elf.dir/Middlewares/Third_Party/FreeRTOS/Source/event_groups.c.obj
LOAD CMakeFiles/aaaaaaa.elf.dir/Middlewares/Third_Party/FreeRTOS/Source/list.c.obj
LOAD CMakeFiles/aaaaaaa.elf.dir/Middlewares/Third_Party/FreeRTOS/Source/portable/GCC/ARM_CM4F/port.c.obj
LOAD CMakeFiles/aaaaaaa.elf.dir/Middlewares/Third_Party/FreeRTOS/Source/portable/MemMang/heap_4.c.obj
LOAD CMakeFiles/aaaaaaa.elf.dir/Middlewares/Third_Party/FreeRTOS/Source/queue.c.obj
LOAD CMakeFiles/aaaaaaa.elf.dir/Middlewares/Third_Party/FreeRTOS/Source/stream_buffer.c.obj
LOAD CMakeFiles/aaaaaaa.elf.dir/Middlewares/Third_Party/FreeRTOS/Source/tasks.c.obj
LOAD CMakeFiles/aaaaaaa.elf.dir/Middlewares/Third_Party/FreeRTOS/Source/timers.c.obj
LOAD CMakeFiles/aaaaaaa.elf.dir/Middlewares/Third_Party/LwIP/src/api/api_lib.c.obj
LOAD CMakeFiles/aaaaaaa.elf.dir/Middlewares/Third_Party/LwIP/src/api/api_msg.c.obj
LOAD CMakeFiles/aaaaaaa.elf.dir/Middlewares/Third_Party/LwIP/src/api/err.c.obj
LOAD CMakeFiles/aaaaaaa.elf.dir/Middlewares/Third_Party/LwIP/src/api/if_api.c.obj
LOAD CMakeFiles/aaaaaaa.elf.dir/Middlewares/Third_Party/LwIP/src/api/netbuf.c.obj
LOAD CMakeFiles/aaaaaaa.elf.dir/Middlewares/Third_Party/LwIP/src/api/netdb.c.obj
LOAD CMakeFiles/aaaaaaa.elf.dir/Middlewares/Third_Party/LwIP/src/api/netifapi.c.obj
LOAD CMakeFiles/aaaaaaa.elf.dir/Middlewares/Third_Party/LwIP/src/api/sockets.c.obj
LOAD CMakeFiles/aaaaaaa.elf.dir/Middlewares/Third_Party/LwIP/src/api/tcpip.c.obj
LOAD CMakeFiles/aaaaaaa.elf.dir/Middlewares/Third_Party/LwIP/src/apps/mqtt/mqtt.c.obj
LOAD CMakeFiles/aaaaaaa.elf.dir/Middlewares/Third_Party/LwIP/src/core/altcp.c.obj
LOAD CMakeFiles/aaaaaaa.elf.dir/Middlewares/Third_Party/LwIP/src/core/altcp_alloc.c.obj
LOAD CMakeFiles/aaaaaaa.elf.dir/Middlewares/Third_Party/LwIP/src/core/altcp_tcp.c.obj
LOAD CMakeFiles/aaaaaaa.elf.dir/Middlewares/Third_Party/LwIP/src/core/def.c.obj
LOAD CMakeFiles/aaaaaaa.elf.dir/Middlewares/Third_Party/LwIP/src/core/dns.c.obj
LOAD CMakeFiles/aaaaaaa.elf.dir/Middlewares/Third_Party/LwIP/src/core/inet_chksum.c.obj
LOAD CMakeFiles/aaaaaaa.elf.dir/Middlewares/Third_Party/LwIP/src/core/init.c.obj
LOAD CMakeFiles/aaaaaaa.elf.dir/Middlewares/Third_Party/LwIP/src/core/ip.c.obj
LOAD CMakeFiles/aaaaaaa.elf.dir/Middlewares/Third_Party/LwIP/src/core/ipv4/autoip.c.obj
LOAD CMakeFiles/aaaaaaa.elf.dir/Middlewares/Third_Party/LwIP/src/core/ipv4/dhcp.c.obj
LOAD CMakeFiles/aaaaaaa.elf.dir/Middlewares/Third_Party/LwIP/src/core/ipv4/etharp.c.obj
LOAD CMakeFiles/aaaaaaa.elf.dir/Middlewares/Third_Party/LwIP/src/core/ipv4/icmp.c.obj
LOAD CMakeFiles/aaaaaaa.elf.dir/Middlewares/Third_Party/LwIP/src/core/ipv4/igmp.c.obj
LOAD CMakeFiles/aaaaaaa.elf.dir/Middlewares/Third_Party/LwIP/src/core/ipv4/ip4.c.obj
LOAD CMakeFiles/aaaaaaa.elf.dir/Middlewares/Third_Party/LwIP/src/core/ipv4/ip4_addr.c.obj
LOAD CMakeFiles/aaaaaaa.elf.dir/Middlewares/Third_Party/LwIP/src/core/ipv4/ip4_frag.c.obj
LOAD CMakeFiles/aaaaaaa.elf.dir/Middlewares/Third_Party/LwIP/src/core/ipv6/dhcp6.c.obj
LOAD CMakeFiles/aaaaaaa.elf.dir/Middlewares/Third_Party/LwIP/src/core/ipv6/ethip6.c.obj
LOAD CMakeFiles/aaaaaaa.elf.dir/Middlewares/Third_Party/LwIP/src/core/ipv6/icmp6.c.obj
LOAD CMakeFiles/aaaaaaa.elf.dir/Middlewares/Third_Party/LwIP/src/core/ipv6/inet6.c.obj
LOAD CMakeFiles/aaaaaaa.elf.dir/Middlewares/Third_Party/LwIP/src/core/ipv6/ip6.c.obj
LOAD CMakeFiles/aaaaaaa.elf.dir/Middlewares/Third_Party/LwIP/src/core/ipv6/ip6_addr.c.obj
LOAD CMakeFiles/aaaaaaa.elf.dir/Middlewares/Third_Party/LwIP/src/core/ipv6/ip6_frag.c.obj
LOAD CMakeFiles/aaaaaaa.elf.dir/Middlewares/Third_Party/LwIP/src/core/ipv6/mld6.c.obj
LOAD CMakeFiles/aaaaaaa.elf.dir/Middlewares/Third_Party/LwIP/src/core/ipv6/nd6.c.obj
LOAD CMakeFiles/aaaaaaa.elf.dir/Middlewares/Third_Party/LwIP/src/core/mem.c.obj
LOAD CMakeFiles/aaaaaaa.elf.dir/Middlewares/Third_Party/LwIP/src/core/memp.c.obj
LOAD CMakeFiles/aaaaaaa.elf.dir/Middlewares/Third_Party/LwIP/src/core/netif.c.obj
LOAD CMakeFiles/aaaaaaa.elf.dir/Middlewares/Third_Party/LwIP/src/core/pbuf.c.obj
LOAD CMakeFiles/aaaaaaa.elf.dir/Middlewares/Third_Party/LwIP/src/core/raw.c.obj
LOAD CMakeFiles/aaaaaaa.elf.dir/Middlewares/Third_Party/LwIP/src/core/stats.c.obj
LOAD CMakeFiles/aaaaaaa.elf.dir/Middlewares/Third_Party/LwIP/src/core/sys.c.obj
LOAD CMakeFiles/aaaaaaa.elf.dir/Middlewares/Third_Party/LwIP/src/core/tcp.c.obj
LOAD CMakeFiles/aaaaaaa.elf.dir/Middlewares/Third_Party/LwIP/src/core/tcp_in.c.obj
LOAD CMakeFiles/aaaaaaa.elf.dir/Middlewares/Third_Party/LwIP/src/core/tcp_out.c.obj
LOAD CMakeFiles/aaaaaaa.elf.dir/Middlewares/Third_Party/LwIP/src/core/timeouts.c.obj
LOAD CMakeFiles/aaaaaaa.elf.dir/Middlewares/Third_Party/LwIP/src/core/udp.c.obj
LOAD CMakeFiles/aaaaaaa.elf.dir/Middlewares/Third_Party/LwIP/src/netif/bridgeif.c.obj
LOAD CMakeFiles/aaaaaaa.elf.dir/Middlewares/Third_Party/LwIP/src/netif/bridgeif_fdb.c.obj
LOAD CMakeFiles/aaaaaaa.elf.dir/Middlewares/Third_Party/LwIP/src/netif/ethernet.c.obj
LOAD CMakeFiles/aaaaaaa.elf.dir/Middlewares/Third_Party/LwIP/src/netif/lowpan6.c.obj
LOAD CMakeFiles/aaaaaaa.elf.dir/Middlewares/Third_Party/LwIP/src/netif/lowpan6_ble.c.obj
LOAD CMakeFiles/aaaaaaa.elf.dir/Middlewares/Third_Party/LwIP/src/netif/lowpan6_common.c.obj
LOAD CMakeFiles/aaaaaaa.elf.dir/Middlewares/Third_Party/LwIP/src/netif/ppp/auth.c.obj
LOAD CMakeFiles/aaaaaaa.elf.dir/Middlewares/Third_Party/LwIP/src/netif/ppp/ccp.c.obj
LOAD CMakeFiles/aaaaaaa.elf.dir/Middlewares/Third_Party/LwIP/src/netif/ppp/chap-md5.c.obj
LOAD CMakeFiles/aaaaaaa.elf.dir/Middlewares/Third_Party/LwIP/src/netif/ppp/chap-new.c.obj
LOAD CMakeFiles/aaaaaaa.elf.dir/Middlewares/Third_Party/LwIP/src/netif/ppp/chap_ms.c.obj
LOAD CMakeFiles/aaaaaaa.elf.dir/Middlewares/Third_Party/LwIP/src/netif/ppp/demand.c.obj
LOAD CMakeFiles/aaaaaaa.elf.dir/Middlewares/Third_Party/LwIP/src/netif/ppp/eap.c.obj
LOAD CMakeFiles/aaaaaaa.elf.dir/Middlewares/Third_Party/LwIP/src/netif/ppp/ecp.c.obj
LOAD CMakeFiles/aaaaaaa.elf.dir/Middlewares/Third_Party/LwIP/src/netif/ppp/eui64.c.obj
LOAD CMakeFiles/aaaaaaa.elf.dir/Middlewares/Third_Party/LwIP/src/netif/ppp/fsm.c.obj
LOAD CMakeFiles/aaaaaaa.elf.dir/Middlewares/Third_Party/LwIP/src/netif/ppp/ipcp.c.obj
LOAD CMakeFiles/aaaaaaa.elf.dir/Middlewares/Third_Party/LwIP/src/netif/ppp/ipv6cp.c.obj
LOAD CMakeFiles/aaaaaaa.elf.dir/Middlewares/Third_Party/LwIP/src/netif/ppp/lcp.c.obj
LOAD CMakeFiles/aaaaaaa.elf.dir/Middlewares/Third_Party/LwIP/src/netif/ppp/magic.c.obj
LOAD CMakeFiles/aaaaaaa.elf.dir/Middlewares/Third_Party/LwIP/src/netif/ppp/mppe.c.obj
LOAD CMakeFiles/aaaaaaa.elf.dir/Middlewares/Third_Party/LwIP/src/netif/ppp/multilink.c.obj
LOAD CMakeFiles/aaaaaaa.elf.dir/Middlewares/Third_Party/LwIP/src/netif/ppp/ppp.c.obj
LOAD CMakeFiles/aaaaaaa.elf.dir/Middlewares/Third_Party/LwIP/src/netif/ppp/pppapi.c.obj
LOAD CMakeFiles/aaaaaaa.elf.dir/Middlewares/Third_Party/LwIP/src/netif/ppp/pppcrypt.c.obj
LOAD CMakeFiles/aaaaaaa.elf.dir/Middlewares/Third_Party/LwIP/src/netif/ppp/pppoe.c.obj
LOAD CMakeFiles/aaaaaaa.elf.dir/Middlewares/Third_Party/LwIP/src/netif/ppp/pppol2tp.c.obj
LOAD CMakeFiles/aaaaaaa.elf.dir/Middlewares/Third_Party/LwIP/src/netif/ppp/pppos.c.obj
LOAD CMakeFiles/aaaaaaa.elf.dir/Middlewares/Third_Party/LwIP/src/netif/ppp/upap.c.obj
LOAD CMakeFiles/aaaaaaa.elf.dir/Middlewares/Third_Party/LwIP/src/netif/ppp/utils.c.obj
LOAD CMakeFiles/aaaaaaa.elf.dir/Middlewares/Third_Party/LwIP/src/netif/ppp/vj.c.obj
LOAD CMakeFiles/aaaaaaa.elf.dir/Middlewares/Third_Party/LwIP/src/netif/slipif.c.obj
LOAD CMakeFiles/aaaaaaa.elf.dir/Middlewares/Third_Party/LwIP/src/netif/zepif.c.obj
LOAD CMakeFiles/aaaaaaa.elf.dir/Middlewares/Third_Party/LwIP/system/OS/sys_arch.c.obj
START GROUP
LOAD c:/msys64/mingw64/bin/../lib/gcc/arm-none-eabi/10.1.0/thumb/v7e-m+fp/hard\libgcc.a
LOAD c:/msys64/mingw64/bin/../lib/gcc/arm-none-eabi/10.1.0/../../../../arm-none-eabi/lib/thumb/v7e-m+fp/hard\libg.a
LOAD c:/msys64/mingw64/bin/../lib/gcc/arm-none-eabi/10.1.0/../../../../arm-none-eabi/lib/thumb/v7e-m+fp/hard\libc.a
END GROUP
LOAD c:/msys64/mingw64/bin/../lib/gcc/arm-none-eabi/10.1.0/thumb/v7e-m+fp/hard/crtend.o
LOAD c:/msys64/mingw64/bin/../lib/gcc/arm-none-eabi/10.1.0/thumb/v7e-m+fp/hard/crtn.o
                0x0000000024080000                _estack = (ORIGIN (RAM_D1) + LENGTH (RAM_D1))
                0x0000000000000200                _Min_Heap_Size = 0x200
                0x0000000000000400                _Min_Stack_Size = 0x400

.isr_vector     0x0000000008000000      0x298
                0x0000000008000000                . = ALIGN (0x4)
 *(.isr_vector)
 .isr_vector    0x0000000008000000      0x298 CMakeFiles/aaaaaaa.elf.dir/Core/Startup/startup_stm32h743zitx.s.obj
                0x0000000008000000                g_pfnVectors
                0x0000000008000298                . = ALIGN (0x4)

.text           0x00000000080002c0    0x1ee78
                0x00000000080002c0                . = ALIGN (0x4)
 *(.text)
 .text          0x00000000080002c0      0x378 c:/msys64/mingw64/bin/../lib/gcc/arm-none-eabi/10.1.0/thumb/v7e-m+fp/hard\libgcc.a(_arm_addsubdf3.o)
                0x00000000080002c0                __aeabi_drsub
                0x00000000080002c8                __aeabi_dsub
                0x00000000080002c8                __subdf3
                0x00000000080002cc                __aeabi_dadd
                0x00000000080002cc                __adddf3
                0x0000000008000544                __floatunsidf
                0x0000000008000544                __aeabi_ui2d
                0x0000000008000564                __floatsidf
                0x0000000008000564                __aeabi_i2d
                0x0000000008000588                __aeabi_f2d
                0x0000000008000588                __extendsfdf2
                0x00000000080005cc                __floatundidf
                0x00000000080005cc                __aeabi_ul2d
                0x00000000080005dc                __floatdidf
                0x00000000080005dc                __aeabi_l2d
 .text          0x0000000008000638       0xa0 c:/msys64/mingw64/bin/../lib/gcc/arm-none-eabi/10.1.0/thumb/v7e-m+fp/hard\libgcc.a(_arm_truncdfsf2.o)
                0x0000000008000638                __truncdfsf2
                0x0000000008000638                __aeabi_d2f
 .text          0x00000000080006d8       0x30 c:/msys64/mingw64/bin/../lib/gcc/arm-none-eabi/10.1.0/thumb/v7e-m+fp/hard\libgcc.a(_aeabi_uldivmod.o)
                0x00000000080006d8                __aeabi_uldivmod
 .text          0x0000000008000708        0x4 c:/msys64/mingw64/bin/../lib/gcc/arm-none-eabi/10.1.0/thumb/v7e-m+fp/hard\libgcc.a(_dvmd_tls.o)
                0x0000000008000708                __aeabi_idiv0
                0x0000000008000708                __aeabi_ldiv0
 .text          0x000000000800070c        0xc c:/msys64/mingw64/bin/../lib/gcc/arm-none-eabi/10.1.0/../../../../arm-none-eabi/lib/thumb/v7e-m+fp/hard\libg.a(lib_a-atexit.o)
                0x000000000800070c                atexit
 .text          0x0000000008000718       0x34 c:/msys64/mingw64/bin/../lib/gcc/arm-none-eabi/10.1.0/../../../../arm-none-eabi/lib/thumb/v7e-m+fp/hard\libg.a(lib_a-fini.o)
                0x0000000008000718                __libc_fini_array
 .text          0x000000000800074c       0x48 c:/msys64/mingw64/bin/../lib/gcc/arm-none-eabi/10.1.0/../../../../arm-none-eabi/lib/thumb/v7e-m+fp/hard\libg.a(lib_a-init.o)
                0x000000000800074c                __libc_init_array
 .text          0x0000000008000794       0x60 c:/msys64/mingw64/bin/../lib/gcc/arm-none-eabi/10.1.0/../../../../arm-none-eabi/lib/thumb/v7e-m+fp/hard\libg.a(lib_a-memcmp.o)
                0x0000000008000794                memcmp
 .text          0x00000000080007f4      0x134 c:/msys64/mingw64/bin/../lib/gcc/arm-none-eabi/10.1.0/../../../../arm-none-eabi/lib/thumb/v7e-m+fp/hard\libg.a(lib_a-memcpy.o)
                0x00000000080007f4                memcpy
 .text          0x0000000008000928       0xd0 c:/msys64/mingw64/bin/../lib/gcc/arm-none-eabi/10.1.0/../../../../arm-none-eabi/lib/thumb/v7e-m+fp/hard\libg.a(lib_a-memmove.o)
                0x0000000008000928                memmove
 .text          0x00000000080009f8       0xa0 c:/msys64/mingw64/bin/../lib/gcc/arm-none-eabi/10.1.0/../../../../arm-none-eabi/lib/thumb/v7e-m+fp/hard\libg.a(lib_a-memset.o)
                0x00000000080009f8                memset
 .text          0x0000000008000a98       0x48 c:/msys64/mingw64/bin/../lib/gcc/arm-none-eabi/10.1.0/../../../../arm-none-eabi/lib/thumb/v7e-m+fp/hard\libg.a(lib_a-printf.o)
                0x0000000008000a98                _printf_r
                0x0000000008000ab8                printf
 .text          0x0000000008000ae0       0x4c c:/msys64/mingw64/bin/../lib/gcc/arm-none-eabi/10.1.0/../../../../arm-none-eabi/lib/thumb/v7e-m+fp/hard\libg.a(lib_a-rand.o)
                0x0000000008000ae0                srand
                0x0000000008000af0                rand
 .text          0x0000000008000b2c       0xa4 c:/msys64/mingw64/bin/../lib/gcc/arm-none-eabi/10.1.0/../../../../arm-none-eabi/lib/thumb/v7e-m+fp/hard\libg.a(lib_a-reent.o)
                0x0000000008000b2c                cleanup_glue
                0x0000000008000b48                _reclaim_reent
 .text          0x0000000008000bd0       0x80 c:/msys64/mingw64/bin/../lib/gcc/arm-none-eabi/10.1.0/../../../../arm-none-eabi/lib/thumb/v7e-m+fp/hard\libg.a(lib_a-sprintf.o)
                0x0000000008000bd0                _sprintf_r
                0x0000000008000c0c                sprintf
 *fill*         0x0000000008000c50       0x30 
 .text          0x0000000008000c80       0xdc c:/msys64/mingw64/bin/../lib/gcc/arm-none-eabi/10.1.0/../../../../arm-none-eabi/lib/thumb/v7e-m+fp/hard\libg.a(lib_a-strlen.o)
                0x0000000008000c80                strlen
 .text          0x0000000008000d5c       0x74 c:/msys64/mingw64/bin/../lib/gcc/arm-none-eabi/10.1.0/../../../../arm-none-eabi/lib/thumb/v7e-m+fp/hard\libg.a(lib_a-strncpy.o)
                0x0000000008000d5c                strncpy
 .text          0x0000000008000dd0     0x19f8 c:/msys64/mingw64/bin/../lib/gcc/arm-none-eabi/10.1.0/../../../../arm-none-eabi/lib/thumb/v7e-m+fp/hard\libg.a(lib_a-svfprintf.o)
                0x0000000008000dd0                _svfprintf_r
 .text          0x00000000080027c8     0x1b78 c:/msys64/mingw64/bin/../lib/gcc/arm-none-eabi/10.1.0/../../../../arm-none-eabi/lib/thumb/v7e-m+fp/hard\libg.a(lib_a-vfprintf.o)
                0x00000000080027c8                _vfprintf_r
                0x00000000080042a4                vfprintf
 .text          0x0000000008004340       0xd0 c:/msys64/mingw64/bin/../lib/gcc/arm-none-eabi/10.1.0/../../../../arm-none-eabi/lib/thumb/v7e-m+fp/hard\libg.a(lib_a-wsetup.o)
                0x0000000008004340                __swsetup_r
 .text          0x0000000008004410       0x88 c:/msys64/mingw64/bin/../lib/gcc/arm-none-eabi/10.1.0/../../../../arm-none-eabi/lib/thumb/v7e-m+fp/hard\libg.a(lib_a-__atexit.o)
                0x0000000008004410                __register_exitproc
 .text          0x0000000008004498      0xfc0 c:/msys64/mingw64/bin/../lib/gcc/arm-none-eabi/10.1.0/../../../../arm-none-eabi/lib/thumb/v7e-m+fp/hard\libg.a(lib_a-dtoa.o)
                0x00000000080045bc                _dtoa_r
 .text          0x0000000008005458      0x1cc c:/msys64/mingw64/bin/../lib/gcc/arm-none-eabi/10.1.0/../../../../arm-none-eabi/lib/thumb/v7e-m+fp/hard\libg.a(lib_a-fflush.o)
                0x0000000008005458                __sflush_r
                0x00000000080055a4                _fflush_r
                0x0000000008005600                fflush
 .text          0x0000000008005624      0x248 c:/msys64/mingw64/bin/../lib/gcc/arm-none-eabi/10.1.0/../../../../arm-none-eabi/lib/thumb/v7e-m+fp/hard\libg.a(lib_a-findfp.o)
                0x0000000008005674                _cleanup_r
                0x00000000080056b8                __sfmoreglue
                0x00000000080056e8                _cleanup
                0x00000000080056fc                __sinit
                0x0000000008005750                __sfp
                0x00000000080057f4                __sfp_lock_acquire
                0x0000000008005800                __sfp_lock_release
                0x000000000800580c                __sinit_lock_acquire
                0x0000000008005818                __sinit_lock_release
                0x0000000008005824                __fp_lock_all
                0x0000000008005848                __fp_unlock_all
 .text          0x000000000800586c      0x294 c:/msys64/mingw64/bin/../lib/gcc/arm-none-eabi/10.1.0/../../../../arm-none-eabi/lib/thumb/v7e-m+fp/hard\libg.a(lib_a-freer.o)
                0x000000000800586c                _malloc_trim_r
                0x000000000800590c                _free_r
 .text          0x0000000008005b00       0xa0 c:/msys64/mingw64/bin/../lib/gcc/arm-none-eabi/10.1.0/../../../../arm-none-eabi/lib/thumb/v7e-m+fp/hard\libg.a(lib_a-fwalk.o)
                0x0000000008005b00                _fwalk
                0x0000000008005b4c                _fwalk_reent
 .text          0x0000000008005ba0       0x14 c:/msys64/mingw64/bin/../lib/gcc/arm-none-eabi/10.1.0/../../../../arm-none-eabi/lib/thumb/v7e-m+fp/hard\libg.a(lib_a-localeconv.o)
                0x0000000008005ba0                __localeconv_l
                0x0000000008005ba4                _localeconv_r
                0x0000000008005bac                localeconv
 .text          0x0000000008005bb4       0x28 c:/msys64/mingw64/bin/../lib/gcc/arm-none-eabi/10.1.0/../../../../arm-none-eabi/lib/thumb/v7e-m+fp/hard\libg.a(lib_a-lock.o)
                0x0000000008005bb4                __retarget_lock_init
                0x0000000008005bb8                __retarget_lock_init_recursive
                0x0000000008005bbc                __retarget_lock_close
                0x0000000008005bc0                __retarget_lock_close_recursive
                0x0000000008005bc4                __retarget_lock_acquire
                0x0000000008005bc8                __retarget_lock_acquire_recursive
                0x0000000008005bcc                __retarget_lock_try_acquire
                0x0000000008005bd0                __retarget_lock_try_acquire_recursive
                0x0000000008005bd4                __retarget_lock_release
                0x0000000008005bd8                __retarget_lock_release_recursive
 .text          0x0000000008005bdc       0xf0 c:/msys64/mingw64/bin/../lib/gcc/arm-none-eabi/10.1.0/../../../../arm-none-eabi/lib/thumb/v7e-m+fp/hard\libg.a(lib_a-makebuf.o)
                0x0000000008005bdc                __swhatbuf_r
                0x0000000008005c38                __smakebuf_r
 .text          0x0000000008005ccc      0x564 c:/msys64/mingw64/bin/../lib/gcc/arm-none-eabi/10.1.0/../../../../arm-none-eabi/lib/thumb/v7e-m+fp/hard\libg.a(lib_a-mallocr.o)
                0x0000000008005ccc                _malloc_r
 .text          0x0000000008006230       0xa0 c:/msys64/mingw64/bin/../lib/gcc/arm-none-eabi/10.1.0/../../../../arm-none-eabi/lib/thumb/v7e-m+fp/hard\libg.a(lib_a-memchr.o)
                0x0000000008006230                memchr
 .text          0x00000000080062d0       0x18 c:/msys64/mingw64/bin/../lib/gcc/arm-none-eabi/10.1.0/../../../../arm-none-eabi/lib/thumb/v7e-m+fp/hard\libg.a(lib_a-mlock.o)
                0x00000000080062d0                __malloc_lock
                0x00000000080062dc                __malloc_unlock
 .text          0x00000000080062e8      0x9a8 c:/msys64/mingw64/bin/../lib/gcc/arm-none-eabi/10.1.0/../../../../arm-none-eabi/lib/thumb/v7e-m+fp/hard\libg.a(lib_a-mprec.o)
                0x00000000080062e8                _Balloc
                0x0000000008006334                _Bfree
                0x0000000008006348                __multadd
                0x00000000080063ec                __s2b
                0x0000000008006498                __hi0bits
                0x00000000080064d8                __lo0bits
                0x0000000008006538                __i2b
                0x0000000008006564                __multiply
                0x00000000080066b0                __pow5mult
                0x0000000008006748                __lshift
                0x0000000008006814                __mcmp
                0x000000000800684c                __mdiff
                0x0000000008006974                __ulp
                0x00000000080069c4                __b2d
                0x0000000008006a7c                __d2b
                0x0000000008006b50                __ratio
                0x0000000008006bb0                _mprec_log10
                0x0000000008006bf0                __copybits
                0x0000000008006c38                __any_on
 .text          0x0000000008006c90       0x6c c:/msys64/mingw64/bin/../lib/gcc/arm-none-eabi/10.1.0/../../../../arm-none-eabi/lib/thumb/v7e-m+fp/hard\libg.a(lib_a-s_frexp.o)
                0x0000000008006c90                frexp
 .text          0x0000000008006cfc       0x24 c:/msys64/mingw64/bin/../lib/gcc/arm-none-eabi/10.1.0/../../../../arm-none-eabi/lib/thumb/v7e-m+fp/hard\libg.a(lib_a-sbrkr.o)
                0x0000000008006cfc                _sbrk_r
 .text          0x0000000008006d20       0x90 c:/msys64/mingw64/bin/../lib/gcc/arm-none-eabi/10.1.0/../../../../arm-none-eabi/lib/thumb/v7e-m+fp/hard\libg.a(lib_a-stdio.o)
                0x0000000008006d20                __sread
                0x0000000008006d44                __seofread
                0x0000000008006d48                __swrite
                0x0000000008006d88                __sseek
                0x0000000008006da8                __sclose
 .text          0x0000000008006db0      0xc6c c:/msys64/mingw64/bin/../lib/gcc/arm-none-eabi/10.1.0/../../../../arm-none-eabi/lib/thumb/v7e-m+fp/hard\libg.a(lib_a-svfiprintf.o)
                0x0000000008006db0                __ssprint_r
                0x0000000008006ea8                _svfiprintf_r
 .text          0x0000000008007a1c      0xeb4 c:/msys64/mingw64/bin/../lib/gcc/arm-none-eabi/10.1.0/../../../../arm-none-eabi/lib/thumb/v7e-m+fp/hard\libg.a(lib_a-vfiprintf.o)
                0x0000000008007a94                __sprint_r
                0x0000000008007aa8                _vfiprintf_r
                0x0000000008008834                vfiprintf
 .text          0x00000000080088d0       0x2c c:/msys64/mingw64/bin/../lib/gcc/arm-none-eabi/10.1.0/../../../../arm-none-eabi/lib/thumb/v7e-m+fp/hard\libg.a(lib_a-writer.o)
                0x00000000080088d0                _write_r
 .text          0x00000000080088fc       0x48 c:/msys64/mingw64/bin/../lib/gcc/arm-none-eabi/10.1.0/../../../../arm-none-eabi/lib/thumb/v7e-m+fp/hard\libg.a(lib_a-assert.o)
                0x00000000080088fc                __assert_func
                0x0000000008008938                __assert
 .text          0x0000000008008944       0x60 c:/msys64/mingw64/bin/../lib/gcc/arm-none-eabi/10.1.0/../../../../arm-none-eabi/lib/thumb/v7e-m+fp/hard\libg.a(lib_a-callocr.o)
                0x0000000008008944                _calloc_r
 .text          0x00000000080089a4       0x24 c:/msys64/mingw64/bin/../lib/gcc/arm-none-eabi/10.1.0/../../../../arm-none-eabi/lib/thumb/v7e-m+fp/hard\libg.a(lib_a-closer.o)
                0x00000000080089a4                _close_r
 .text          0x00000000080089c8       0xe0 c:/msys64/mingw64/bin/../lib/gcc/arm-none-eabi/10.1.0/../../../../arm-none-eabi/lib/thumb/v7e-m+fp/hard\libg.a(lib_a-fclose.o)
                0x00000000080089c8                _fclose_r
                0x0000000008008a98                fclose
 .text          0x0000000008008aa8       0x44 c:/msys64/mingw64/bin/../lib/gcc/arm-none-eabi/10.1.0/../../../../arm-none-eabi/lib/thumb/v7e-m+fp/hard\libg.a(lib_a-fiprintf.o)
                0x0000000008008aa8                _fiprintf_r
                0x0000000008008ac4                fiprintf
 .text          0x0000000008008aec      0x144 c:/msys64/mingw64/bin/../lib/gcc/arm-none-eabi/10.1.0/../../../../arm-none-eabi/lib/thumb/v7e-m+fp/hard\libg.a(lib_a-fputwc.o)
                0x0000000008008aec                __fputwc
                0x0000000008008b94                _fputwc_r
                0x0000000008008bf8                fputwc
 .text          0x0000000008008c30       0x28 c:/msys64/mingw64/bin/../lib/gcc/arm-none-eabi/10.1.0/../../../../arm-none-eabi/lib/thumb/v7e-m+fp/hard\libg.a(lib_a-fstatr.o)
                0x0000000008008c30                _fstat_r
 .text          0x0000000008008c58      0x308 c:/msys64/mingw64/bin/../lib/gcc/arm-none-eabi/10.1.0/../../../../arm-none-eabi/lib/thumb/v7e-m+fp/hard\libg.a(lib_a-fvwrite.o)
                0x0000000008008c58                __sfvwrite_r
 .text          0x0000000008008f60       0x24 c:/msys64/mingw64/bin/../lib/gcc/arm-none-eabi/10.1.0/../../../../arm-none-eabi/lib/thumb/v7e-m+fp/hard\libg.a(lib_a-isattyr.o)
                0x0000000008008f60                _isatty_r
 .text          0x0000000008008f84       0x5c c:/msys64/mingw64/bin/../lib/gcc/arm-none-eabi/10.1.0/../../../../arm-none-eabi/lib/thumb/v7e-m+fp/hard\libg.a(lib_a-locale.o)
                0x0000000008008f84                _setlocale_r
                0x0000000008008fc4                __locale_mb_cur_max
                0x0000000008008fd0                setlocale
 .text          0x0000000008008fe0       0x2c c:/msys64/mingw64/bin/../lib/gcc/arm-none-eabi/10.1.0/../../../../arm-none-eabi/lib/thumb/v7e-m+fp/hard\libg.a(lib_a-lseekr.o)
                0x0000000008008fe0                _lseek_r
 .text          0x000000000800900c       0x40 c:/msys64/mingw64/bin/../lib/gcc/arm-none-eabi/10.1.0/../../../../arm-none-eabi/lib/thumb/v7e-m+fp/hard\libg.a(lib_a-mbtowc_r.o)
                0x000000000800900c                _mbtowc_r
                0x0000000008009020                __ascii_mbtowc
 .text          0x000000000800904c       0x2c c:/msys64/mingw64/bin/../lib/gcc/arm-none-eabi/10.1.0/../../../../arm-none-eabi/lib/thumb/v7e-m+fp/hard\libg.a(lib_a-readr.o)
                0x000000000800904c                _read_r
 .text          0x0000000008009078      0x36c c:/msys64/mingw64/bin/../lib/gcc/arm-none-eabi/10.1.0/../../../../arm-none-eabi/lib/thumb/v7e-m+fp/hard\libg.a(lib_a-reallocr.o)
                0x0000000008009078                _realloc_r
 *fill*         0x00000000080093e4       0x1c 
 .text          0x0000000008009400      0x2dc c:/msys64/mingw64/bin/../lib/gcc/arm-none-eabi/10.1.0/../../../../arm-none-eabi/lib/thumb/v7e-m+fp/hard\libg.a(lib_a-strcmp.o)
                0x0000000008009408                strcmp
 .text          0x00000000080096dc       0xc0 c:/msys64/mingw64/bin/../lib/gcc/arm-none-eabi/10.1.0/../../../../arm-none-eabi/lib/thumb/v7e-m+fp/hard\libg.a(lib_a-wbuf.o)
                0x00000000080096dc                __swbuf_r
                0x000000000800978c                __swbuf
 .text          0x000000000800979c       0x7c c:/msys64/mingw64/bin/../lib/gcc/arm-none-eabi/10.1.0/../../../../arm-none-eabi/lib/thumb/v7e-m+fp/hard\libg.a(lib_a-wcrtomb.o)
                0x000000000800979c                _wcrtomb_r
                0x00000000080097d0                wcrtomb
 .text          0x0000000008009818       0x30 c:/msys64/mingw64/bin/../lib/gcc/arm-none-eabi/10.1.0/../../../../arm-none-eabi/lib/thumb/v7e-m+fp/hard\libg.a(lib_a-wctomb_r.o)
                0x0000000008009818                _wctomb_r
                0x000000000800982c                __ascii_wctomb
 .text          0x0000000008009848       0x10 c:/msys64/mingw64/bin/../lib/gcc/arm-none-eabi/10.1.0/../../../../arm-none-eabi/lib/thumb/v7e-m+fp/hard\libg.a(lib_a-abort.o)
                0x0000000008009848                abort
 .text          0x0000000008009858      0x15c c:/msys64/mingw64/bin/../lib/gcc/arm-none-eabi/10.1.0/../../../../arm-none-eabi/lib/thumb/v7e-m+fp/hard\libg.a(lib_a-signal.o)
                0x0000000008009880                _init_signal_r
                0x000000000800988c                _signal_r
                0x00000000080098c4                _raise_r
                0x000000000800991c                __sigtramp_r
                0x0000000008009970                raise
                0x0000000008009980                signal
                0x0000000008009990                _init_signal
                0x00000000080099a4                __sigtramp
 .text          0x00000000080099b4       0x2c c:/msys64/mingw64/bin/../lib/gcc/arm-none-eabi/10.1.0/../../../../arm-none-eabi/lib/thumb/v7e-m+fp/hard\libg.a(lib_a-signalr.o)
                0x00000000080099b4                _kill_r
                0x00000000080099dc                _getpid_r
 .text          0x00000000080099e0      0x424 c:/msys64/mingw64/bin/../lib/gcc/arm-none-eabi/10.1.0/thumb/v7e-m+fp/hard\libgcc.a(_arm_muldivdf3.o)
                0x00000000080099e0                __aeabi_dmul
                0x00000000080099e0                __muldf3
                0x0000000008009c34                __divdf3
                0x0000000008009c34                __aeabi_ddiv
 .text          0x0000000008009e04      0x110 c:/msys64/mingw64/bin/../lib/gcc/arm-none-eabi/10.1.0/thumb/v7e-m+fp/hard\libgcc.a(_arm_cmpdf2.o)
                0x0000000008009e04                __gtdf2
                0x0000000008009e04                __gedf2
                0x0000000008009e0c                __ltdf2
                0x0000000008009e0c                __ledf2
                0x0000000008009e14                __nedf2
                0x0000000008009e14                __eqdf2
                0x0000000008009e14                __cmpdf2
                0x0000000008009e90                __aeabi_cdrcmple
                0x0000000008009ea0                __aeabi_cdcmpeq
                0x0000000008009ea0                __aeabi_cdcmple
                0x0000000008009eb0                __aeabi_dcmpeq
                0x0000000008009ec4                __aeabi_dcmplt
                0x0000000008009ed8                __aeabi_dcmple
                0x0000000008009eec                __aeabi_dcmpge
                0x0000000008009f00                __aeabi_dcmpgt
 .text          0x0000000008009f14       0x2c c:/msys64/mingw64/bin/../lib/gcc/arm-none-eabi/10.1.0/thumb/v7e-m+fp/hard\libgcc.a(_arm_unorddf2.o)
                0x0000000008009f14                __unorddf2
                0x0000000008009f14                __aeabi_dcmpun
 .text          0x0000000008009f40       0x50 c:/msys64/mingw64/bin/../lib/gcc/arm-none-eabi/10.1.0/thumb/v7e-m+fp/hard\libgcc.a(_arm_fixdfsi.o)
                0x0000000008009f40                __aeabi_d2iz
                0x0000000008009f40                __fixdfsi
 *(.text*)
 .text.__do_global_dtors_aux
                0x0000000008009f90       0x24 c:/msys64/mingw64/bin/../lib/gcc/arm-none-eabi/10.1.0/thumb/v7e-m+fp/hard/crtbegin.o
 .text.frame_dummy
                0x0000000008009fb4       0x1c c:/msys64/mingw64/bin/../lib/gcc/arm-none-eabi/10.1.0/thumb/v7e-m+fp/hard/crtbegin.o
 .text.MX_ADC1_Init
                0x0000000008009fd0       0xa4 CMakeFiles/aaaaaaa.elf.dir/Core/Src/adc.c.obj
                0x0000000008009fd0                MX_ADC1_Init
 .text.MX_ADC3_Init
                0x000000000800a074       0xd0 CMakeFiles/aaaaaaa.elf.dir/Core/Src/adc.c.obj
                0x000000000800a074                MX_ADC3_Init
 .text.HAL_ADC_MspInit
                0x000000000800a144      0x110 CMakeFiles/aaaaaaa.elf.dir/Core/Src/adc.c.obj
                0x000000000800a144                HAL_ADC_MspInit
 .text.MX_DAC1_Init
                0x000000000800a254       0x60 CMakeFiles/aaaaaaa.elf.dir/Core/Src/dac.c.obj
                0x000000000800a254                MX_DAC1_Init
 .text.HAL_DAC_MspInit
                0x000000000800a2b4       0x70 CMakeFiles/aaaaaaa.elf.dir/Core/Src/dac.c.obj
                0x000000000800a2b4                HAL_DAC_MspInit
 .text.MX_FDCAN1_Init
                0x000000000800a324       0x60 CMakeFiles/aaaaaaa.elf.dir/Core/Src/fdcan.c.obj
                0x000000000800a324                MX_FDCAN1_Init
 .text.MX_FDCAN2_Init
                0x000000000800a384       0x60 CMakeFiles/aaaaaaa.elf.dir/Core/Src/fdcan.c.obj
                0x000000000800a384                MX_FDCAN2_Init
 .text.HAL_FDCAN_MspInit
                0x000000000800a3e4      0x128 CMakeFiles/aaaaaaa.elf.dir/Core/Src/fdcan.c.obj
                0x000000000800a3e4                HAL_FDCAN_MspInit
 .text.StartDefaultTask
                0x000000000800a50c       0x14 CMakeFiles/aaaaaaa.elf.dir/Core/Src/freertos.c.obj
                0x000000000800a50c                StartDefaultTask
 .text.SSFunctions_Init
                0x000000000800a520        0xa CMakeFiles/aaaaaaa.elf.dir/Core/Src/freertos.c.obj
                0x000000000800a520                SSFunctions_Init
 .text.DSFunctions_Init
                0x000000000800a52a        0xa CMakeFiles/aaaaaaa.elf.dir/Core/Src/freertos.c.obj
                0x000000000800a52a                DSFunctions_Init
 *fill*         0x000000000800a534        0x4 
 .text.Blink_Init
                0x000000000800a538       0xcc CMakeFiles/aaaaaaa.elf.dir/Core/Src/freertos.c.obj
                0x000000000800a538                Blink_Init
 .text.IDWGTrigger_Init
                0x000000000800a604       0x14 CMakeFiles/aaaaaaa.elf.dir/Core/Src/freertos.c.obj
                0x000000000800a604                IDWGTrigger_Init
 .text.PSFunctions_Init
                0x000000000800a618       0xbc CMakeFiles/aaaaaaa.elf.dir/Core/Src/freertos.c.obj
                0x000000000800a618                PSFunctions_Init
 .text.MX_FREERTOS_Init
                0x000000000800a6d4       0xd0 CMakeFiles/aaaaaaa.elf.dir/Core/Src/freertos.c.obj
                0x000000000800a6d4                MX_FREERTOS_Init
 .text.ADC_ChnlSel
                0x000000000800a7a4       0x4c CMakeFiles/aaaaaaa.elf.dir/Core/Src/freertos.c.obj
                0x000000000800a7a4                ADC_ChnlSel
 .text.ADCPoll_Init
                0x000000000800a7f0       0x5c CMakeFiles/aaaaaaa.elf.dir/Core/Src/freertos.c.obj
                0x000000000800a7f0                ADCPoll_Init
 .text.MX_GPIO_Init
                0x000000000800a84c      0x1b4 CMakeFiles/aaaaaaa.elf.dir/Core/Src/gpio.c.obj
                0x000000000800a84c                MX_GPIO_Init
 .text.MX_I2C2_Init
                0x000000000800aa00       0x58 CMakeFiles/aaaaaaa.elf.dir/Core/Src/i2c.c.obj
                0x000000000800aa00                MX_I2C2_Init
 .text.HAL_I2C_MspInit
                0x000000000800aa58       0x94 CMakeFiles/aaaaaaa.elf.dir/Core/Src/i2c.c.obj
                0x000000000800aa58                HAL_I2C_MspInit
 .text.MX_IWDG1_Init
                0x000000000800aaec       0x2c CMakeFiles/aaaaaaa.elf.dir/Core/Src/iwdg.c.obj
                0x000000000800aaec                MX_IWDG1_Init
 .text.MPU_Config
                0x000000000800ab18       0x74 CMakeFiles/aaaaaaa.elf.dir/Core/Src/main.c.obj
 .text.configureTimerForRunTimeStats
                0x000000000800ab8c       0x18 CMakeFiles/aaaaaaa.elf.dir/Core/Src/main.c.obj
                0x000000000800ab8c                configureTimerForRunTimeStats
 .text.getRunTimeCounterValue
                0x000000000800aba4        0xc CMakeFiles/aaaaaaa.elf.dir/Core/Src/main.c.obj
                0x000000000800aba4                getRunTimeCounterValue
 .text.HAL_TIM_PeriodElapsedCallback
                0x000000000800abb0       0x18 CMakeFiles/aaaaaaa.elf.dir/Core/Src/main.c.obj
                0x000000000800abb0                HAL_TIM_PeriodElapsedCallback
 .text.Error_Handler
                0x000000000800abc8        0x4 CMakeFiles/aaaaaaa.elf.dir/Core/Src/main.c.obj
                0x000000000800abc8                Error_Handler
 .text.SystemClock_Config
                0x000000000800abcc       0xdc CMakeFiles/aaaaaaa.elf.dir/Core/Src/main.c.obj
                0x000000000800abcc                SystemClock_Config
 .text.PeriphCommonClock_Config
                0x000000000800aca8       0x3a CMakeFiles/aaaaaaa.elf.dir/Core/Src/main.c.obj
                0x000000000800aca8                PeriphCommonClock_Config
 *fill*         0x000000000800ace2        0x2 
 .text.main     0x000000000800ace4      0x134 CMakeFiles/aaaaaaa.elf.dir/Core/Src/main.c.obj
                0x000000000800ace4                main
 .text.HAL_MspInit
                0x000000000800ae18       0x34 CMakeFiles/aaaaaaa.elf.dir/Core/Src/stm32h7xx_hal_msp.c.obj
                0x000000000800ae18                HAL_MspInit
 .text.HAL_InitTick
                0x000000000800ae4c       0x90 CMakeFiles/aaaaaaa.elf.dir/Core/Src/stm32h7xx_hal_timebase_tim.c.obj
                0x000000000800ae4c                HAL_InitTick
 .text.NMI_Handler
                0x000000000800aedc        0x2 CMakeFiles/aaaaaaa.elf.dir/Core/Src/stm32h7xx_it.c.obj
                0x000000000800aedc                NMI_Handler
 .text.HardFault_Handler
                0x000000000800aede        0x2 CMakeFiles/aaaaaaa.elf.dir/Core/Src/stm32h7xx_it.c.obj
                0x000000000800aede                HardFault_Handler
 .text.MemManage_Handler
                0x000000000800aee0        0x2 CMakeFiles/aaaaaaa.elf.dir/Core/Src/stm32h7xx_it.c.obj
                0x000000000800aee0                MemManage_Handler
 .text.BusFault_Handler
                0x000000000800aee2        0x2 CMakeFiles/aaaaaaa.elf.dir/Core/Src/stm32h7xx_it.c.obj
                0x000000000800aee2                BusFault_Handler
 .text.UsageFault_Handler
                0x000000000800aee4        0x2 CMakeFiles/aaaaaaa.elf.dir/Core/Src/stm32h7xx_it.c.obj
                0x000000000800aee4                UsageFault_Handler
 .text.DebugMon_Handler
                0x000000000800aee6        0x2 CMakeFiles/aaaaaaa.elf.dir/Core/Src/stm32h7xx_it.c.obj
                0x000000000800aee6                DebugMon_Handler
 .text.ETH_IRQHandler
                0x000000000800aee8       0x10 CMakeFiles/aaaaaaa.elf.dir/Core/Src/stm32h7xx_it.c.obj
                0x000000000800aee8                ETH_IRQHandler
 .text.TIM16_IRQHandler
                0x000000000800aef8       0x1c CMakeFiles/aaaaaaa.elf.dir/Core/Src/stm32h7xx_it.c.obj
                0x000000000800aef8                TIM16_IRQHandler
 .text.TIM17_IRQHandler
                0x000000000800af14       0x10 CMakeFiles/aaaaaaa.elf.dir/Core/Src/stm32h7xx_it.c.obj
                0x000000000800af14                TIM17_IRQHandler
 .text._getpid  0x000000000800af24        0x4 CMakeFiles/aaaaaaa.elf.dir/Core/Src/syscalls.c.obj
                0x000000000800af24                _getpid
 .text._kill    0x000000000800af28       0x10 CMakeFiles/aaaaaaa.elf.dir/Core/Src/syscalls.c.obj
                0x000000000800af28                _kill
 .text._exit    0x000000000800af38        0xc CMakeFiles/aaaaaaa.elf.dir/Core/Src/syscalls.c.obj
                0x000000000800af38                _exit
 .text._read    0x000000000800af44       0x20 CMakeFiles/aaaaaaa.elf.dir/Core/Src/syscalls.c.obj
                0x000000000800af44                _read
 .text._write   0x000000000800af64       0x1c CMakeFiles/aaaaaaa.elf.dir/Core/Src/syscalls.c.obj
                0x000000000800af64                _write
 .text._close   0x000000000800af80        0x6 CMakeFiles/aaaaaaa.elf.dir/Core/Src/syscalls.c.obj
                0x000000000800af80                _close
 .text._fstat   0x000000000800af86        0xa CMakeFiles/aaaaaaa.elf.dir/Core/Src/syscalls.c.obj
                0x000000000800af86                _fstat
 .text._isatty  0x000000000800af90        0x4 CMakeFiles/aaaaaaa.elf.dir/Core/Src/syscalls.c.obj
                0x000000000800af90                _isatty
 .text._lseek   0x000000000800af94        0x4 CMakeFiles/aaaaaaa.elf.dir/Core/Src/syscalls.c.obj
                0x000000000800af94                _lseek
 .text._sbrk    0x000000000800af98       0x4c CMakeFiles/aaaaaaa.elf.dir/Core/Src/sysmem.c.obj
                0x000000000800af98                _sbrk
 .text.SystemInit
                0x000000000800afe4       0xcc CMakeFiles/aaaaaaa.elf.dir/Core/Src/system_stm32h7xx.c.obj
                0x000000000800afe4                SystemInit
 .text.MX_TIM16_Init
                0x000000000800b0b0       0x34 CMakeFiles/aaaaaaa.elf.dir/Core/Src/tim.c.obj
                0x000000000800b0b0                MX_TIM16_Init
 .text.HAL_TIM_PWM_MspInit
                0x000000000800b0e4       0x7c CMakeFiles/aaaaaaa.elf.dir/Core/Src/tim.c.obj
                0x000000000800b0e4                HAL_TIM_PWM_MspInit
 .text.HAL_TIM_Base_MspInit
                0x000000000800b160       0x48 CMakeFiles/aaaaaaa.elf.dir/Core/Src/tim.c.obj
                0x000000000800b160                HAL_TIM_Base_MspInit
 .text.HAL_TIM_MspPostInit
                0x000000000800b1a8       0xd4 CMakeFiles/aaaaaaa.elf.dir/Core/Src/tim.c.obj
                0x000000000800b1a8                HAL_TIM_MspPostInit
 .text.MX_TIM1_Init
                0x000000000800b27c       0xf0 CMakeFiles/aaaaaaa.elf.dir/Core/Src/tim.c.obj
                0x000000000800b27c                MX_TIM1_Init
 .text.MX_TIM2_Init
                0x000000000800b36c       0x98 CMakeFiles/aaaaaaa.elf.dir/Core/Src/tim.c.obj
                0x000000000800b36c                MX_TIM2_Init
 .text.MX_TIM12_Init
                0x000000000800b404       0x6c CMakeFiles/aaaaaaa.elf.dir/Core/Src/tim.c.obj
                0x000000000800b404                MX_TIM12_Init
 .text.MX_UART4_Init
                0x000000000800b470       0x68 CMakeFiles/aaaaaaa.elf.dir/Core/Src/usart.c.obj
                0x000000000800b470                MX_UART4_Init
 .text.MX_UART5_Init
                0x000000000800b4d8       0x68 CMakeFiles/aaaaaaa.elf.dir/Core/Src/usart.c.obj
                0x000000000800b4d8                MX_UART5_Init
 .text.MX_USART2_UART_Init
                0x000000000800b540       0x68 CMakeFiles/aaaaaaa.elf.dir/Core/Src/usart.c.obj
                0x000000000800b540                MX_USART2_UART_Init
 .text.MX_USART3_UART_Init
                0x000000000800b5a8       0x68 CMakeFiles/aaaaaaa.elf.dir/Core/Src/usart.c.obj
                0x000000000800b5a8                MX_USART3_UART_Init
 .text.MX_USART6_UART_Init
                0x000000000800b610       0x68 CMakeFiles/aaaaaaa.elf.dir/Core/Src/usart.c.obj
                0x000000000800b610                MX_USART6_UART_Init
 .text.HAL_UART_MspInit
                0x000000000800b678      0x280 CMakeFiles/aaaaaaa.elf.dir/Core/Src/usart.c.obj
                0x000000000800b678                HAL_UART_MspInit
 .text.MX_USB_OTG_FS_PCD_Init
                0x000000000800b8f8       0x3c CMakeFiles/aaaaaaa.elf.dir/Core/Src/usb_otg.c.obj
                0x000000000800b8f8                MX_USB_OTG_FS_PCD_Init
 .text.HAL_PCD_MspInit
                0x000000000800b934       0xb8 CMakeFiles/aaaaaaa.elf.dir/Core/Src/usb_otg.c.obj
                0x000000000800b934                HAL_PCD_MspInit
 .text.Reset_Handler
                0x000000000800b9ec       0x50 CMakeFiles/aaaaaaa.elf.dir/Core/Startup/startup_stm32h743zitx.s.obj
                0x000000000800b9ec                Reset_Handler
 .text.Default_Handler
                0x000000000800ba3c        0x2 CMakeFiles/aaaaaaa.elf.dir/Core/Startup/startup_stm32h743zitx.s.obj
                0x000000000800ba3c                RTC_Alarm_IRQHandler
                0x000000000800ba3c                EXTI2_IRQHandler
                0x000000000800ba3c                TIM8_CC_IRQHandler
                0x000000000800ba3c                HRTIM1_Master_IRQHandler
                0x000000000800ba3c                UART8_IRQHandler
                0x000000000800ba3c                SPI4_IRQHandler
                0x000000000800ba3c                TIM1_CC_IRQHandler
                0x000000000800ba3c                BDMA_Channel6_IRQHandler
                0x000000000800ba3c                DMA2_Stream5_IRQHandler
                0x000000000800ba3c                HRTIM1_FLT_IRQHandler
                0x000000000800ba3c                JPEG_IRQHandler
                0x000000000800ba3c                DMA1_Stream5_IRQHandler
                0x000000000800ba3c                BDMA_Channel1_IRQHandler
                0x000000000800ba3c                HRTIM1_TIMD_IRQHandler
                0x000000000800ba3c                TAMP_STAMP_IRQHandler
                0x000000000800ba3c                EXTI3_IRQHandler
                0x000000000800ba3c                LPTIM4_IRQHandler
                0x000000000800ba3c                TIM8_TRG_COM_TIM14_IRQHandler
                0x000000000800ba3c                LPTIM2_IRQHandler
                0x000000000800ba3c                DFSDM1_FLT1_IRQHandler
                0x000000000800ba3c                DMAMUX2_OVR_IRQHandler
                0x000000000800ba3c                TIM8_UP_TIM13_IRQHandler
                0x000000000800ba3c                I2C3_ER_IRQHandler
                0x000000000800ba3c                DFSDM1_FLT2_IRQHandler
                0x000000000800ba3c                MDMA_IRQHandler
                0x000000000800ba3c                LPTIM3_IRQHandler
                0x000000000800ba3c                HSEM1_IRQHandler
                0x000000000800ba3c                EXTI0_IRQHandler
                0x000000000800ba3c                I2C2_EV_IRQHandler
                0x000000000800ba3c                DMA1_Stream2_IRQHandler
                0x000000000800ba3c                FPU_IRQHandler
                0x000000000800ba3c                OTG_HS_WKUP_IRQHandler
                0x000000000800ba3c                FDCAN1_IT1_IRQHandler
                0x000000000800ba3c                LTDC_ER_IRQHandler
                0x000000000800ba3c                DMA2_Stream2_IRQHandler
                0x000000000800ba3c                HRTIM1_TIME_IRQHandler
                0x000000000800ba3c                SPI1_IRQHandler
                0x000000000800ba3c                TIM6_DAC_IRQHandler
                0x000000000800ba3c                DCMI_IRQHandler
                0x000000000800ba3c                HRTIM1_TIMC_IRQHandler
                0x000000000800ba3c                DMA2_Stream3_IRQHandler
                0x000000000800ba3c                SAI2_IRQHandler
                0x000000000800ba3c                DFSDM1_FLT3_IRQHandler
                0x000000000800ba3c                USART6_IRQHandler
                0x000000000800ba3c                USART3_IRQHandler
                0x000000000800ba3c                BDMA_Channel7_IRQHandler
                0x000000000800ba3c                LPTIM5_IRQHandler
                0x000000000800ba3c                UART5_IRQHandler
                0x000000000800ba3c                ADC3_IRQHandler
                0x000000000800ba3c                DMA2_Stream0_IRQHandler
                0x000000000800ba3c                TIM4_IRQHandler
                0x000000000800ba3c                BDMA_Channel2_IRQHandler
                0x000000000800ba3c                QUADSPI_IRQHandler
                0x000000000800ba3c                I2C1_EV_IRQHandler
                0x000000000800ba3c                DMA1_Stream6_IRQHandler
                0x000000000800ba3c                DMAMUX1_OVR_IRQHandler
                0x000000000800ba3c                DMA1_Stream1_IRQHandler
                0x000000000800ba3c                UART4_IRQHandler
                0x000000000800ba3c                BDMA_Channel5_IRQHandler
                0x000000000800ba3c                TIM3_IRQHandler
                0x000000000800ba3c                RCC_IRQHandler
                0x000000000800ba3c                TIM8_BRK_TIM12_IRQHandler
                0x000000000800ba3c                TIM1_TRG_COM_IRQHandler
                0x000000000800ba3c                Default_Handler
                0x000000000800ba3c                ECC_IRQHandler
                0x000000000800ba3c                CEC_IRQHandler
                0x000000000800ba3c                EXTI15_10_IRQHandler
                0x000000000800ba3c                BDMA_Channel0_IRQHandler
                0x000000000800ba3c                ADC_IRQHandler
                0x000000000800ba3c                DMA1_Stream7_IRQHandler
                0x000000000800ba3c                HRTIM1_TIMA_IRQHandler
                0x000000000800ba3c                SPI5_IRQHandler
                0x000000000800ba3c                TIM7_IRQHandler
                0x000000000800ba3c                SDMMC1_IRQHandler
                0x000000000800ba3c                TIM5_IRQHandler
                0x000000000800ba3c                DMA2_Stream7_IRQHandler
                0x000000000800ba3c                TIM15_IRQHandler
                0x000000000800ba3c                PVD_AVD_IRQHandler
                0x000000000800ba3c                I2C3_EV_IRQHandler
                0x000000000800ba3c                EXTI9_5_IRQHandler
                0x000000000800ba3c                RTC_WKUP_IRQHandler
                0x000000000800ba3c                LTDC_IRQHandler
                0x000000000800ba3c                SAI3_IRQHandler
                0x000000000800ba3c                ETH_WKUP_IRQHandler
                0x000000000800ba3c                SPDIF_RX_IRQHandler
                0x000000000800ba3c                SPI2_IRQHandler
                0x000000000800ba3c                OTG_HS_EP1_IN_IRQHandler
                0x000000000800ba3c                DMA1_Stream0_IRQHandler
                0x000000000800ba3c                CRS_IRQHandler
                0x000000000800ba3c                EXTI4_IRQHandler
                0x000000000800ba3c                RNG_IRQHandler
                0x000000000800ba3c                HRTIM1_TIMB_IRQHandler
                0x000000000800ba3c                FDCAN2_IT1_IRQHandler
                0x000000000800ba3c                TIM1_UP_IRQHandler
                0x000000000800ba3c                BDMA_Channel4_IRQHandler
                0x000000000800ba3c                OTG_HS_EP1_OUT_IRQHandler
                0x000000000800ba3c                WWDG_IRQHandler
                0x000000000800ba3c                SPI6_IRQHandler
                0x000000000800ba3c                MDIOS_IRQHandler
                0x000000000800ba3c                I2C4_EV_IRQHandler
                0x000000000800ba3c                FDCAN2_IT0_IRQHandler
                0x000000000800ba3c                LPUART1_IRQHandler
                0x000000000800ba3c                FDCAN1_IT0_IRQHandler
                0x000000000800ba3c                TIM2_IRQHandler
                0x000000000800ba3c                OTG_FS_WKUP_IRQHandler
                0x000000000800ba3c                OTG_HS_IRQHandler
                0x000000000800ba3c                DMA2D_IRQHandler
                0x000000000800ba3c                TIM1_BRK_IRQHandler
                0x000000000800ba3c                EXTI1_IRQHandler
                0x000000000800ba3c                SDMMC2_IRQHandler
                0x000000000800ba3c                OTG_FS_EP1_OUT_IRQHandler
                0x000000000800ba3c                BDMA_Channel3_IRQHandler
                0x000000000800ba3c                UART7_IRQHandler
                0x000000000800ba3c                MDIOS_WKUP_IRQHandler
                0x000000000800ba3c                USART2_IRQHandler
                0x000000000800ba3c                DFSDM1_FLT0_IRQHandler
                0x000000000800ba3c                SAI4_IRQHandler
                0x000000000800ba3c                I2C2_ER_IRQHandler
                0x000000000800ba3c                DMA2_Stream1_IRQHandler
                0x000000000800ba3c                FLASH_IRQHandler
                0x000000000800ba3c                DMA2_Stream4_IRQHandler
                0x000000000800ba3c                USART1_IRQHandler
                0x000000000800ba3c                OTG_FS_IRQHandler
                0x000000000800ba3c                SPI3_IRQHandler
                0x000000000800ba3c                WAKEUP_PIN_IRQHandler
                0x000000000800ba3c                DMA1_Stream4_IRQHandler
                0x000000000800ba3c                OTG_FS_EP1_IN_IRQHandler
                0x000000000800ba3c                I2C1_ER_IRQHandler
                0x000000000800ba3c                FMC_IRQHandler
                0x000000000800ba3c                FDCAN_CAL_IRQHandler
                0x000000000800ba3c                SWPMI1_IRQHandler
                0x000000000800ba3c                COMP1_IRQHandler
                0x000000000800ba3c                LPTIM1_IRQHandler
                0x000000000800ba3c                I2C4_ER_IRQHandler
                0x000000000800ba3c                DMA2_Stream6_IRQHandler
                0x000000000800ba3c                SAI1_IRQHandler
                0x000000000800ba3c                DMA1_Stream3_IRQHandler
 .text.LAN8742_RegisterBusIO
                0x000000000800ba3e       0x3e CMakeFiles/aaaaaaa.elf.dir/Drivers/BSP/Components/lan8742/lan8742.c.obj
                0x000000000800ba3e                LAN8742_RegisterBusIO
 .text.LAN8742_Init
                0x000000000800ba7c       0xce CMakeFiles/aaaaaaa.elf.dir/Drivers/BSP/Components/lan8742/lan8742.c.obj
                0x000000000800ba7c                LAN8742_Init
 .text.LAN8742_GetLinkState
                0x000000000800bb4a       0xc2 CMakeFiles/aaaaaaa.elf.dir/Drivers/BSP/Components/lan8742/lan8742.c.obj
                0x000000000800bb4a                LAN8742_GetLinkState
 .text.HAL_Init
                0x000000000800bc0c       0x5c CMakeFiles/aaaaaaa.elf.dir/Drivers/STM32H7xx_HAL_Driver/Src/stm32h7xx_hal.c.obj
                0x000000000800bc0c                HAL_Init
 .text.HAL_IncTick
                0x000000000800bc68       0x18 CMakeFiles/aaaaaaa.elf.dir/Drivers/STM32H7xx_HAL_Driver/Src/stm32h7xx_hal.c.obj
                0x000000000800bc68                HAL_IncTick
 .text.HAL_GetTick
                0x000000000800bc80        0xc CMakeFiles/aaaaaaa.elf.dir/Drivers/STM32H7xx_HAL_Driver/Src/stm32h7xx_hal.c.obj
                0x000000000800bc80                HAL_GetTick
 .text.HAL_Delay
                0x000000000800bc8c       0x28 CMakeFiles/aaaaaaa.elf.dir/Drivers/STM32H7xx_HAL_Driver/Src/stm32h7xx_hal.c.obj
                0x000000000800bc8c                HAL_Delay
 .text.HAL_GetREVID
                0x000000000800bcb4        0xc CMakeFiles/aaaaaaa.elf.dir/Drivers/STM32H7xx_HAL_Driver/Src/stm32h7xx_hal.c.obj
                0x000000000800bcb4                HAL_GetREVID
 .text.HAL_SYSCFG_ETHInterfaceSelect
                0x000000000800bcc0       0x14 CMakeFiles/aaaaaaa.elf.dir/Drivers/STM32H7xx_HAL_Driver/Src/stm32h7xx_hal.c.obj
                0x000000000800bcc0                HAL_SYSCFG_ETHInterfaceSelect
 .text.HAL_SYSCFG_AnalogSwitchConfig
                0x000000000800bcd4       0x14 CMakeFiles/aaaaaaa.elf.dir/Drivers/STM32H7xx_HAL_Driver/Src/stm32h7xx_hal.c.obj
                0x000000000800bcd4                HAL_SYSCFG_AnalogSwitchConfig
 .text.HAL_ADC_PollForConversion
                0x000000000800bce8      0x12c CMakeFiles/aaaaaaa.elf.dir/Drivers/STM32H7xx_HAL_Driver/Src/stm32h7xx_hal_adc.c.obj
                0x000000000800bce8                HAL_ADC_PollForConversion
 .text.HAL_ADC_GetValue
                0x000000000800be14        0x6 CMakeFiles/aaaaaaa.elf.dir/Drivers/STM32H7xx_HAL_Driver/Src/stm32h7xx_hal_adc.c.obj
                0x000000000800be14                HAL_ADC_GetValue
 *fill*         0x000000000800be1a        0x2 
 .text.HAL_ADC_ConfigChannel
                0x000000000800be1c      0x4e8 CMakeFiles/aaaaaaa.elf.dir/Drivers/STM32H7xx_HAL_Driver/Src/stm32h7xx_hal_adc.c.obj
                0x000000000800be1c                HAL_ADC_ConfigChannel
 .text.ADC_ConversionStop
                0x000000000800c304       0xfc CMakeFiles/aaaaaaa.elf.dir/Drivers/STM32H7xx_HAL_Driver/Src/stm32h7xx_hal_adc.c.obj
                0x000000000800c304                ADC_ConversionStop
 .text.ADC_Enable
                0x000000000800c400       0xd4 CMakeFiles/aaaaaaa.elf.dir/Drivers/STM32H7xx_HAL_Driver/Src/stm32h7xx_hal_adc.c.obj
                0x000000000800c400                ADC_Enable
 .text.HAL_ADC_Start
                0x000000000800c4d4      0x110 CMakeFiles/aaaaaaa.elf.dir/Drivers/STM32H7xx_HAL_Driver/Src/stm32h7xx_hal_adc.c.obj
                0x000000000800c4d4                HAL_ADC_Start
 .text.ADC_Disable
                0x000000000800c5e4       0x94 CMakeFiles/aaaaaaa.elf.dir/Drivers/STM32H7xx_HAL_Driver/Src/stm32h7xx_hal_adc.c.obj
                0x000000000800c5e4                ADC_Disable
 .text.HAL_ADC_Stop
                0x000000000800c678       0x44 CMakeFiles/aaaaaaa.elf.dir/Drivers/STM32H7xx_HAL_Driver/Src/stm32h7xx_hal_adc.c.obj
                0x000000000800c678                HAL_ADC_Stop
 .text.ADC_ConfigureBoostMode
                0x000000000800c6bc      0x164 CMakeFiles/aaaaaaa.elf.dir/Drivers/STM32H7xx_HAL_Driver/Src/stm32h7xx_hal_adc.c.obj
                0x000000000800c6bc                ADC_ConfigureBoostMode
 .text.HAL_ADC_Init
                0x000000000800c820      0x264 CMakeFiles/aaaaaaa.elf.dir/Drivers/STM32H7xx_HAL_Driver/Src/stm32h7xx_hal_adc.c.obj
                0x000000000800c820                HAL_ADC_Init
 .text.HAL_ADCEx_Calibration_Start
                0x000000000800ca84       0xa8 CMakeFiles/aaaaaaa.elf.dir/Drivers/STM32H7xx_HAL_Driver/Src/stm32h7xx_hal_adc_ex.c.obj
                0x000000000800ca84                HAL_ADCEx_Calibration_Start
 .text.HAL_ADCEx_MultiModeConfigChannel
                0x000000000800cb2c      0x164 CMakeFiles/aaaaaaa.elf.dir/Drivers/STM32H7xx_HAL_Driver/Src/stm32h7xx_hal_adc_ex.c.obj
                0x000000000800cb2c                HAL_ADCEx_MultiModeConfigChannel
 .text.HAL_NVIC_SetPriorityGrouping
                0x000000000800cc90       0x24 CMakeFiles/aaaaaaa.elf.dir/Drivers/STM32H7xx_HAL_Driver/Src/stm32h7xx_hal_cortex.c.obj
                0x000000000800cc90                HAL_NVIC_SetPriorityGrouping
 .text.HAL_NVIC_SetPriority
                0x000000000800ccb4       0x6c CMakeFiles/aaaaaaa.elf.dir/Drivers/STM32H7xx_HAL_Driver/Src/stm32h7xx_hal_cortex.c.obj
                0x000000000800ccb4                HAL_NVIC_SetPriority
 .text.HAL_NVIC_EnableIRQ
                0x000000000800cd20       0x1c CMakeFiles/aaaaaaa.elf.dir/Drivers/STM32H7xx_HAL_Driver/Src/stm32h7xx_hal_cortex.c.obj
                0x000000000800cd20                HAL_NVIC_EnableIRQ
 .text.HAL_MPU_Disable
                0x000000000800cd3c       0x1c CMakeFiles/aaaaaaa.elf.dir/Drivers/STM32H7xx_HAL_Driver/Src/stm32h7xx_hal_cortex.c.obj
                0x000000000800cd3c                HAL_MPU_Disable
 .text.HAL_MPU_Enable
                0x000000000800cd58       0x20 CMakeFiles/aaaaaaa.elf.dir/Drivers/STM32H7xx_HAL_Driver/Src/stm32h7xx_hal_cortex.c.obj
                0x000000000800cd58                HAL_MPU_Enable
 .text.HAL_MPU_ConfigRegion
                0x000000000800cd78       0x60 CMakeFiles/aaaaaaa.elf.dir/Drivers/STM32H7xx_HAL_Driver/Src/stm32h7xx_hal_cortex.c.obj
                0x000000000800cd78                HAL_MPU_ConfigRegion
 .text.HAL_DAC_Init
                0x000000000800cdd8       0x24 CMakeFiles/aaaaaaa.elf.dir/Drivers/STM32H7xx_HAL_Driver/Src/stm32h7xx_hal_dac.c.obj
                0x000000000800cdd8                HAL_DAC_Init
 .text.HAL_DAC_ConfigChannel
                0x000000000800cdfc      0x15c CMakeFiles/aaaaaaa.elf.dir/Drivers/STM32H7xx_HAL_Driver/Src/stm32h7xx_hal_dac.c.obj
                0x000000000800cdfc                HAL_DAC_ConfigChannel
 .text.ETH_UpdateDescriptor
                0x000000000800cf58       0x98 CMakeFiles/aaaaaaa.elf.dir/Drivers/STM32H7xx_HAL_Driver/Src/stm32h7xx_hal_eth.c.obj
 .text.ETH_SetMACConfig
                0x000000000800cff0      0x1b0 CMakeFiles/aaaaaaa.elf.dir/Drivers/STM32H7xx_HAL_Driver/Src/stm32h7xx_hal_eth.c.obj
 .text.ETH_SetDMAConfig
                0x000000000800d1a0       0xb0 CMakeFiles/aaaaaaa.elf.dir/Drivers/STM32H7xx_HAL_Driver/Src/stm32h7xx_hal_eth.c.obj
 .text.ETH_MACDMAConfig
                0x000000000800d250       0xdc CMakeFiles/aaaaaaa.elf.dir/Drivers/STM32H7xx_HAL_Driver/Src/stm32h7xx_hal_eth.c.obj
 .text.ETH_DMATxDescListInit
                0x000000000800d32c       0x5a CMakeFiles/aaaaaaa.elf.dir/Drivers/STM32H7xx_HAL_Driver/Src/stm32h7xx_hal_eth.c.obj
 .text.ETH_DMARxDescListInit
                0x000000000800d386       0x6c CMakeFiles/aaaaaaa.elf.dir/Drivers/STM32H7xx_HAL_Driver/Src/stm32h7xx_hal_eth.c.obj
 *fill*         0x000000000800d3f2        0x2 
 .text.ETH_Prepare_Tx_Descriptors
                0x000000000800d3f4      0x364 CMakeFiles/aaaaaaa.elf.dir/Drivers/STM32H7xx_HAL_Driver/Src/stm32h7xx_hal_eth.c.obj
 .text.HAL_ETH_Start_IT
                0x000000000800d758       0xbc CMakeFiles/aaaaaaa.elf.dir/Drivers/STM32H7xx_HAL_Driver/Src/stm32h7xx_hal_eth.c.obj
                0x000000000800d758                HAL_ETH_Start_IT
 .text.HAL_ETH_Stop_IT
                0x000000000800d814       0x94 CMakeFiles/aaaaaaa.elf.dir/Drivers/STM32H7xx_HAL_Driver/Src/stm32h7xx_hal_eth.c.obj
                0x000000000800d814                HAL_ETH_Stop_IT
 .text.HAL_ETH_Transmit_IT
                0x000000000800d8a8       0x68 CMakeFiles/aaaaaaa.elf.dir/Drivers/STM32H7xx_HAL_Driver/Src/stm32h7xx_hal_eth.c.obj
                0x000000000800d8a8                HAL_ETH_Transmit_IT
 .text.HAL_ETH_ReadData
                0x000000000800d910       0xfe CMakeFiles/aaaaaaa.elf.dir/Drivers/STM32H7xx_HAL_Driver/Src/stm32h7xx_hal_eth.c.obj
                0x000000000800d910                HAL_ETH_ReadData
 .text.HAL_ETH_ReleaseTxPacket
                0x000000000800da0e       0x5e CMakeFiles/aaaaaaa.elf.dir/Drivers/STM32H7xx_HAL_Driver/Src/stm32h7xx_hal_eth.c.obj
                0x000000000800da0e                HAL_ETH_ReleaseTxPacket
 .text.HAL_ETH_PMTCallback
                0x000000000800da6c        0x2 CMakeFiles/aaaaaaa.elf.dir/Drivers/STM32H7xx_HAL_Driver/Src/stm32h7xx_hal_eth.c.obj
                0x000000000800da6c                HAL_ETH_PMTCallback
 .text.HAL_ETH_EEECallback
                0x000000000800da6e        0x2 CMakeFiles/aaaaaaa.elf.dir/Drivers/STM32H7xx_HAL_Driver/Src/stm32h7xx_hal_eth.c.obj
                0x000000000800da6e                HAL_ETH_EEECallback
 .text.HAL_ETH_WakeUpCallback
                0x000000000800da70        0x2 CMakeFiles/aaaaaaa.elf.dir/Drivers/STM32H7xx_HAL_Driver/Src/stm32h7xx_hal_eth.c.obj
                0x000000000800da70                HAL_ETH_WakeUpCallback
 .text.HAL_ETH_IRQHandler
                0x000000000800da72      0x18c CMakeFiles/aaaaaaa.elf.dir/Drivers/STM32H7xx_HAL_Driver/Src/stm32h7xx_hal_eth.c.obj
                0x000000000800da72                HAL_ETH_IRQHandler
 .text.HAL_ETH_ReadPHYRegister
                0x000000000800dbfe       0x60 CMakeFiles/aaaaaaa.elf.dir/Drivers/STM32H7xx_HAL_Driver/Src/stm32h7xx_hal_eth.c.obj
                0x000000000800dbfe                HAL_ETH_ReadPHYRegister
 *fill*         0x000000000800dc5e        0x2 
 .text.HAL_ETH_WritePHYRegister
                0x000000000800dc60       0x68 CMakeFiles/aaaaaaa.elf.dir/Drivers/STM32H7xx_HAL_Driver/Src/stm32h7xx_hal_eth.c.obj
                0x000000000800dc60                HAL_ETH_WritePHYRegister
 .text.HAL_ETH_GetMACConfig
                0x000000000800dcc8      0x1e6 CMakeFiles/aaaaaaa.elf.dir/Drivers/STM32H7xx_HAL_Driver/Src/stm32h7xx_hal_eth.c.obj
                0x000000000800dcc8                HAL_ETH_GetMACConfig
 .text.HAL_ETH_SetMACConfig
                0x000000000800deae       0x1c CMakeFiles/aaaaaaa.elf.dir/Drivers/STM32H7xx_HAL_Driver/Src/stm32h7xx_hal_eth.c.obj
                0x000000000800deae                HAL_ETH_SetMACConfig
 *fill*         0x000000000800deca        0x2 
 .text.HAL_ETH_SetMDIOClockRange
                0x000000000800decc       0x78 CMakeFiles/aaaaaaa.elf.dir/Drivers/STM32H7xx_HAL_Driver/Src/stm32h7xx_hal_eth.c.obj
                0x000000000800decc                HAL_ETH_SetMDIOClockRange
 .text.HAL_ETH_Init
                0x000000000800df44      0x14c CMakeFiles/aaaaaaa.elf.dir/Drivers/STM32H7xx_HAL_Driver/Src/stm32h7xx_hal_eth.c.obj
                0x000000000800df44                HAL_ETH_Init
 .text.HAL_ETH_GetDMAError
                0x000000000800e090        0x6 CMakeFiles/aaaaaaa.elf.dir/Drivers/STM32H7xx_HAL_Driver/Src/stm32h7xx_hal_eth.c.obj
                0x000000000800e090                HAL_ETH_GetDMAError
 *fill*         0x000000000800e096        0x2 
 .text.FDCAN_CalcultateRamBlockAddresses
                0x000000000800e098      0x1d4 CMakeFiles/aaaaaaa.elf.dir/Drivers/STM32H7xx_HAL_Driver/Src/stm32h7xx_hal_fdcan.c.obj
 .text.HAL_FDCAN_Init
                0x000000000800e26c      0x294 CMakeFiles/aaaaaaa.elf.dir/Drivers/STM32H7xx_HAL_Driver/Src/stm32h7xx_hal_fdcan.c.obj
                0x000000000800e26c                HAL_FDCAN_Init
 .text.HAL_GPIO_Init
                0x000000000800e500      0x220 CMakeFiles/aaaaaaa.elf.dir/Drivers/STM32H7xx_HAL_Driver/Src/stm32h7xx_hal_gpio.c.obj
                0x000000000800e500                HAL_GPIO_Init
 .text.HAL_GPIO_WritePin
                0x000000000800e720        0xc CMakeFiles/aaaaaaa.elf.dir/Drivers/STM32H7xx_HAL_Driver/Src/stm32h7xx_hal_gpio.c.obj
                0x000000000800e720                HAL_GPIO_WritePin
 .text.HAL_I2C_Init
                0x000000000800e72c       0xbc CMakeFiles/aaaaaaa.elf.dir/Drivers/STM32H7xx_HAL_Driver/Src/stm32h7xx_hal_i2c.c.obj
                0x000000000800e72c                HAL_I2C_Init
 .text.HAL_I2CEx_ConfigAnalogFilter
                0x000000000800e7e8       0x5c CMakeFiles/aaaaaaa.elf.dir/Drivers/STM32H7xx_HAL_Driver/Src/stm32h7xx_hal_i2c_ex.c.obj
                0x000000000800e7e8                HAL_I2CEx_ConfigAnalogFilter
 .text.HAL_I2CEx_ConfigDigitalFilter
                0x000000000800e844       0x58 CMakeFiles/aaaaaaa.elf.dir/Drivers/STM32H7xx_HAL_Driver/Src/stm32h7xx_hal_i2c_ex.c.obj
                0x000000000800e844                HAL_I2CEx_ConfigDigitalFilter
 .text.HAL_IWDG_Init
                0x000000000800e89c       0x68 CMakeFiles/aaaaaaa.elf.dir/Drivers/STM32H7xx_HAL_Driver/Src/stm32h7xx_hal_iwdg.c.obj
                0x000000000800e89c                HAL_IWDG_Init
 .text.HAL_IWDG_Refresh
                0x000000000800e904        0xc CMakeFiles/aaaaaaa.elf.dir/Drivers/STM32H7xx_HAL_Driver/Src/stm32h7xx_hal_iwdg.c.obj
                0x000000000800e904                HAL_IWDG_Refresh
 .text.HAL_PCD_Init
                0x000000000800e910      0x13c CMakeFiles/aaaaaaa.elf.dir/Drivers/STM32H7xx_HAL_Driver/Src/stm32h7xx_hal_pcd.c.obj
                0x000000000800e910                HAL_PCD_Init
 .text.HAL_PCDEx_ActivateLPM
                0x000000000800ea4c       0x28 CMakeFiles/aaaaaaa.elf.dir/Drivers/STM32H7xx_HAL_Driver/Src/stm32h7xx_hal_pcd_ex.c.obj
                0x000000000800ea4c                HAL_PCDEx_ActivateLPM
 .text.HAL_PWREx_ConfigSupply
                0x000000000800ea74       0x54 CMakeFiles/aaaaaaa.elf.dir/Drivers/STM32H7xx_HAL_Driver/Src/stm32h7xx_hal_pwr_ex.c.obj
                0x000000000800ea74                HAL_PWREx_ConfigSupply
 .text.HAL_PWREx_EnableUSBVoltageDetector
                0x000000000800eac8       0x10 CMakeFiles/aaaaaaa.elf.dir/Drivers/STM32H7xx_HAL_Driver/Src/stm32h7xx_hal_pwr_ex.c.obj
                0x000000000800eac8                HAL_PWREx_EnableUSBVoltageDetector
 .text.HAL_RCC_OscConfig
                0x000000000800ead8      0x674 CMakeFiles/aaaaaaa.elf.dir/Drivers/STM32H7xx_HAL_Driver/Src/stm32h7xx_hal_rcc.c.obj
                0x000000000800ead8                HAL_RCC_OscConfig
 .text.HAL_RCC_GetSysClockFreq
                0x000000000800f14c      0x1f4 CMakeFiles/aaaaaaa.elf.dir/Drivers/STM32H7xx_HAL_Driver/Src/stm32h7xx_hal_rcc.c.obj
                0x000000000800f14c                HAL_RCC_GetSysClockFreq
 .text.HAL_RCC_ClockConfig
                0x000000000800f340      0x294 CMakeFiles/aaaaaaa.elf.dir/Drivers/STM32H7xx_HAL_Driver/Src/stm32h7xx_hal_rcc.c.obj
                0x000000000800f340                HAL_RCC_ClockConfig
 .text.HAL_RCC_GetHCLKFreq
                0x000000000800f5d4       0x44 CMakeFiles/aaaaaaa.elf.dir/Drivers/STM32H7xx_HAL_Driver/Src/stm32h7xx_hal_rcc.c.obj
                0x000000000800f5d4                HAL_RCC_GetHCLKFreq
 .text.HAL_RCC_GetPCLK1Freq
                0x000000000800f618       0x24 CMakeFiles/aaaaaaa.elf.dir/Drivers/STM32H7xx_HAL_Driver/Src/stm32h7xx_hal_rcc.c.obj
                0x000000000800f618                HAL_RCC_GetPCLK1Freq
 .text.HAL_RCC_GetPCLK2Freq
                0x000000000800f63c       0x24 CMakeFiles/aaaaaaa.elf.dir/Drivers/STM32H7xx_HAL_Driver/Src/stm32h7xx_hal_rcc.c.obj
                0x000000000800f63c                HAL_RCC_GetPCLK2Freq
 .text.HAL_RCC_GetClockConfig
                0x000000000800f660       0x54 CMakeFiles/aaaaaaa.elf.dir/Drivers/STM32H7xx_HAL_Driver/Src/stm32h7xx_hal_rcc.c.obj
                0x000000000800f660                HAL_RCC_GetClockConfig
 .text.RCCEx_PLL2_Config
                0x000000000800f6b4      0x10c CMakeFiles/aaaaaaa.elf.dir/Drivers/STM32H7xx_HAL_Driver/Src/stm32h7xx_hal_rcc_ex.c.obj
 .text.RCCEx_PLL3_Config
                0x000000000800f7c0      0x10c CMakeFiles/aaaaaaa.elf.dir/Drivers/STM32H7xx_HAL_Driver/Src/stm32h7xx_hal_rcc_ex.c.obj
 .text.HAL_RCCEx_PeriphCLKConfig
                0x000000000800f8cc      0x9c4 CMakeFiles/aaaaaaa.elf.dir/Drivers/STM32H7xx_HAL_Driver/Src/stm32h7xx_hal_rcc_ex.c.obj
                0x000000000800f8cc                HAL_RCCEx_PeriphCLKConfig
 .text.HAL_RCCEx_GetD3PCLK1Freq
                0x0000000008010290       0x24 CMakeFiles/aaaaaaa.elf.dir/Drivers/STM32H7xx_HAL_Driver/Src/stm32h7xx_hal_rcc_ex.c.obj
                0x0000000008010290                HAL_RCCEx_GetD3PCLK1Freq
 .text.HAL_RCCEx_GetPLL2ClockFreq
                0x00000000080102b4      0x1f8 CMakeFiles/aaaaaaa.elf.dir/Drivers/STM32H7xx_HAL_Driver/Src/stm32h7xx_hal_rcc_ex.c.obj
                0x00000000080102b4                HAL_RCCEx_GetPLL2ClockFreq
 .text.HAL_RCCEx_GetPLL3ClockFreq
                0x00000000080104ac      0x1f8 CMakeFiles/aaaaaaa.elf.dir/Drivers/STM32H7xx_HAL_Driver/Src/stm32h7xx_hal_rcc_ex.c.obj
                0x00000000080104ac                HAL_RCCEx_GetPLL3ClockFreq
 .text.HAL_RCCEx_GetPLL1ClockFreq
                0x00000000080106a4      0x1f8 CMakeFiles/aaaaaaa.elf.dir/Drivers/STM32H7xx_HAL_Driver/Src/stm32h7xx_hal_rcc_ex.c.obj
                0x00000000080106a4                HAL_RCCEx_GetPLL1ClockFreq
 .text.HAL_RCCEx_GetPeriphCLKFreq
                0x000000000801089c      0x614 CMakeFiles/aaaaaaa.elf.dir/Drivers/STM32H7xx_HAL_Driver/Src/stm32h7xx_hal_rcc_ex.c.obj
                0x000000000801089c                HAL_RCCEx_GetPeriphCLKFreq
 .text.TIM_OC1_SetConfig
                0x0000000008010eb0       0xa8 CMakeFiles/aaaaaaa.elf.dir/Drivers/STM32H7xx_HAL_Driver/Src/stm32h7xx_hal_tim.c.obj
 .text.TIM_OC3_SetConfig
                0x0000000008010f58       0x94 CMakeFiles/aaaaaaa.elf.dir/Drivers/STM32H7xx_HAL_Driver/Src/stm32h7xx_hal_tim.c.obj
 .text.TIM_OC4_SetConfig
                0x0000000008010fec       0x74 CMakeFiles/aaaaaaa.elf.dir/Drivers/STM32H7xx_HAL_Driver/Src/stm32h7xx_hal_tim.c.obj
 .text.TIM_OC5_SetConfig
                0x0000000008011060       0x74 CMakeFiles/aaaaaaa.elf.dir/Drivers/STM32H7xx_HAL_Driver/Src/stm32h7xx_hal_tim.c.obj
 .text.TIM_OC6_SetConfig
                0x00000000080110d4       0x74 CMakeFiles/aaaaaaa.elf.dir/Drivers/STM32H7xx_HAL_Driver/Src/stm32h7xx_hal_tim.c.obj
 .text.HAL_TIM_Base_Start_IT
                0x0000000008011148       0x90 CMakeFiles/aaaaaaa.elf.dir/Drivers/STM32H7xx_HAL_Driver/Src/stm32h7xx_hal_tim.c.obj
                0x0000000008011148                HAL_TIM_Base_Start_IT
 .text.HAL_TIM_OC_DelayElapsedCallback
                0x00000000080111d8        0x2 CMakeFiles/aaaaaaa.elf.dir/Drivers/STM32H7xx_HAL_Driver/Src/stm32h7xx_hal_tim.c.obj
                0x00000000080111d8                HAL_TIM_OC_DelayElapsedCallback
 .text.HAL_TIM_IC_CaptureCallback
                0x00000000080111da        0x2 CMakeFiles/aaaaaaa.elf.dir/Drivers/STM32H7xx_HAL_Driver/Src/stm32h7xx_hal_tim.c.obj
                0x00000000080111da                HAL_TIM_IC_CaptureCallback
 .text.HAL_TIM_PWM_PulseFinishedCallback
                0x00000000080111dc        0x2 CMakeFiles/aaaaaaa.elf.dir/Drivers/STM32H7xx_HAL_Driver/Src/stm32h7xx_hal_tim.c.obj
                0x00000000080111dc                HAL_TIM_PWM_PulseFinishedCallback
 .text.HAL_TIM_TriggerCallback
                0x00000000080111de        0x2 CMakeFiles/aaaaaaa.elf.dir/Drivers/STM32H7xx_HAL_Driver/Src/stm32h7xx_hal_tim.c.obj
                0x00000000080111de                HAL_TIM_TriggerCallback
 .text.HAL_TIM_IRQHandler
                0x00000000080111e0      0x19a CMakeFiles/aaaaaaa.elf.dir/Drivers/STM32H7xx_HAL_Driver/Src/stm32h7xx_hal_tim.c.obj
                0x00000000080111e0                HAL_TIM_IRQHandler
 *fill*         0x000000000801137a        0x2 
 .text.TIM_Base_SetConfig
                0x000000000801137c      0x104 CMakeFiles/aaaaaaa.elf.dir/Drivers/STM32H7xx_HAL_Driver/Src/stm32h7xx_hal_tim.c.obj
                0x000000000801137c                TIM_Base_SetConfig
 .text.HAL_TIM_Base_Init
                0x0000000008011480       0x60 CMakeFiles/aaaaaaa.elf.dir/Drivers/STM32H7xx_HAL_Driver/Src/stm32h7xx_hal_tim.c.obj
                0x0000000008011480                HAL_TIM_Base_Init
 .text.HAL_TIM_PWM_Init
                0x00000000080114e0       0x60 CMakeFiles/aaaaaaa.elf.dir/Drivers/STM32H7xx_HAL_Driver/Src/stm32h7xx_hal_tim.c.obj
                0x00000000080114e0                HAL_TIM_PWM_Init
 .text.TIM_OC2_SetConfig
                0x0000000008011540       0x94 CMakeFiles/aaaaaaa.elf.dir/Drivers/STM32H7xx_HAL_Driver/Src/stm32h7xx_hal_tim.c.obj
                0x0000000008011540                TIM_OC2_SetConfig
 .text.HAL_TIM_PWM_ConfigChannel
                0x00000000080115d4      0x13a CMakeFiles/aaaaaaa.elf.dir/Drivers/STM32H7xx_HAL_Driver/Src/stm32h7xx_hal_tim.c.obj
                0x00000000080115d4                HAL_TIM_PWM_ConfigChannel
 .text.TIM_CCxChannelCmd
                0x000000000801170e       0x1e CMakeFiles/aaaaaaa.elf.dir/Drivers/STM32H7xx_HAL_Driver/Src/stm32h7xx_hal_tim.c.obj
                0x000000000801170e                TIM_CCxChannelCmd
 .text.HAL_TIM_PWM_Start
                0x000000000801172c      0x168 CMakeFiles/aaaaaaa.elf.dir/Drivers/STM32H7xx_HAL_Driver/Src/stm32h7xx_hal_tim.c.obj
                0x000000000801172c                HAL_TIM_PWM_Start
 .text.HAL_TIMEx_MasterConfigSynchronization
                0x0000000008011894       0xa0 CMakeFiles/aaaaaaa.elf.dir/Drivers/STM32H7xx_HAL_Driver/Src/stm32h7xx_hal_tim_ex.c.obj
                0x0000000008011894                HAL_TIMEx_MasterConfigSynchronization
 .text.HAL_TIMEx_ConfigBreakDeadTime
                0x0000000008011934       0x90 CMakeFiles/aaaaaaa.elf.dir/Drivers/STM32H7xx_HAL_Driver/Src/stm32h7xx_hal_tim_ex.c.obj
                0x0000000008011934                HAL_TIMEx_ConfigBreakDeadTime
 .text.HAL_TIMEx_CommutCallback
                0x00000000080119c4        0x2 CMakeFiles/aaaaaaa.elf.dir/Drivers/STM32H7xx_HAL_Driver/Src/stm32h7xx_hal_tim_ex.c.obj
                0x00000000080119c4                HAL_TIMEx_CommutCallback
 .text.HAL_TIMEx_BreakCallback
                0x00000000080119c6        0x2 CMakeFiles/aaaaaaa.elf.dir/Drivers/STM32H7xx_HAL_Driver/Src/stm32h7xx_hal_tim_ex.c.obj
                0x00000000080119c6                HAL_TIMEx_BreakCallback
 .text.HAL_TIMEx_Break2Callback
                0x00000000080119c8        0x2 CMakeFiles/aaaaaaa.elf.dir/Drivers/STM32H7xx_HAL_Driver/Src/stm32h7xx_hal_tim_ex.c.obj
                0x00000000080119c8                HAL_TIMEx_Break2Callback
 *fill*         0x00000000080119ca        0x2 
 .text.UART_SetConfig
                0x00000000080119cc      0x5f4 CMakeFiles/aaaaaaa.elf.dir/Drivers/STM32H7xx_HAL_Driver/Src/stm32h7xx_hal_uart.c.obj
                0x00000000080119cc                UART_SetConfig
 .text.UART_AdvFeatureConfig
                0x0000000008011fc0       0xca CMakeFiles/aaaaaaa.elf.dir/Drivers/STM32H7xx_HAL_Driver/Src/stm32h7xx_hal_uart.c.obj
                0x0000000008011fc0                UART_AdvFeatureConfig
 .text.UART_WaitOnFlagUntilTimeout
                0x000000000801208a       0xdc CMakeFiles/aaaaaaa.elf.dir/Drivers/STM32H7xx_HAL_Driver/Src/stm32h7xx_hal_uart.c.obj
                0x000000000801208a                UART_WaitOnFlagUntilTimeout
 .text.HAL_UART_Transmit
                0x0000000008012166       0xda CMakeFiles/aaaaaaa.elf.dir/Drivers/STM32H7xx_HAL_Driver/Src/stm32h7xx_hal_uart.c.obj
                0x0000000008012166                HAL_UART_Transmit
 .text.UART_CheckIdleState
                0x0000000008012240       0x74 CMakeFiles/aaaaaaa.elf.dir/Drivers/STM32H7xx_HAL_Driver/Src/stm32h7xx_hal_uart.c.obj
                0x0000000008012240                UART_CheckIdleState
 .text.HAL_UART_Init
                0x00000000080122b4       0x66 CMakeFiles/aaaaaaa.elf.dir/Drivers/STM32H7xx_HAL_Driver/Src/stm32h7xx_hal_uart.c.obj
                0x00000000080122b4                HAL_UART_Init
 *fill*         0x000000000801231a        0x2 
 .text.UARTEx_SetNbDataToProcess
                0x000000000801231c       0x4c CMakeFiles/aaaaaaa.elf.dir/Drivers/STM32H7xx_HAL_Driver/Src/stm32h7xx_hal_uart_ex.c.obj
 .text.HAL_UARTEx_DisableFifoMode
                0x0000000008012368       0x3e CMakeFiles/aaaaaaa.elf.dir/Drivers/STM32H7xx_HAL_Driver/Src/stm32h7xx_hal_uart_ex.c.obj
                0x0000000008012368                HAL_UARTEx_DisableFifoMode
 .text.HAL_UARTEx_SetTxFifoThreshold
                0x00000000080123a6       0x4a CMakeFiles/aaaaaaa.elf.dir/Drivers/STM32H7xx_HAL_Driver/Src/stm32h7xx_hal_uart_ex.c.obj
                0x00000000080123a6                HAL_UARTEx_SetTxFifoThreshold
 .text.HAL_UARTEx_SetRxFifoThreshold
                0x00000000080123f0       0x4a CMakeFiles/aaaaaaa.elf.dir/Drivers/STM32H7xx_HAL_Driver/Src/stm32h7xx_hal_uart_ex.c.obj
                0x00000000080123f0                HAL_UARTEx_SetRxFifoThreshold
 *fill*         0x000000000801243a        0x2 
 .text.USB_CoreReset
                0x000000000801243c       0x50 CMakeFiles/aaaaaaa.elf.dir/Drivers/STM32H7xx_HAL_Driver/Src/stm32h7xx_ll_usb.c.obj
 .text.USB_CoreInit
                0x000000000801248c       0x9c CMakeFiles/aaaaaaa.elf.dir/Drivers/STM32H7xx_HAL_Driver/Src/stm32h7xx_ll_usb.c.obj
                0x000000000801248c                USB_CoreInit
 .text.USB_DisableGlobalInt
                0x0000000008012528        0xc CMakeFiles/aaaaaaa.elf.dir/Drivers/STM32H7xx_HAL_Driver/Src/stm32h7xx_ll_usb.c.obj
                0x0000000008012528                USB_DisableGlobalInt
 .text.USB_FlushTxFifo
                0x0000000008012534       0x50 CMakeFiles/aaaaaaa.elf.dir/Drivers/STM32H7xx_HAL_Driver/Src/stm32h7xx_ll_usb.c.obj
                0x0000000008012534                USB_FlushTxFifo
 .text.USB_FlushRxFifo
                0x0000000008012584       0x4c CMakeFiles/aaaaaaa.elf.dir/Drivers/STM32H7xx_HAL_Driver/Src/stm32h7xx_ll_usb.c.obj
                0x0000000008012584                USB_FlushRxFifo
 .text.USB_SetDevSpeed
                0x00000000080125d0        0xe CMakeFiles/aaaaaaa.elf.dir/Drivers/STM32H7xx_HAL_Driver/Src/stm32h7xx_ll_usb.c.obj
                0x00000000080125d0                USB_SetDevSpeed
 *fill*         0x00000000080125de        0x2 
 .text.USB_DevInit
                0x00000000080125e0      0x188 CMakeFiles/aaaaaaa.elf.dir/Drivers/STM32H7xx_HAL_Driver/Src/stm32h7xx_ll_usb.c.obj
                0x00000000080125e0                USB_DevInit
 .text.USB_DevDisconnect
                0x0000000008012768       0x1c CMakeFiles/aaaaaaa.elf.dir/Drivers/STM32H7xx_HAL_Driver/Src/stm32h7xx_ll_usb.c.obj
                0x0000000008012768                USB_DevDisconnect
 .text.USB_GetMode
                0x0000000008012784        0x8 CMakeFiles/aaaaaaa.elf.dir/Drivers/STM32H7xx_HAL_Driver/Src/stm32h7xx_ll_usb.c.obj
                0x0000000008012784                USB_GetMode
 .text.USB_SetCurrentMode
                0x000000000801278c       0x62 CMakeFiles/aaaaaaa.elf.dir/Drivers/STM32H7xx_HAL_Driver/Src/stm32h7xx_ll_usb.c.obj
                0x000000000801278c                USB_SetCurrentMode
 *fill*         0x00000000080127ee        0x2 
 .text.MSGReceive
                0x00000000080127f0       0x38 CMakeFiles/aaaaaaa.elf.dir/JAVELIBS/src/MSGHandler.c.obj
                0x00000000080127f0                MSGReceive
 .text.setPower
                0x0000000008012828       0x70 CMakeFiles/aaaaaaa.elf.dir/JAVELIBS/src/TraxxasESC.c.obj
                0x0000000008012828                setPower
 .text.revsereLockout_clear
                0x0000000008012898       0x4c CMakeFiles/aaaaaaa.elf.dir/JAVELIBS/src/TraxxasESC.c.obj
                0x0000000008012898                revsereLockout_clear
 .text.tcp_thread
                0x00000000080128e4      0x128 CMakeFiles/aaaaaaa.elf.dir/JAVELIBS/src/tcpserver.c.obj
 .text.tcpserver_init
                0x0000000008012a0c       0x24 CMakeFiles/aaaaaaa.elf.dir/JAVELIBS/src/tcpserver.c.obj
                0x0000000008012a0c                tcpserver_init
 .text.ethernet_link_status_updated
                0x0000000008012a30        0x2 CMakeFiles/aaaaaaa.elf.dir/LWIP/App/lwip.c.obj
 *fill*         0x0000000008012a32        0x2 
 .text.MX_LWIP_Init
                0x0000000008012a34      0x158 CMakeFiles/aaaaaaa.elf.dir/LWIP/App/lwip.c.obj
                0x0000000008012a34                MX_LWIP_Init
 .text.ETH_PHY_IO_DeInit
                0x0000000008012b8c        0x4 CMakeFiles/aaaaaaa.elf.dir/LWIP/Target/ethernetif.c.obj
                0x0000000008012b8c                ETH_PHY_IO_DeInit
 .text.low_level_input
                0x0000000008012b90       0x28 CMakeFiles/aaaaaaa.elf.dir/LWIP/Target/ethernetif.c.obj
 .text.ethernetif_input
                0x0000000008012bb8       0x3c CMakeFiles/aaaaaaa.elf.dir/LWIP/Target/ethernetif.c.obj
                0x0000000008012bb8                ethernetif_input
 .text.low_level_output
                0x0000000008012bf4       0xc0 CMakeFiles/aaaaaaa.elf.dir/LWIP/Target/ethernetif.c.obj
 .text.low_level_init
                0x0000000008012cb4      0x1b0 CMakeFiles/aaaaaaa.elf.dir/LWIP/Target/ethernetif.c.obj
 .text.pbuf_free_custom
                0x0000000008012e64       0x30 CMakeFiles/aaaaaaa.elf.dir/LWIP/Target/ethernetif.c.obj
                0x0000000008012e64                pbuf_free_custom
 .text.ETH_PHY_IO_GetTick
                0x0000000008012e94        0x8 CMakeFiles/aaaaaaa.elf.dir/LWIP/Target/ethernetif.c.obj
                0x0000000008012e94                ETH_PHY_IO_GetTick
 .text.ETH_PHY_IO_Init
                0x0000000008012e9c       0x10 CMakeFiles/aaaaaaa.elf.dir/LWIP/Target/ethernetif.c.obj
                0x0000000008012e9c                ETH_PHY_IO_Init
 .text.ETH_PHY_IO_ReadReg
                0x0000000008012eac       0x1c CMakeFiles/aaaaaaa.elf.dir/LWIP/Target/ethernetif.c.obj
                0x0000000008012eac                ETH_PHY_IO_ReadReg
 .text.ETH_PHY_IO_WriteReg
                0x0000000008012ec8       0x1c CMakeFiles/aaaaaaa.elf.dir/LWIP/Target/ethernetif.c.obj
                0x0000000008012ec8                ETH_PHY_IO_WriteReg
 .text.HAL_ETH_RxCpltCallback
                0x0000000008012ee4       0x10 CMakeFiles/aaaaaaa.elf.dir/LWIP/Target/ethernetif.c.obj
                0x0000000008012ee4                HAL_ETH_RxCpltCallback
 .text.HAL_ETH_TxCpltCallback
                0x0000000008012ef4       0x10 CMakeFiles/aaaaaaa.elf.dir/LWIP/Target/ethernetif.c.obj
                0x0000000008012ef4                HAL_ETH_TxCpltCallback
 .text.HAL_ETH_ErrorCallback
                0x0000000008012f04       0x1c CMakeFiles/aaaaaaa.elf.dir/LWIP/Target/ethernetif.c.obj
                0x0000000008012f04                HAL_ETH_ErrorCallback
 .text.ethernetif_init
                0x0000000008012f20       0x48 CMakeFiles/aaaaaaa.elf.dir/LWIP/Target/ethernetif.c.obj
                0x0000000008012f20                ethernetif_init
 .text.sys_now  0x0000000008012f68        0x8 CMakeFiles/aaaaaaa.elf.dir/LWIP/Target/ethernetif.c.obj
                0x0000000008012f68                sys_now
 .text.HAL_ETH_MspInit
                0x0000000008012f70      0x14c CMakeFiles/aaaaaaa.elf.dir/LWIP/Target/ethernetif.c.obj
                0x0000000008012f70                HAL_ETH_MspInit
 .text.ethernet_link_thread
                0x00000000080130bc       0xd8 CMakeFiles/aaaaaaa.elf.dir/LWIP/Target/ethernetif.c.obj
                0x00000000080130bc                ethernet_link_thread
 .text.HAL_ETH_RxAllocateCallback
                0x0000000008013194       0x4c CMakeFiles/aaaaaaa.elf.dir/LWIP/Target/ethernetif.c.obj
                0x0000000008013194                HAL_ETH_RxAllocateCallback
 .text.HAL_ETH_RxLinkCallback
                0x00000000080131e0       0x60 CMakeFiles/aaaaaaa.elf.dir/LWIP/Target/ethernetif.c.obj
                0x00000000080131e0                HAL_ETH_RxLinkCallback
 .text.HAL_ETH_TxFreeCallback
                0x0000000008013240        0x8 CMakeFiles/aaaaaaa.elf.dir/LWIP/Target/ethernetif.c.obj
                0x0000000008013240                HAL_ETH_TxFreeCallback
 .text.SysTick_Handler
                0x0000000008013248       0x18 CMakeFiles/aaaaaaa.elf.dir/Middlewares/Third_Party/FreeRTOS/Source/CMSIS_RTOS_V2/cmsis_os2.c.obj
                0x0000000008013248                SysTick_Handler
 .text.osKernelInitialize
                0x0000000008013260       0x24 CMakeFiles/aaaaaaa.elf.dir/Middlewares/Third_Party/FreeRTOS/Source/CMSIS_RTOS_V2/cmsis_os2.c.obj
                0x0000000008013260                osKernelInitialize
 .text.osKernelStart
                0x0000000008013284       0x38 CMakeFiles/aaaaaaa.elf.dir/Middlewares/Third_Party/FreeRTOS/Source/CMSIS_RTOS_V2/cmsis_os2.c.obj
                0x0000000008013284                osKernelStart
 .text.osKernelGetTickCount
                0x00000000080132bc       0x14 CMakeFiles/aaaaaaa.elf.dir/Middlewares/Third_Party/FreeRTOS/Source/CMSIS_RTOS_V2/cmsis_os2.c.obj
                0x00000000080132bc                osKernelGetTickCount
 .text.osThreadNew
                0x00000000080132d0       0xbe CMakeFiles/aaaaaaa.elf.dir/Middlewares/Third_Party/FreeRTOS/Source/CMSIS_RTOS_V2/cmsis_os2.c.obj
                0x00000000080132d0                osThreadNew
 .text.osDelay  0x000000000801338e       0x1c CMakeFiles/aaaaaaa.elf.dir/Middlewares/Third_Party/FreeRTOS/Source/CMSIS_RTOS_V2/cmsis_os2.c.obj
                0x000000000801338e                osDelay
 .text.osMutexNew
                0x00000000080133aa       0x9c CMakeFiles/aaaaaaa.elf.dir/Middlewares/Third_Party/FreeRTOS/Source/CMSIS_RTOS_V2/cmsis_os2.c.obj
                0x00000000080133aa                osMutexNew
 .text.osMutexAcquire
                0x0000000008013446       0x58 CMakeFiles/aaaaaaa.elf.dir/Middlewares/Third_Party/FreeRTOS/Source/CMSIS_RTOS_V2/cmsis_os2.c.obj
                0x0000000008013446                osMutexAcquire
 .text.osMutexRelease
                0x000000000801349e       0x4c CMakeFiles/aaaaaaa.elf.dir/Middlewares/Third_Party/FreeRTOS/Source/CMSIS_RTOS_V2/cmsis_os2.c.obj
                0x000000000801349e                osMutexRelease
 .text.osSemaphoreNew
                0x00000000080134ea       0xb8 CMakeFiles/aaaaaaa.elf.dir/Middlewares/Third_Party/FreeRTOS/Source/CMSIS_RTOS_V2/cmsis_os2.c.obj
                0x00000000080134ea                osSemaphoreNew
 .text.osSemaphoreAcquire
                0x00000000080135a2       0x68 CMakeFiles/aaaaaaa.elf.dir/Middlewares/Third_Party/FreeRTOS/Source/CMSIS_RTOS_V2/cmsis_os2.c.obj
                0x00000000080135a2                osSemaphoreAcquire
 .text.osSemaphoreRelease
                0x000000000801360a       0x5e CMakeFiles/aaaaaaa.elf.dir/Middlewares/Third_Party/FreeRTOS/Source/CMSIS_RTOS_V2/cmsis_os2.c.obj
                0x000000000801360a                osSemaphoreRelease
 .text.osSemaphoreDelete
                0x0000000008013668       0x26 CMakeFiles/aaaaaaa.elf.dir/Middlewares/Third_Party/FreeRTOS/Source/CMSIS_RTOS_V2/cmsis_os2.c.obj
                0x0000000008013668                osSemaphoreDelete
 .text.osMessageQueueNew
                0x000000000801368e       0x98 CMakeFiles/aaaaaaa.elf.dir/Middlewares/Third_Party/FreeRTOS/Source/CMSIS_RTOS_V2/cmsis_os2.c.obj
                0x000000000801368e                osMessageQueueNew
 .text.osMessageQueuePut
                0x0000000008013726       0x80 CMakeFiles/aaaaaaa.elf.dir/Middlewares/Third_Party/FreeRTOS/Source/CMSIS_RTOS_V2/cmsis_os2.c.obj
                0x0000000008013726                osMessageQueuePut
 .text.osMessageQueueGet
                0x00000000080137a6       0x7e CMakeFiles/aaaaaaa.elf.dir/Middlewares/Third_Party/FreeRTOS/Source/CMSIS_RTOS_V2/cmsis_os2.c.obj
                0x00000000080137a6                osMessageQueueGet
 .text.osMessageQueueGetCount
                0x0000000008013824       0x1a CMakeFiles/aaaaaaa.elf.dir/Middlewares/Third_Party/FreeRTOS/Source/CMSIS_RTOS_V2/cmsis_os2.c.obj
                0x0000000008013824                osMessageQueueGetCount
 .text.osMessageQueueDelete